Font: _courB14 (Latin-1-bdf-sources/courB14.bdf)
Declared name: -Adobe-Courier-Bold-R-Normal--20-140-100-100-M-110-ISO10646-1
Declared family: courier
Declared weight: bold
Declared size: 20
Matching characters: 64
Height: 17
Baseline: 13
Max width: 11
Fixed width: True

Char: 32 (space), width: 11
  .           .
  .           .
  .           .
  .           .
  .           .
  .           .
  .           .
  .           .
  .           .
  .           .
  .           .
  .           .
  _           _
  .           .
  .           .
  .           .
  .           .

Char: 33 (exclam), width: 11
  .           .
  .###        .
  .###        .
  .###        .
  .###        .
  .###        .
  .###        .
  .##         .
  .##         .
  .##         .
  .           .
  .##         .
  _##         _
  .           .
  .           .
  .           .
  .           .

Char: 34 (quotedbl), width: 11
  .           .
  .##  ##     .
  .##  ##     .
  .##  ##     .
  .##  ##     .
  .#   #      .
  .#   #      .
  .           .
  .           .
  .           .
  .           .
  .           .
  _           _
  .           .
  .           .
  .           .
  .           .

Char: 35 (numbersign), width: 11
  .  ## ##    .
  .  ## ##    .
  .  ## ##    .
  .  ## ##    .
  .########   .
  .########   .
  . ## ##     .
  . ## ##     .
  .########   .
  .########   .
  . ## ##     .
  . ## ##     .
  _ ## ##     _
  . ## ##     .
  .           .
  .           .
  .           .

Char: 36 (dollar), width: 11
  .   ##      .
  .   ##      .
  .  ######   .
  . #######   .
  .##    ##   .
  .##         .
  .####       .
  . ######    .
  .    ####   .
  .      ##   .
  .##   ###   .
  .#######    .
  _######     _
  .   ##      .
  .   ##      .
  .           .
  .           .

Char: 37 (percent), width: 11
  .           .
  . ###       .
  .## ##      .
  .#   #      .
  .## ##      .
  . ###  ##   .
  .    ###    .
  . ####      .
  .##  ###    .
  .   ## ##   .
  .   #   #   .
  .   ## ##   .
  _    ###    _
  .           .
  .           .
  .           .
  .           .

Char: 38 (ampersand), width: 11
  .           .
  .           .
  .           .
  .  ####     .
  . ######    .
  . ##  ##    .
  . ##        .
  .  ##       .
  . #### ##   .
  .########   .
  .##  ###    .
  .########   .
  _ #### ##   _
  .           .
  .           .
  .           .
  .           .

Char: 39 (quotesingle), width: 11
  .           .
  .##         .
  .##         .
  .##         .
  .##         .
  .#          .
  .#          .
  .           .
  .           .
  .           .
  .           .
  .           .
  _           _
  .           .
  .           .
  .           .
  .           .

Char: 40 (parenleft), width: 11
  .           .
  .  ##       .
  .  ##       .
  . ##        .
  . ##        .
  .##         .
  .##         .
  .##         .
  .##         .
  .##         .
  .##         .
  .##         .
  _ ##        _
  . ##        .
  .  ##       .
  .  ##       .
  .           .

Char: 41 (parenright), width: 11
  .           .
  .##         .
  .##         .
  . ##        .
  . ##        .
  .  ##       .
  .  ##       .
  .  ##       .
  .  ##       .
  .  ##       .
  .  ##       .
  .  ##       .
  _ ##        _
  . ##        .
  .##         .
  .##         .
  .           .

Char: 42 (asterisk), width: 11
  .           .
  .   ##      .
  .   ##      .
  .########   .
  .########   .
  .   ##      .
  . ######    .
  .###  ###   .
  . #    #    .
  .           .
  .           .
  .           .
  _           _
  .           .
  .           .
  .           .
  .           .

Char: 43 (plus), width: 11
  .           .
  .           .
  .           .
  .    ##     .
  .    ##     .
  .    ##     .
  .    ##     .
  .########## .
  .########## .
  .    ##     .
  .    ##     .
  .    ##     .
  _    ##     _
  .           .
  .           .
  .           .
  .           .

Char: 44 (comma), width: 11
  .           .
  .           .
  .           .
  .           .
  .           .
  .           .
  .           .
  .           .
  .           .
  .           .
  .           .
  .  ##       .
  _  ##       _
  . ##        .
  . #         .
  .#          .
  .           .

Char: 45 (hyphen), width: 11
  .           .
  .           .
  .           .
  .           .
  .           .
  .           .
  .           .
  .########   .
  .########   .
  .           .
  .           .
  .           .
  _           _
  .           .
  .           .
  .           .
  .           .

Char: 46 (period), width: 11
  .           .
  .           .
  .           .
  .           .
  .           .
  .           .
  .           .
  .           .
  .           .
  .           .
  .           .
  .##         .
  _##         _
  .           .
  .           .
  .           .
  .           .

Char: 47 (slash), width: 11
  .       ##  .
  .       ##  .
  .      ##   .
  .      ##   .
  .     ##    .
  .     ##    .
  .    ##     .
  .    ##     .
  .   ##      .
  .   ##      .
  .  ##       .
  .  ##       .
  _ ##        _
  . ##        .
  .##         .
  .##         .
  .           .

Char: 48 (zero), width: 11
  .           .
  .  ####     .
  . ######    .
  . ##  ##    .
  .##    ##   .
  .##    ##   .
  .##    ##   .
  .##    ##   .
  .##    ##   .
  .##    ##   .
  . ##  ##    .
  . ######    .
  _  ####     _
  .           .
  .           .
  .           .
  .           .

Char: 49 (one), width: 11
  .           .
  .   ##      .
  .#####      .
  .#####      .
  .   ##      .
  .   ##      .
  .   ##      .
  .   ##      .
  .   ##      .
  .   ##      .
  .   ##      .
  .########   .
  _########   _
  .           .
  .           .
  .           .
  .           .

Char: 50 (two), width: 11
  .           .
  .  ####     .
  . ######    .
  .##   ###   .
  .##    ##   .
  .      ##   .
  .     ###   .
  .    ###    .
  .   ###     .
  .  ###      .
  . ###       .
  .########   .
  _########   _
  .           .
  .           .
  .           .
  .           .

Char: 51 (three), width: 11
  .           .
  .  ####     .
  . ######    .
  . ##  ##    .
  .     ##    .
  .    ###    .
  .  ####     .
  .  #####    .
  .     ###   .
  .      ##   .
  .##   ###   .
  .#######    .
  _ #####     _
  .           .
  .           .
  .           .
  .           .

Char: 52 (four), width: 11
  .           .
  .    ###    .
  .   ####    .
  .  #####    .
  .  ## ##    .
  . ##  ##    .
  . ##  ##    .
  .##   ##    .
  .########   .
  .########   .
  .     ##    .
  .   #####   .
  _   #####   _
  .           .
  .           .
  .           .
  .           .

Char: 53 (five), width: 11
  .           .
  . #######   .
  . #######   .
  . ##        .
  . ##        .
  . ######    .
  . #######   .
  . ##  ###   .
  .      ##   .
  .      ##   .
  .##   ###   .
  .#######    .
  _ #####     _
  .           .
  .           .
  .           .
  .           .

Char: 54 (six), width: 11
  .           .
  .    ####   .
  .  ######   .
  . ###       .
  . ##        .
  .## ###     .
  .#######    .
  .###  ###   .
  .##    ##   .
  .##    ##   .
  .###  ###   .
  . ######    .
  _  ####     _
  .           .
  .           .
  .           .
  .           .

Char: 55 (seven), width: 11
  .           .
  .########   .
  .########   .
  .##    ##   .
  .     ##    .
  .     ##    .
  .     ##    .
  .    ##     .
  .    ##     .
  .    ##     .
  .   ##      .
  .   ##      .
  _   ##      _
  .           .
  .           .
  .           .
  .           .

Char: 56 (eight), width: 11
  .           .
  .  ####     .
  . ######    .
  .###  ###   .
  .##    ##   .
  . ##  ##    .
  .  ####     .
  . ######    .
  .###  ###   .
  .##    ##   .
  .###  ###   .
  . ######    .
  _  ####     _
  .           .
  .           .
  .           .
  .           .

Char: 57 (nine), width: 11
  .           .
  .  ####     .
  . ######    .
  .##    ##   .
  .##    ##   .
  .##    ##   .
  .##   ###   .
  . #######   .
  .  ### ##   .
  .      ##   .
  .     ##    .
  .#######    .
  _#####      _
  .           .
  .           .
  .           .
  .           .

Char: 58 (colon), width: 11
  .           .
  .           .
  .           .
  .           .
  .           .
  .##         .
  .##         .
  .           .
  .           .
  .           .
  .           .
  .##         .
  _##         _
  .           .
  .           .
  .           .
  .           .

Char: 59 (semicolon), width: 11
  .           .
  .           .
  .           .
  .           .
  .           .
  .  ##       .
  .  ##       .
  .           .
  .           .
  .           .
  .           .
  .  ##       .
  _  ##       _
  . ##        .
  . #         .
  .#          .
  .           .

Char: 60 (less), width: 11
  .           .
  .           .
  .           .
  .       ##  .
  .     ####  .
  .   ####    .
  . ####      .
  .###        .
  . ####      .
  .   ####    .
  .     ####  .
  .       ##  .
  _           _
  .           .
  .           .
  .           .
  .           .

Char: 61 (equal), width: 11
  .           .
  .           .
  .           .
  .           .
  .           .
  .########## .
  .########## .
  .           .
  .           .
  .########## .
  .########## .
  .           .
  _           _
  .           .
  .           .
  .           .
  .           .

Char: 62 (greater), width: 11
  .           .
  .           .
  .           .
  .##         .
  .####       .
  .  ####     .
  .    ####   .
  .      ###  .
  .    ####   .
  .  ####     .
  .####       .
  .##         .
  _           _
  .           .
  .           .
  .           .
  .           .

Char: 63 (question), width: 11
  .           .
  .           .
  . #####     .
  .#######    .
  .##   ##    .
  .     ##    .
  .    ###    .
  .  ####     .
  .  ##       .
  .  ##       .
  .           .
  .  ##       .
  _  ##       _
  .           .
  .           .
  .           .
  .           .

Char: 64 (at), width: 11
  .           .
  .  ####     .
  . ##  ##    .
  .##    ##   .
  .##  ####   .
  .## ## ##   .
  .## ## ##   .
  .## ## ##   .
  .## ## ##   .
  .##  #####  .
  .##         .
  .##         .
  _ ##   ##   _
  .  #####    .
  .           .
  .           .
  .           .

Char: 65 (A), width: 11
  .           .
  .           .
  .  #####    .
  .  ######   .
  .    ####   .
  .   ##  ##  .
  .   ##  ##  .
  .   ##  ##  .
  .  ######## .
  .  ######## .
  .  ##    ## .
  .#####  ####.
  _#####  ####_
  .           .
  .           .
  .           .
  .           .

Char: 66 (B), width: 11
  .           .
  .           .
  .#######    .
  .########   .
  .  ##   ##  .
  .  ##   ##  .
  .  ######   .
  .  #######  .
  .  ##    ## .
  .  ##    ## .
  .  ##    ## .
  .#########  .
  _########   _
  .           .
  .           .
  .           .
  .           .

Char: 67 (C), width: 11
  .           .
  .           .
  .   #### ## .
  . ######### .
  . ###   ### .
  .###     ## .
  .##         .
  .##         .
  .##         .
  .###        .
  . ###    ## .
  . ######### .
  _   #####   _
  .           .
  .           .
  .           .
  .           .

Char: 68 (D), width: 11
  .           .
  .           .
  .#######    .
  .#########  .
  . ##   ###  .
  . ##    ### .
  . ##     ## .
  . ##     ## .
  . ##     ## .
  . ##    ### .
  . ##   ###  .
  .#########  .
  _#######    _
  .           .
  .           .
  .           .
  .           .

Char: 69 (E), width: 11
  .           .
  .           .
  .########## .
  .########## .
  .  ##    ## .
  .  ## ## ## .
  .  #####    .
  .  #####    .
  .  ## ##    .
  .  ##    ## .
  .  ##    ## .
  .########## .
  _########## _
  .           .
  .           .
  .           .
  .           .

Char: 70 (F), width: 11
  .           .
  .           .
  .########## .
  .########## .
  .  ##    ## .
  .  ## ## ## .
  .  #####    .
  .  #####    .
  .  ## ##    .
  .  ##       .
  .  ##       .
  .#######    .
  _#######    _
  .           .
  .           .
  .           .
  .           .

Char: 71 (G), width: 11
  .           .
  .           .
  .   #### ## .
  . ######### .
  . ###   ### .
  .###     ## .
  .##         .
  .##         .
  .##   ######.
  .###  ######.
  . ###    ## .
  . ######### .
  _   ######  _
  .           .
  .           .
  .           .
  .           .

Char: 72 (H), width: 11
  .           .
  .           .
  .####  #### .
  .####  #### .
  . ##    ##  .
  . ##    ##  .
  . ########  .
  . ########  .
  . ##    ##  .
  . ##    ##  .
  . ##    ##  .
  .####  #### .
  _####  #### _
  .           .
  .           .
  .           .
  .           .

Char: 73 (I), width: 11
  .           .
  .           .
  .########   .
  .########   .
  .   ##      .
  .   ##      .
  .   ##      .
  .   ##      .
  .   ##      .
  .   ##      .
  .   ##      .
  .########   .
  _########   _
  .           .
  .           .
  .           .
  .           .

Char: 74 (J), width: 11
  .           .
  .           .
  .   ####### .
  .   ####### .
  .      ##   .
  .      ##   .
  .      ##   .
  .      ##   .
  .##    ##   .
  .##    ##   .
  .##    ##   .
  .#######    .
  _  ####     _
  .           .
  .           .
  .           .
  .           .

Char: 75 (K), width: 11
  .           .
  .           .
  .#### ##### .
  .#### ##### .
  . ##   ##   .
  . ##  ##    .
  . ## ##     .
  . #####     .
  . ######    .
  . ##  ###   .
  . ##   ###  .
  .#####  ####.
  _#####  ####_
  .           .
  .           .
  .           .
  .           .

Char: 76 (L), width: 11
  .           .
  .           .
  .######     .
  .######     .
  .  ##       .
  .  ##       .
  .  ##       .
  .  ##       .
  .  ##    ## .
  .  ##    ## .
  .  ##    ## .
  .########## .
  _########## _
  .           .
  .           .
  .           .
  .           .

Char: 77 (M), width: 11
  .           .
  .           .
  .###    ### .
  .###    ### .
  . ###  ###  .
  . ###  ###  .
  . ########  .
  . ## ## ##  .
  . ## ## ##  .
  . ## ## ##  .
  . ##    ##  .
  .####  #### .
  _####  #### _
  .           .
  .           .
  .           .
  .           .

Char: 78 (N), width: 11
  .           .
  .           .
  .###  ##### .
  .#### ##### .
  . ###   ##  .
  . ####  ##  .
  . ## #  ##  .
  . ## ## ##  .
  . ##  # ##  .
  . ##  ####  .
  . ##   ###  .
  .##### ###  .
  _#####  ##  _
  .           .
  .           .
  .           .
  .           .

Char: 79 (O), width: 11
  .           .
  .           .
  .   ####    .
  . ########  .
  . ###  ###  .
  .###    ### .
  .##      ## .
  .##      ## .
  .##      ## .
  .###    ### .
  . ###  ###  .
  . ########  .
  _   ####    _
  .           .
  .           .
  .           .
  .           .

Char: 80 (P), width: 11
  .           .
  .           .
  .########   .
  .#########  .
  . ##    ### .
  . ##     ## .
  . ##    ### .
  . ########  .
  . #######   .
  . ##        .
  . ##        .
  .######     .
  _######     _
  .           .
  .           .
  .           .
  .           .

Char: 81 (Q), width: 11
  .           .
  .           .
  .   ####    .
  . ########  .
  . ###  ###  .
  .###    ### .
  .##      ## .
  .##      ## .
  .##      ## .
  .###    ### .
  . ###  ###  .
  . ########  .
  _   ####  # _
  .  ######## .
  .  ##  ###  .
  .           .
  .           .

Char: 82 (R), width: 11
  .           .
  .           .
  .########   .
  .#########  .
  . ##    ### .
  . ##     ## .
  . ##    ### .
  . ########  .
  . #######   .
  . ##   ###  .
  . ##    ### .
  .######  ###.
  _######  ###_
  .           .
  .           .
  .           .
  .           .

Char: 83 (S), width: 11
  .           .
  .           .
  .  #### ##  .
  .#########  .
  .##    ###  .
  .##     ##  .
  .#####      .
  . #######   .
  .    #####  .
  .##     ##  .
  .###    ##  .
  .########   .
  _## ####    _
  .           .
  .           .
  .           .
  .           .

Char: 84 (T), width: 11
  .           .
  .           .
  .########## .
  .########## .
  .##  ##  ## .
  .##  ##  ## .
  .##  ##  ## .
  .    ##     .
  .    ##     .
  .    ##     .
  .    ##     .
  . ########  .
  _ ########  _
  .           .
  .           .
  .           .
  .           .

Char: 85 (U), width: 11
  .           .
  .           .
  .#### ##### .
  .#### ##### .
  . ##    ##  .
  . ##    ##  .
  . ##    ##  .
  . ##    ##  .
  . ##    ##  .
  . ##    ##  .
  . ###  ###  .
  .  ######   .
  _   ####    _
  .           .
  .           .
  .           .
  .           .

Char: 86 (V), width: 11
  .           .
  .           .
  .#####  ####.
  .#####  ####.
  . ##      ##.
  . ##      ##.
  .  ##    ## .
  .  ##    ## .
  .   ##  ##  .
  .   ##  ##  .
  .    ####   .
  .    ####   .
  _     ##    _
  .           .
  .           .
  .           .
  .           .

Char: 87 (W), width: 11
  .           .
  .           .
  .#####  ####.
  .#####  ####.
  . ##      ##.
  . ##  ##  ##.
  . ##  ##  ##.
  . ## #### ##.
  . ## #### ##.
  .  ###  ### .
  .  ###  ### .
  .  ##    ## .
  _  ##    ## _
  .           .
  .           .
  .           .
  .           .

Char: 88 (X), width: 11
  .           .
  .           .
  .####  #### .
  .####  #### .
  . ##    ##  .
  .  ##  ##   .
  .   ####    .
  .    ##     .
  .   ####    .
  .  ##  ##   .
  . ##    ##  .
  .####  #### .
  _####  #### _
  .           .
  .           .
  .           .
  .           .

Char: 89 (Y), width: 11
  .           .
  .           .
  .####  #### .
  .####  #### .
  . ##    ##  .
  .  ##  ##   .
  .  ######   .
  .   ####    .
  .    ##     .
  .    ##     .
  .    ##     .
  .  ######   .
  _  ######   _
  .           .
  .           .
  .           .
  .           .

Char: 90 (Z), width: 11
  .           .
  .           .
  .########   .
  .########   .
  .##   ###   .
  .##  ###    .
  .    ##     .
  .   ##      .
  .  ##       .
  . ###  ##   .
  .###   ##   .
  .########   .
  _########   _
  .           .
  .           .
  .           .
  .           .

Char: 91 (bracketleft), width: 11
  .           .
  .####       .
  .####       .
  .##         .
  .##         .
  .##         .
  .##         .
  .##         .
  .##         .
  .##         .
  .##         .
  .##         .
  _##         _
  .##         .
  .####       .
  .####       .
  .           .

Char: 92 (backslash), width: 11
  .##         .
  .##         .
  . ##        .
  . ##        .
  .  ##       .
  .  ##       .
  .   ##      .
  .   ##      .
  .    ##     .
  .    ##     .
  .     ##    .
  .     ##    .
  _      ##   _
  .      ##   .
  .       ##  .
  .       ##  .
  .           .

Char: 93 (bracketright), width: 11
  .           .
  .####       .
  .####       .
  .  ##       .
  .  ##       .
  .  ##       .
  .  ##       .
  .  ##       .
  .  ##       .
  .  ##       .
  .  ##       .
  .  ##       .
  _  ##       _
  .  ##       .
  .####       .
  .####       .
  .           .

Char: 94 (asciicircum), width: 11
  .           .
  .   ##      .
  .  ####     .
  .  ####     .
  . ##  ##    .
  . ##  ##    .
  .##    ##   .
  .##    ##   .
  .           .
  .           .
  .           .
  .           .
  _           _
  .           .
  .           .
  .           .
  .           .

Char: 95 (underscore), width: 11
  .           .
  .           .
  .           .
  .           .
  .           .
  .           .
  .           .
  .           .
  .           .
  .           .
  .           .
  .           .
  _           _
  .           .
  .           .
  .###########.
  .###########.
