Font: _open_iconic_weather_1x (Symbols-bdf-sources/open_iconic_weather_1x.bdf)
Declared name: "open_iconic_weather_1x"
Declared family: None
Declared weight: None
Declared size: None
Matching characters: 6
Height: 8
Baseline: 8
Max width: 8
Fixed width: True

Char: 64 (/home/kraus/git/open-iconic/png/cloud.png), width: 8
  .        .
  .   ###  .
  .  ##### .
  . ###### .
  .########.
  .########.
  . #######.
  _        _

Char: 65 (/home/kraus/git/open-iconic/png/cloudy.png), width: 8
  . ###    .
  .###     .
  .## ###  .
  .  ##### .
  . ###### .
  .########.
  .########.
  _ #######_

Char: 66 (/home/kraus/git/open-iconic/png/moon.png), width: 8
  .        .
  . ##     .
  .###     .
  .###     .
  .####    .
  .####### .
  . ###### .
  _   ##   _

Char: 67 (/home/kraus/git/open-iconic/png/rain.png), width: 8
  .   ###  .
  .  ##### .
  . ###### .
  .########.
  .##   ###.
  .   #   #.
  . # # #  .
  _ # # #  _

Char: 68 (/home/kraus/git/open-iconic/png/star.png), width: 8
  .        .
  .        .
  .   ##   .
  . ###### .
  .  ####  .
  .  ####  .
  .  #  #  .
  _        _

Char: 69 (/home/kraus/git/open-iconic/png/sun.png), width: 8
  .        .
  . #    # .
  .   ##   .
  .  ####  .
  .  ####  .
  .   ##   .
  . #    # .
  _        _
