Font: _open_iconic_arrow_6x (Symbols-bdf-sources/open_iconic_arrow_6x.bdf)
Declared name: "open_iconic_arrow_6x"
Declared family: None
Declared weight: None
Declared size: None
Matching characters: 28
Height: 48
Baseline: 48
Max width: 48
Fixed width: True

Char: 64 (/home/kraus/git/open-iconic/png/arrow-bottom-6x.png), width: 48
  .                  ######                        .
  .                  ######                        .
  .                  ######                        .
  .                  ######                        .
  .                  ######                        .
  .                  ######                        .
  .                  ######                        .
  .                  ######                        .
  .                  ######                        .
  .                  ######                        .
  .                  ######                        .
  .                  ######                        .
  .                  ######                        .
  .                  ######                        .
  .                  ######                        .
  .                  ######                        .
  .                  ######                        .
  .                  ######                        .
  .                  ######                        .
  .                  ######                        .
  .                  ######                        .
  .                  ######                        .
  .                  ######                        .
  .                  ######                        .
  .                  ######                        .
  .                  ######                        .
  .                  ######                        .
  .                  ######                        .
  .                  ######                        .
  .                  ######                        .
  .      ##############################            .
  .       ############################             .
  .        ##########################              .
  .         ########################               .
  .          ######################                .
  .           ####################                 .
  .           ####################                 .
  .            ##################                  .
  .             ################                   .
  .              ##############                    .
  .               ############                     .
  .                ###########                     .
  .                 #########                      .
  .                 ########                       .
  .                  ######                        .
  .                   ####                         .
  .                    ##                          .
  _                     #                          _

Char: 65 (/home/kraus/git/open-iconic/png/arrow-left-6x.png), width: 48
  .                                                .
  .                                                .
  .                                                .
  .                                                .
  .                                                .
  .                                                .
  .                 #                              .
  .                ##                              .
  .               ###                              .
  .              ####                              .
  .             #####                              .
  .           #######                              .
  .          ########                              .
  .         #########                              .
  .        ##########                              .
  .       ###########                              .
  .      ############                              .
  .    ##############                              .
  .   #############################################.
  .  ##############################################.
  . ###############################################.
  .################################################.
  .  ##############################################.
  .   #############################################.
  .    ##############                              .
  .     #############                              .
  .      ############                              .
  .        ##########                              .
  .         #########                              .
  .          ########                              .
  .           #######                              .
  .             #####                              .
  .              ####                              .
  .               ###                              .
  .                ##                              .
  .                 #                              .
  .                                                .
  .                                                .
  .                                                .
  .                                                .
  .                                                .
  .                                                .
  .                                                .
  .                                                .
  .                                                .
  .                                                .
  .                                                .
  _                                                _

Char: 66 (/home/kraus/git/open-iconic/png/arrow-right-6x.png), width: 48
  .                                                .
  .                                                .
  .                                                .
  .                                                .
  .                                                .
  .                                                .
  .                              #                 .
  .                              ##                .
  .                              ###               .
  .                              ####              .
  .                              #####             .
  .                              #######           .
  .                              ########          .
  .                              #########         .
  .                              ##########        .
  .                              ############      .
  .                              #############     .
  .                              ##############    .
  .#############################################   .
  .##############################################  .
  .################################################.
  .############################################### .
  .##############################################  .
  .#############################################   .
  .                              ##############    .
  .                              ############      .
  .                              ###########       .
  .                              ##########        .
  .                              #########         .
  .                              ########          .
  .                              #######           .
  .                              #####             .
  .                              ####              .
  .                              ###               .
  .                              ##                .
  .                              #                 .
  .                                                .
  .                                                .
  .                                                .
  .                                                .
  .                                                .
  .                                                .
  .                                                .
  .                                                .
  .                                                .
  .                                                .
  .                                                .
  _                                                _

Char: 67 (/home/kraus/git/open-iconic/png/arrow-top-6x.png), width: 48
  .                    #                           .
  .                    ##                          .
  .                   ####                         .
  .                  ######                        .
  .                 ########                       .
  .                #########                       .
  .               ###########                      .
  .               ############                     .
  .              ##############                    .
  .             ################                   .
  .            ##################                  .
  .           ####################                 .
  .           ####################                 .
  .          ######################                .
  .         ########################               .
  .        ##########################              .
  .       ############################             .
  .      ##############################            .
  .                  ######                        .
  .                  ######                        .
  .                  ######                        .
  .                  ######                        .
  .                  ######                        .
  .                  ######                        .
  .                  ######                        .
  .                  ######                        .
  .                  ######                        .
  .                  ######                        .
  .                  ######                        .
  .                  ######                        .
  .                  ######                        .
  .                  ######                        .
  .                  ######                        .
  .                  ######                        .
  .                  ######                        .
  .                  ######                        .
  .                  ######                        .
  .                  ######                        .
  .                  ######                        .
  .                  ######                        .
  .                  ######                        .
  .                  ######                        .
  .                  ######                        .
  .                  ######                        .
  .                  ######                        .
  .                  ######                        .
  .                  ######                        .
  _                  ######                        _

Char: 68 (/home/kraus/git/open-iconic/png/arrow-circle-bottom-6x.png), width: 48
  .                   ##########                   .
  .                ################                .
  .             ######################             .
  .            ########################            .
  .          ############################          .
  .         ##############################         .
  .        ##########            ##########        .
  .       ###########            ###########       .
  .      ############            ############      .
  .     #############            #############     .
  .    ##############            ##############    .
  .    ##############            ##############    .
  .   ###############            ###############   .
  .  ################            ################  .
  .  ################            ################  .
  .  ################            ################  .
  . #################            ################# .
  . #################            ################# .
  . #################            ################# .
  .##################            ##################.
  .##################            ##################.
  .##################            ##################.
  .##################            ##################.
  .##################            ##################.
  .######                                    ######.
  .#######                                  #######.
  .########                                ########.
  .#########                              #########.
  .##########                            ##########.
  . ##########                          ########## .
  . ###########                        ########### .
  . ############                      ############ .
  .  ############                    ############  .
  .  #############                  #############  .
  .  ##############                ##############  .
  .   ##############              ##############   .
  .    ##############            ##############    .
  .    ###############          ###############    .
  .     ###############        ###############     .
  .      ###############      ###############      .
  .       ###############    ###############       .
  .        ###############  ###############        .
  .         ##############################         .
  .          ############################          .
  .            ########################            .
  .             ######################             .
  .                ################                .
  _                   ##########                   _

Char: 69 (/home/kraus/git/open-iconic/png/arrow-circle-left-6x.png), width: 48
  .                   ##########                   .
  .                ################                .
  .             ######################             .
  .            ########################            .
  .          ############################          .
  .         ##############################         .
  .        ############### ################        .
  .       ###############  #################       .
  .      ###############   ##################      .
  .     ###############    ###################     .
  .    ###############     ####################    .
  .    ##############      ####################    .
  .   ##############       #####################   .
  .  ##############        ######################  .
  .  #############         ######################  .
  .  ############          ######################  .
  . ############           ####################### .
  . ###########            ####################### .
  . ##########                               ##### .
  .##########                                ######.
  .#########                                 ######.
  .########                                  ######.
  .#######                                   ######.
  .######                                    ######.
  .######                                    ######.
  .#######                                   ######.
  .########                                  ######.
  .#########                                 ######.
  .##########                                ######.
  . ##########                               ##### .
  . ###########            ####################### .
  . ############           ####################### .
  .  ############          ######################  .
  .  #############         ######################  .
  .  ##############        ######################  .
  .   ##############       #####################   .
  .    ##############      ####################    .
  .    ###############     ####################    .
  .     ###############    ###################     .
  .      ###############   ##################      .
  .       ###############  #################       .
  .        ############### ################        .
  .         ##############################         .
  .          ############################          .
  .            ########################            .
  .             ######################             .
  .                ################                .
  _                   ##########                   _

Char: 70 (/home/kraus/git/open-iconic/png/arrow-circle-right-6x.png), width: 48
  .                   ##########                   .
  .                ################                .
  .             ######################             .
  .            ########################            .
  .          ############################          .
  .         ##############################         .
  .        ################ ###############        .
  .       #################  ###############       .
  .      ##################   ###############      .
  .     ###################    ###############     .
  .    ####################     ###############    .
  .    ####################      ##############    .
  .   #####################       ##############   .
  .  ######################        ##############  .
  .  ######################         #############  .
  .  ######################          ############  .
  . #######################           ############ .
  . #######################            ########### .
  . #####                               ########## .
  .######                                ##########.
  .######                                 #########.
  .######                                  ########.
  .######                                   #######.
  .######                                    ######.
  .######                                    ######.
  .######                                   #######.
  .######                                  ########.
  .######                                 #########.
  .######                                ##########.
  . #####                               ########## .
  . #######################            ########### .
  . #######################           ############ .
  .  ######################          ############  .
  .  ######################         #############  .
  .  ######################        ##############  .
  .   #####################       ##############   .
  .    ####################      ##############    .
  .    ####################     ###############    .
  .     ###################    ###############     .
  .      ##################   ###############      .
  .       #################  ###############       .
  .        ################ ###############        .
  .         ##############################         .
  .          ############################          .
  .            ########################            .
  .             ######################             .
  .                ################                .
  _                   ##########                   _

Char: 71 (/home/kraus/git/open-iconic/png/arrow-circle-top-6x.png), width: 48
  .                   ##########                   .
  .                ################                .
  .             ######################             .
  .            ########################            .
  .          ############################          .
  .         ##############################         .
  .        ###############  ###############        .
  .       ###############    ###############       .
  .      ###############      ###############      .
  .     ###############        ###############     .
  .    ###############          ###############    .
  .    ##############            ##############    .
  .   ##############              ##############   .
  .  ##############                ##############  .
  .  #############                  #############  .
  .  ############                    ############  .
  . ############                      ############ .
  . ###########                        ########### .
  . ##########                          ########## .
  .##########                            ##########.
  .#########                              #########.
  .########                                ########.
  .#######                                  #######.
  .######                                    ######.
  .##################            ##################.
  .##################            ##################.
  .##################            ##################.
  .##################            ##################.
  .##################            ##################.
  . #################            ################# .
  . #################            ################# .
  . #################            ################# .
  .  ################            ################  .
  .  ################            ################  .
  .  ################            ################  .
  .   ###############            ###############   .
  .    ##############            ##############    .
  .    ##############            ##############    .
  .     #############            #############     .
  .      ############            ############      .
  .       ###########            ###########       .
  .        ##########            ##########        .
  .         ##############################         .
  .          ############################          .
  .            ########################            .
  .             ######################             .
  .                ################                .
  _                   ##########                   _

Char: 72 (/home/kraus/git/open-iconic/png/arrow-thick-bottom-6x.png), width: 48
  .                  ############                  .
  .                  ############                  .
  .                  ############                  .
  .                  ############                  .
  .                  ############                  .
  .                  ############                  .
  .                  ############                  .
  .                  ############                  .
  .                  ############                  .
  .                  ############                  .
  .                  ############                  .
  .                  ############                  .
  .                  ############                  .
  .                  ############                  .
  .                  ############                  .
  .                  ############                  .
  .                  ############                  .
  .                  ############                  .
  .                  ############                  .
  .                  ############                  .
  .                  ############                  .
  .                  ############                  .
  .                  ############                  .
  .                  ############                  .
  .                  ############                  .
  .                  ############                  .
  .                  ############                  .
  .                  ############                  .
  .                  ############                  .
  .                  ############                  .
  .       ##################################       .
  .        #################################       .
  .         ###############################        .
  .          #############################         .
  .           ###########################          .
  .            #########################           .
  .             #######################            .
  .              #####################             .
  .               ###################              .
  .                #################               .
  .                 ###############                .
  .                  #############                 .
  .                   ###########                  .
  .                    #########                   .
  .                     #######                    .
  .                      #####                     .
  .                       ###                      .
  _                        #                       _

Char: 73 (/home/kraus/git/open-iconic/png/arrow-thick-left-6x.png), width: 48
  .                                                .
  .                                                .
  .                                                .
  .                                                .
  .                                                .
  .                                                .
  .                                                .
  .                 #                              .
  .                ##                              .
  .               ###                              .
  .              ####                              .
  .             #####                              .
  .            ######                              .
  .           #######                              .
  .          ########                              .
  .         #########                              .
  .        ##########                              .
  .       ###########                              .
  .      ##########################################.
  .     ###########################################.
  .    ############################################.
  .   #############################################.
  .  ##############################################.
  . ###############################################.
  .################################################.
  . ###############################################.
  .  ##############################################.
  .   #############################################.
  .    ############################################.
  .     ###########################################.
  .      ############                              .
  .       ###########                              .
  .        ##########                              .
  .         #########                              .
  .          ########                              .
  .           #######                              .
  .            ######                              .
  .             #####                              .
  .              ####                              .
  .               ###                              .
  .                ##                              .
  .                                                .
  .                                                .
  .                                                .
  .                                                .
  .                                                .
  .                                                .
  _                                                _

Char: 74 (/home/kraus/git/open-iconic/png/arrow-thick-right-6x.png), width: 48
  .                                                .
  .                                                .
  .                                                .
  .                                                .
  .                                                .
  .                                                .
  .                                                .
  .                              ##                .
  .                              ###               .
  .                              ####              .
  .                              #####             .
  .                              ######            .
  .                              #######           .
  .                              ########          .
  .                              #########         .
  .                              ##########        .
  .                              ###########       .
  .                              ############      .
  .###########################################     .
  .############################################    .
  .#############################################   .
  .##############################################  .
  .############################################### .
  .################################################.
  .############################################### .
  .##############################################  .
  .#############################################   .
  .############################################    .
  .###########################################     .
  .##########################################      .
  .                              ###########       .
  .                              ##########        .
  .                              #########         .
  .                              ########          .
  .                              #######           .
  .                              ######            .
  .                              #####             .
  .                              ####              .
  .                              ###               .
  .                              ##                .
  .                              #                 .
  .                                                .
  .                                                .
  .                                                .
  .                                                .
  .                                                .
  .                                                .
  _                                                _

Char: 75 (/home/kraus/git/open-iconic/png/arrow-thick-top-6x.png), width: 48
  .                       #                        .
  .                      ###                       .
  .                     #####                      .
  .                    #######                     .
  .                   #########                    .
  .                  ###########                   .
  .                 #############                  .
  .                ###############                 .
  .               #################                .
  .              ###################               .
  .             #####################              .
  .            #######################             .
  .           #########################            .
  .          ###########################           .
  .         #############################          .
  .        ###############################         .
  .       #################################        .
  .       ##################################       .
  .                  ############                  .
  .                  ############                  .
  .                  ############                  .
  .                  ############                  .
  .                  ############                  .
  .                  ############                  .
  .                  ############                  .
  .                  ############                  .
  .                  ############                  .
  .                  ############                  .
  .                  ############                  .
  .                  ############                  .
  .                  ############                  .
  .                  ############                  .
  .                  ############                  .
  .                  ############                  .
  .                  ############                  .
  .                  ############                  .
  .                  ############                  .
  .                  ############                  .
  .                  ############                  .
  .                  ############                  .
  .                  ############                  .
  .                  ############                  .
  .                  ############                  .
  .                  ############                  .
  .                  ############                  .
  .                  ############                  .
  .                  ############                  .
  _                  ############                  _

Char: 76 (/home/kraus/git/open-iconic/png/caret-bottom-6x.png), width: 48
  .                                                .
  .                                                .
  .                                                .
  .                                                .
  .                                                .
  .                                                .
  .                                                .
  .                                                .
  .                                                .
  .                                                .
  .                                                .
  .                                                .
  . ############################################## .
  .  ############################################  .
  .   ##########################################   .
  .    ########################################    .
  .     ######################################     .
  .      ####################################      .
  .       ##################################       .
  .        ################################        .
  .         ##############################         .
  .          ############################          .
  .           ##########################           .
  .            ########################            .
  .             ######################             .
  .              ####################              .
  .               ##################               .
  .                ################                .
  .                 ##############                 .
  .                  ############                  .
  .                   ##########                   .
  .                    ########                    .
  .                     ######                     .
  .                      ####                      .
  .                       ##                       .
  .                                                .
  .                                                .
  .                                                .
  .                                                .
  .                                                .
  .                                                .
  .                                                .
  .                                                .
  .                                                .
  .                                                .
  .                                                .
  .                                                .
  _                                                _

Char: 77 (/home/kraus/git/open-iconic/png/caret-left-6x.png), width: 48
  .                                                .
  .                                   #            .
  .                                  ##            .
  .                                 ###            .
  .                                ####            .
  .                               #####            .
  .                              ######            .
  .                             #######            .
  .                            ########            .
  .                           #########            .
  .                          ##########            .
  .                         ###########            .
  .                        ############            .
  .                       #############            .
  .                      ##############            .
  .                     ###############            .
  .                    ################            .
  .                   #################            .
  .                  ##################            .
  .                 ###################            .
  .                ####################            .
  .               #####################            .
  .              ######################            .
  .             #######################            .
  .             #######################            .
  .              ######################            .
  .               #####################            .
  .                ####################            .
  .                 ###################            .
  .                  ##################            .
  .                   #################            .
  .                    ################            .
  .                     ###############            .
  .                      ##############            .
  .                       #############            .
  .                        ############            .
  .                         ###########            .
  .                          ##########            .
  .                           #########            .
  .                            ########            .
  .                             #######            .
  .                              ######            .
  .                               #####            .
  .                                ####            .
  .                                 ###            .
  .                                  ##            .
  .                                   #            .
  _                                                _

Char: 78 (/home/kraus/git/open-iconic/png/caret-right-6x.png), width: 48
  .                                                .
  .            #                                   .
  .            ##                                  .
  .            ###                                 .
  .            ####                                .
  .            #####                               .
  .            ######                              .
  .            #######                             .
  .            ########                            .
  .            #########                           .
  .            ##########                          .
  .            ###########                         .
  .            ############                        .
  .            #############                       .
  .            ##############                      .
  .            ###############                     .
  .            ################                    .
  .            #################                   .
  .            ##################                  .
  .            ###################                 .
  .            ####################                .
  .            #####################               .
  .            ######################              .
  .            #######################             .
  .            #######################             .
  .            ######################              .
  .            #####################               .
  .            ####################                .
  .            ###################                 .
  .            ##################                  .
  .            #################                   .
  .            ################                    .
  .            ###############                     .
  .            ##############                      .
  .            #############                       .
  .            ############                        .
  .            ###########                         .
  .            ##########                          .
  .            #########                           .
  .            ########                            .
  .            #######                             .
  .            ######                              .
  .            #####                               .
  .            ####                                .
  .            ###                                 .
  .            ##                                  .
  .            #                                   .
  _                                                _

Char: 79 (/home/kraus/git/open-iconic/png/caret-top-6x.png), width: 48
  .                                                .
  .                                                .
  .                                                .
  .                                                .
  .                                                .
  .                                                .
  .                                                .
  .                                                .
  .                                                .
  .                                                .
  .                                                .
  .                                                .
  .                                                .
  .                       ##                       .
  .                      ####                      .
  .                     ######                     .
  .                    ########                    .
  .                   ##########                   .
  .                  ############                  .
  .                 ##############                 .
  .                ################                .
  .               ##################               .
  .              ####################              .
  .             ######################             .
  .            ########################            .
  .           ##########################           .
  .          ############################          .
  .         ##############################         .
  .        ################################        .
  .       ##################################       .
  .      ####################################      .
  .     ######################################     .
  .    ########################################    .
  .   ##########################################   .
  .  ############################################  .
  . ############################################## .
  .                                                .
  .                                                .
  .                                                .
  .                                                .
  .                                                .
  .                                                .
  .                                                .
  .                                                .
  .                                                .
  .                                                .
  .                                                .
  _                                                _

Char: 80 (/home/kraus/git/open-iconic/png/chevron-bottom-6x.png), width: 48
  .                                                .
  .                                                .
  .                                                .
  .                                                .
  .                                                .
  .                                                .
  .                                                .
  .        ##                            ##        .
  .       ####                          ####       .
  .      ######                        ######      .
  .     ########                      ########     .
  .    ##########                    ##########    .
  .   ############                  ############   .
  .  ##############                ##############  .
  . ################              ################ .
  . #################            ################# .
  .  #################          #################  .
  .   #################        #################   .
  .    #################      #################    .
  .     #################    #################     .
  .      #################  #################      .
  .       ##################################       .
  .        ################################        .
  .         ##############################         .
  .          ############################          .
  .           ##########################           .
  .            ########################            .
  .             ######################             .
  .              ####################              .
  .               ##################               .
  .                ################                .
  .                 ##############                 .
  .                  ############                  .
  .                   ##########                   .
  .                    ########                    .
  .                     ######                     .
  .                      ####                      .
  .                       ##                       .
  .                                                .
  .                                                .
  .                                                .
  .                                                .
  .                                                .
  .                                                .
  .                                                .
  .                                                .
  .                                                .
  _                                                _

Char: 81 (/home/kraus/git/open-iconic/png/chevron-left-6x.png), width: 48
  .                                                .
  .                             ##                 .
  .                            ####                .
  .                           ######               .
  .                          ########              .
  .                         ##########             .
  .                        ############            .
  .                       ##############           .
  .                      ################          .
  .                     #################          .
  .                    #################           .
  .                   #################            .
  .                  #################             .
  .                 #################              .
  .                #################               .
  .               #################                .
  .              #################                 .
  .             #################                  .
  .            #################                   .
  .           #################                    .
  .          #################                     .
  .         #################                      .
  .        #################                       .
  .       #################                        .
  .       #################                        .
  .        #################                       .
  .         #################                      .
  .          #################                     .
  .           #################                    .
  .            #################                   .
  .             #################                  .
  .              #################                 .
  .               #################                .
  .                #################               .
  .                 #################              .
  .                  #################             .
  .                   #################            .
  .                    #################           .
  .                     #################          .
  .                      ################          .
  .                       ##############           .
  .                        ############            .
  .                         ##########             .
  .                          ########              .
  .                           ######               .
  .                            ####                .
  .                             ##                 .
  _                                                _

Char: 82 (/home/kraus/git/open-iconic/png/chevron-right-6x.png), width: 48
  .                                                .
  .              ##                                .
  .             ####                               .
  .            ######                              .
  .           ########                             .
  .          ##########                            .
  .         ############                           .
  .        ##############                          .
  .       ################                         .
  .       #################                        .
  .        #################                       .
  .         #################                      .
  .          #################                     .
  .           #################                    .
  .            #################                   .
  .             #################                  .
  .              #################                 .
  .               #################                .
  .                #################               .
  .                 #################              .
  .                  #################             .
  .                   #################            .
  .                    #################           .
  .                     #################          .
  .                     #################          .
  .                    #################           .
  .                   #################            .
  .                  #################             .
  .                 #################              .
  .                #################               .
  .               #################                .
  .              #################                 .
  .             #################                  .
  .            #################                   .
  .           #################                    .
  .          #################                     .
  .         #################                      .
  .        #################                       .
  .       #################                        .
  .       ################                         .
  .        ##############                          .
  .         ############                           .
  .          ##########                            .
  .           ########                             .
  .            ######                              .
  .             ####                               .
  .              ##                                .
  _                                                _

Char: 83 (/home/kraus/git/open-iconic/png/chevron-top-6x.png), width: 48
  .                                                .
  .                                                .
  .                                                .
  .                                                .
  .                                                .
  .                                                .
  .                                                .
  .                       ##                       .
  .                      ####                      .
  .                     ######                     .
  .                    ########                    .
  .                   ##########                   .
  .                  ############                  .
  .                 ##############                 .
  .                ################                .
  .               ##################               .
  .              ####################              .
  .             ######################             .
  .            ########################            .
  .           ##########################           .
  .          ############################          .
  .         ##############################         .
  .        ################################        .
  .       ##################################       .
  .      #################  #################      .
  .     #################    #################     .
  .    #################      #################    .
  .   #################        #################   .
  .  #################          #################  .
  . #################            ################# .
  . ################              ################ .
  .  ##############                ##############  .
  .   ############                  ############   .
  .    ##########                    ##########    .
  .     ########                      ########     .
  .      ######                        ######      .
  .       ####                          ####       .
  .        ##                            ##        .
  .                                                .
  .                                                .
  .                                                .
  .                                                .
  .                                                .
  .                                                .
  .                                                .
  .                                                .
  .                                                .
  _                                                _

Char: 84 (/home/kraus/git/open-iconic/png/data-transfer-download-6x.png), width: 48
  .                  ############                  .
  .                  ############                  .
  .                  ############                  .
  .                  ############                  .
  .                  ############                  .
  .                  ############                  .
  .                  ############                  .
  .                  ############                  .
  .                  ############                  .
  .                  ############                  .
  .                  ############                  .
  .                  ############                  .
  .                  ############                  .
  .                  ############                  .
  .                  ############                  .
  .                  ############                  .
  .                  ############                  .
  .                  ############                  .
  .       ##################################       .
  .        ################################        .
  .         ##############################         .
  .          ############################          .
  .           ##########################           .
  .            ########################            .
  .             ######################             .
  .              ####################              .
  .               ##################               .
  .                ################                .
  .                 ##############                 .
  .                  ############                  .
  .                   ##########                   .
  .                    ########                    .
  .                     ######                     .
  .                      ####                      .
  .                       ##                       .
  .                                                .
  .                                                .
  .                                                .
  .                                                .
  .                                                .
  .                                                .
  .                                                .
  .################################################.
  .################################################.
  .################################################.
  .################################################.
  .################################################.
  _################################################_

Char: 85 (/home/kraus/git/open-iconic/png/data-transfer-upload-6x.png), width: 48
  .################################################.
  .################################################.
  .################################################.
  .################################################.
  .################################################.
  .################################################.
  .                                                .
  .                                                .
  .                                                .
  .                                                .
  .                                                .
  .                                                .
  .                                                .
  .                       ##                       .
  .                      ####                      .
  .                     ######                     .
  .                    ########                    .
  .                   ##########                   .
  .                  ############                  .
  .                 ##############                 .
  .                ################                .
  .               ##################               .
  .              ####################              .
  .             ######################             .
  .            ########################            .
  .           ##########################           .
  .          ############################          .
  .         ##############################         .
  .        ################################        .
  .       ##################################       .
  .                  ############                  .
  .                  ############                  .
  .                  ############                  .
  .                  ############                  .
  .                  ############                  .
  .                  ############                  .
  .                  ############                  .
  .                  ############                  .
  .                  ############                  .
  .                  ############                  .
  .                  ############                  .
  .                  ############                  .
  .                  ############                  .
  .                  ############                  .
  .                  ############                  .
  .                  ############                  .
  .                  ############                  .
  _                  ############                  _

Char: 86 (/home/kraus/git/open-iconic/png/loop-6x.png), width: 48
  .                                    #           .
  .                                    ##          .
  .                                    ###         .
  .                                    #####       .
  .                                    ######      .
  .                                    #######     .
  .    #########################################   .
  .  ############################################  .
  . ############################################## .
  . ############################################## .
  .##############################################  .
  .#############################################   .
  .######                              #######     .
  .######                              ######      .
  .######                              #####       .
  .######                              ###         .
  .######                              ##          .
  .######                              #           .
  .                                                .
  .                                                .
  .                                                .
  .                                                .
  .                                                .
  .                                                .
  .           #                              ######.
  .          ##                              ######.
  .         ###                              ######.
  .       #####                              ######.
  .      ######                              ######.
  .     #######                              ######.
  .   #############################################.
  .  ##############################################.
  . ############################################## .
  . ############################################## .
  .  ############################################  .
  .   #########################################    .
  .     #######                                    .
  .      ######                                    .
  .       #####                                    .
  .         ###                                    .
  .          ##                                    .
  .           #                                    .
  .                                                .
  .                                                .
  .                                                .
  .                                                .
  .                                                .
  _                                                _

Char: 87 (/home/kraus/git/open-iconic/png/loop-circular-6x.png), width: 48
  .                                                .
  .                                                .
  .                                                .
  .                                                .
  .                                                .
  .                                                .
  .                    ####                        .
  .                 #######                        .
  .               #########                        .
  .             ###########                        .
  .            ############                        .
  .           #############                        .
  .          ###########                           .
  .         #########                    ##        .
  .         ########                    ####       .
  .        ########                    ######      .
  .        #######                     ######      .
  .       #######                     ########     .
  .       ######                     ##########    .
  .       ######                    ############   .
  .      #######                    ############   .
  .      ######                    ##############  .
  .      ######                   ################ .
  .      ######                  ##################.
  .##################                  ######      .
  . ################                   ######      .
  .  ##############                    ######      .
  .   ############                    #######      .
  .   ############                    ######       .
  .    ##########                     ######       .
  .     ########                     #######       .
  .      ######                     #######        .
  .      ######                    ########        .
  .       ####                    ########         .
  .        ##                    #########         .
  .                           ###########          .
  .                        #############           .
  .                        ############            .
  .                        ###########             .
  .                        #########               .
  .                        #######                 .
  .                        ####                    .
  .                                                .
  .                                                .
  .                                                .
  .                                                .
  .                                                .
  _                                                _

Char: 88 (/home/kraus/git/open-iconic/png/loop-square-6x.png), width: 48
  .      ####################################      .
  .      ####################################      .
  .      ####################################      .
  .      ####################################      .
  .      ####################################      .
  .      ####################################      .
  .      ######                        ######      .
  .      ######                        ######      .
  .      ######                        ######      .
  .      ######                        ######      .
  .      ######                        ######      .
  .      ######                        ######      .
  .                                    ######      .
  .                                    ######      .
  .                                    ######      .
  .                                    ######      .
  .        ##                          ######      .
  .        ##                          ######      .
  .       ####                   ##################.
  .      ######                   ################ .
  .      ######                    ##############  .
  .     ########                   ##############  .
  .     ########                    ############   .
  .    ##########                   ############   .
  .   ############                   ##########    .
  .   ############                    ########     .
  .  ##############                   ########     .
  .  ##############                    ######      .
  . ################                   ######      .
  .##################                   ####       .
  .      ######                          ##        .
  .      ######                          ##        .
  .      ######                                    .
  .      ######                                    .
  .      ######                                    .
  .      ######                                    .
  .      ######                        ######      .
  .      ######                        ######      .
  .      ######                        ######      .
  .      ######                        ######      .
  .      ######                        ######      .
  .      ######                        ######      .
  .      ####################################      .
  .      ####################################      .
  .      ####################################      .
  .      ####################################      .
  .      ####################################      .
  _      ####################################      _

Char: 89 (/home/kraus/git/open-iconic/png/random-6x.png), width: 48
  .                                    #           .
  .                                    ##          .
  .                                    ###         .
  .                                    #####       .
  .                                    ######      .
  .                                    #######     .
  .########                      ###############   .
  .##########                   #################  .
  .###########                 ################### .
  .############               #################### .
  .#############              ###################  .
  .#############             ###################   .
  .      ########           ########   #######     .
  .       ########         ########    ######      .
  .        ########       ########     #####       .
  .         ########      #######      ###         .
  .          ########    #######       ##          .
  .           ########  ########       #           .
  .            ####### ########                    .
  .            ###############                     .
  .             #############                      .
  .              ###########                       .
  .               ##########                       .
  .                ########                        .
  .               ##########                       .
  .              ############                      .
  .              ############                      .
  .             ##############                     .
  .            ################                    .
  .           ########  ########                   .
  .          ########    ########      #           .
  .          #######      ########     ##          .
  .         #######        #######     ###         .
  .        ########        ########    #####       .
  .       ########          ########   ######      .
  .      ########            ########  #######     .
  .#############              ##################   .
  .############                ##################  .
  .############                 ################## .
  .###########                   ################# .
  .##########                     ###############  .
  .#########                       #############   .
  .                                    #######     .
  .                                    ######      .
  .                                    #####       .
  .                                    ###         .
  .                                    ##          .
  _                                    #           _

Char: 90 (/home/kraus/git/open-iconic/png/share-6x.png), width: 48
  .                              #                 .
  .                              ##                .
  .                              ###               .
  .                              ####              .
  .                              #####             .
  .                              ######            .
  .                              #######           .
  .                              ########          .
  .                              #########         .
  .                              ##########        .
  .                              ###########       .
  .                              ############      .
  .                      #####################     .
  .                 ###########################    .
  .              ###############################   .
  .            ##################################  .
  .           #################################### .
  .         #######################################.
  .        ####################################### .
  .       #######################################  .
  .      #######################################   .
  .     #######################################    .
  .    #######################################     .
  .    ######################################      .
  .   ###############            ###########       .
  .   ############               ##########        .
  .  ##########                  #########         .
  .  ########                    ########          .
  .  #######                     #######           .
  . ######                       ######            .
  . #####                        #####             .
  . ####                         ####              .
  . ####                         ###               .
  . ###                          ##                .
  .###                           #                 .
  .###                                             .
  .##                                              .
  .##                                              .
  .#                                               .
  .#                                               .
  .                                                .
  .                                                .
  .                                                .
  .                                                .
  .                                                .
  .                                                .
  .                                                .
  _                                                _

Char: 91 (/home/kraus/git/open-iconic/png/share-boxed-6x.png), width: 48
  .   ###############                              .
  . #################                  #           .
  . #################                  ##          .
  .##################                  ###         .
  .##################                  ####        .
  .##################                  #####       .
  .######                         ###########      .
  .######                      ###############     .
  .######                   ####################   .
  .######                  ######################  .
  .######                ######################### .
  .######               ###########################.
  .######              ########################### .
  .######             ###########################  .
  .######            ###########################   .
  .######           ###########################    .
  .######          ###########################     .
  .######          ##########################      .
  .######         #####                #####       .
  .######         ###                  ####        .
  .######        ###                   ###         .
  .######        ##                    ##          .
  .######       ##                     #           .
  .######       #                                  .
  .######                                          .
  .######                                          .
  .######                                          .
  .######                                          .
  .######                                          .
  .######                                          .
  .######                        ######            .
  .######                        ######            .
  .######                        ######            .
  .######                        ######            .
  .######                        ######            .
  .######                        ######            .
  .####################################            .
  .####################################            .
  .####################################            .
  .###################################             .
  . ##################################             .
  .   ##############################               .
  .                                                .
  .                                                .
  .                                                .
  .                                                .
  .                                                .
  _                                                _
