Font: battery24 (Symbols-bdf-sources/battery24.bdf)
Declared name: Battery24
Declared family: None
Declared weight: None
Declared size: None
Matching characters: 7
Height: 24
Baseline: 24
Max width: 20
Fixed width: True

Char: 64 (064), width: 20
  .       ######       .
  .       ######       .
  .       ######       .
  . ################## .
  .####################.
  .####################.
  .########## #########.
  .#########  #########.
  .########  ##########.
  .######## ###########.
  .#######  ###   #####.
  .######   #     #####.
  .######        ######.
  .#####     #   ######.
  .#####   ###  #######.
  .###########  #######.
  .##########  ########.
  .##########  ########.
  .#########  #########.
  .########  ##########.
  .######## ###########.
  .####################.
  .####################.
  _ ################## _

Char: 65 (065), width: 20
  .       ######       .
  .       ######       .
  .       ######       .
  . ################## .
  .####################.
  .###              ###.
  .##    ########    ##.
  .##   #        #   ##.
  .##   #        #   ##.
  .##    ########    ##.
  .##                ##.
  .##                ##.
  .##    ########    ##.
  .##   #        #   ##.
  .##   #        #   ##.
  .##    ########    ##.
  .##                ##.
  .##                ##.
  .##   ##########   ##.
  .##    #           ##.
  .##                ##.
  .###              ###.
  .####################.
  _ ################## _

Char: 66 (066), width: 20
  .       ######       .
  .       ######       .
  .       ######       .
  . ################## .
  .####################.
  .###              ###.
  .##  ############  ##.
  .##                ##.
  .## ############## ##.
  .##                ##.
  .## ############## ##.
  .##                ##.
  .## ############## ##.
  .##                ##.
  .## ############## ##.
  .##                ##.
  .## ############## ##.
  .##                ##.
  .## ############## ##.
  .##                ##.
  .##  ############  ##.
  .###              ###.
  .####################.
  _ ################## _

Char: 67 (067), width: 20
  .       ######       .
  .       ######       .
  .       ######       .
  . ################## .
  .####################.
  .###              ###.
  .##                ##.
  .##                ##.
  .##                ##.
  .##                ##.
  .##                ##.
  .##                ##.
  .##                ##.
  .##                ##.
  .##                ##.
  .##                ##.
  .##                ##.
  .## ############## ##.
  .## ############## ##.
  .## ############## ##.
  .##  ############  ##.
  .###              ###.
  .####################.
  _ ################## _

Char: 68 (068), width: 20
  .       ######       .
  .       ######       .
  .       ######       .
  . ################## .
  .####################.
  .###              ###.
  .##                ##.
  .##                ##.
  .##                ##.
  .##                ##.
  .##                ##.
  .##                ##.
  .##                ##.
  .## ############## ##.
  .## ############## ##.
  .## ############## ##.
  .## ############## ##.
  .## ############## ##.
  .## ############## ##.
  .## ############## ##.
  .##  ############  ##.
  .###              ###.
  .####################.
  _ ################## _

Char: 69 (069), width: 20
  .       ######       .
  .       ######       .
  .       ######       .
  . ################## .
  .####################.
  .###              ###.
  .##                ##.
  .##                ##.
  .##                ##.
  .## ############## ##.
  .## ############## ##.
  .## ############## ##.
  .## ############## ##.
  .## ############## ##.
  .## ############## ##.
  .## ############## ##.
  .## ############## ##.
  .## ############## ##.
  .## ############## ##.
  .## ############## ##.
  .##  ############  ##.
  .###              ###.
  .####################.
  _ ################## _

Char: 70 (070), width: 20
  .       ######       .
  .       ######       .
  .       ######       .
  . ################## .
  .####################.
  .###              ###.
  .##  ############  ##.
  .## ############## ##.
  .## ############## ##.
  .## ############## ##.
  .## ############## ##.
  .## ############## ##.
  .## ############## ##.
  .## ############## ##.
  .## ############## ##.
  .## ############## ##.
  .## ############## ##.
  .## ############## ##.
  .## ############## ##.
  .## ############## ##.
  .##  ############  ##.
  .###              ###.
  .####################.
  _ ################## _
