Font: _open_iconic_human_4x (Symbols-bdf-sources/open_iconic_human_4x.bdf)
Declared name: "open_iconic_human_4x"
Declared family: None
Declared weight: None
Declared size: None
Matching characters: 5
Height: 32
Baseline: 32
Max width: 32
Fixed width: True

Char: 64 (/home/kraus/git/open-iconic/png/eye-4x.png), width: 32
  .                                .
  .                                .
  .                                .
  .                                .
  .             ######             .
  .          ############          .
  .        ################        .
  .       ##################       .
  .      #######      #######      .
  .     ######          ######     .
  .    ######            ######    .
  .   ######              ######   .
  .  #######     ###      #######  .
  .  ######     ###        ######  .
  . #######    ####        ####### .
  .########    #####  #    ########.
  .########    ########    ########.
  . #######    ########    ####### .
  .  ######     ######     ######  .
  .  #######     ####     #######  .
  .   ######              ######   .
  .    ######            ######    .
  .     ######          ######     .
  .      #######      #######      .
  .       ##################       .
  .        ################        .
  .          ############          .
  .             ######             .
  .                                .
  .                                .
  .                                .
  _                                _

Char: 65 (/home/kraus/git/open-iconic/png/eyedropper-4x.png), width: 32
  .            ###         ####    .
  .            ####      ########  .
  .            #####    ########## .
  .             #####  ############.
  .              ##################.
  .               #################.
  .              ##################.
  .             ###################.
  .            ####################.
  .           ######  ############ .
  .          ######    ##########  .
  .         ######      ########   .
  .         #####        ######    .
  .        #####          #####    .
  .       #####           ######   .
  .      #####           ########  .
  .     #####           ########## .
  .    #####           #####  #####.
  .   #####           #####    ####.
  .  #####           #####      ## .
  . #####           #####          .
  .######          #####           .
  .######         #####            .
  .#######       #####             .
  .########     #####              .
  .#########   #####               .
  .################                .
  .###############                 .
  .##############                  .
  .#############                   .
  .############                    .
  _###########                     _

Char: 66 (/home/kraus/git/open-iconic/png/heart-4x.png), width: 32
  .                                .
  .                                .
  .                                .
  .                                .
  .     ######          ######     .
  .   ##########      ##########   .
  .  ############    ############  .
  . ##############  ############## .
  . ##############  ############## .
  .################################.
  .################################.
  .################################.
  .################################.
  .################################.
  .################################.
  . ############################## .
  . ############################## .
  .  ############################  .
  .   ##########################   .
  .    ########################    .
  .     ######################     .
  .      ####################      .
  .       ##################       .
  .        ################        .
  .         ##############         .
  .          ############          .
  .           ##########           .
  .            ########            .
  .             ######             .
  .              ####              .
  .               ##               .
  _                                _

Char: 67 (/home/kraus/git/open-iconic/png/people-4x.png), width: 32
  .                    ####        .
  .                   ######       .
  .                  ########      .
  .                 ##########     .
  .        ####      #########     .
  .       ######     ##########    .
  .      ########     #########    .
  .     ##########    #########    .
  .     ##########     ########    .
  .    ############    ########    .
  .    ############    ########    .
  .    ############    #######     .
  .    ############    #######     .
  .    ############    ######      .
  .    ############    #####       .
  .     ##########     ####        .
  .     ##########                 .
  .      ########              ##  .
  .       ######              #### .
  .        ####             #######.
  .                       #########.
  .  ##            ##     #########.
  . ####          ####     ########.
  .#######      #######    ########.
  .####################    ########.
  .####################    ########.
  .####################    ########.
  .####################    ########.
  .####################            .
  .####################            .
  .####################            .
  _####################            _

Char: 68 (/home/kraus/git/open-iconic/png/person-4x.png), width: 32
  .              ####              .
  .            ########            .
  .           ##########           .
  .          ############          .
  .         ##############         .
  .         ##############         .
  .         ##############         .
  .        ################        .
  .        ################        .
  .        ################        .
  .        ################        .
  .        ################        .
  .        ################        .
  .         ##############         .
  .         ##############         .
  .         ##############         .
  .          ############          .
  .           ##########           .
  .            ########            .
  .              ####              .
  .     ###                ###     .
  .   ######              ######   .
  .  #########          #########  .
  . ############      ############ .
  . ############################## .
  .################################.
  .################################.
  .################################.
  .################################.
  .################################.
  .################################.
  _################################_
