Font: m2icon_7 (Symbols-bdf-sources/m2icon_7.bdf)
Declared name: m2icon_7
Declared family: 
Declared weight: medium
Declared size: None
Characters: 24
Height: 8
Baseline: 7
Max width: 12
Fixed width: False

Char 65 (C101), width 10
  .    ####  . 
  .######### . 
  .#       # . 
  .#       # . 
  .#       # . 
  .#       # . 
 __######### __
  .          . 

Char 66 (C102), width 6
  .  ### . 
  . ## # . 
  .### # . 
  .#   # . 
  .#   # . 
  .#   # . 
 __##### __
  .      . 

Char 67 (C103), width 6
  .      . 
  .      . 
  .## ## . 
  . ###  . 
  . ###  . 
  .## ## . 
 __      __
  .      . 

Char 68 (C104), width 9
  .         . 
  .      ## . 
  .     ##  . 
  .    ##   . 
  .## ##    . 
  . ###     . 
 __  #      __
  .         . 

Char 69 (C105), width 7
  .       . 
  .###### . 
  .#    # . 
  .#    # . 
  .#    # . 
  .#    # . 
 __###### __
  .       . 

Char 70 (C106), width 7
  .       . 
  .###### . 
  .#    # . 
  .# ## # . 
  .# ## # . 
  .#    # . 
 __###### __
  .       . 

Char 71 (C107), width 7
  .       . 
  .###### . 
  .###### . 
  .###### . 
  .###### . 
  .###### . 
 __###### __
  .       . 

Char 72 (C110), width 9
  .#######  . 
  .#     #  . 
  .#     #  . 
  .#     #  . 
  .#     #  . 
  .#     #  . 
 __#######  __
  .         . 

Char 73 (C111), width 9
  .#######  . 
  .#     #  . 
  .# ### #  . 
  .# ### #  . 
  .# ### #  . 
  .#     #  . 
 __#######  __
  .         . 

Char 74 (C112), width 9
  .#######  . 
  .#######  . 
  .#######  . 
  .#######  . 
  .#######  . 
  .#######  . 
 __#######  __
  .         . 

Char 75 (C113), width 7
  .       . 
  .#####  . 
  .#   ## . 
  .#   ## . 
  .#   ## . 
  .###### . 
 __ ##### __
  .       . 

Char 76 (C114), width 7
  .       . 
  .#####  . 
  .#   ## . 
  .# # ## . 
  .#   ## . 
  .###### . 
 __ ##### __
  .       . 

Char 77 (C115), width 8
  .        . 
  .#####   . 
  .######  . 
  .######  . 
  .######  . 
  .######  . 
 __ #####  __
  .        . 

Char 78 (C116), width 9
  .######   . 
  .#    ##  . 
  .#    ##  . 
  .#    ##  . 
  .#    ##  . 
  .#######  . 
 __ ######  __
  .         . 

Char 79 (C117), width 9
  .######   . 
  .#    ##  . 
  .# ## ##  . 
  .# ## ##  . 
  .#    ##  . 
  .#######  . 
 __ ######  __
  .         . 

Char 80 (C120), width 9
  .######   . 
  .#######  . 
  .#######  . 
  .#######  . 
  .#######  . 
  .#######  . 
 __ ######  __
  .         . 

Char 81 (C121), width 7
  .       . 
  . ####  . 
  .##  ## . 
  .#    # . 
  .#    # . 
  .##  ## . 
 __ ####  __
  .       . 

Char 82 (C122), width 7
  .       . 
  . ####  . 
  .##  ## . 
  .# ## # . 
  .# ## # . 
  .##  ## . 
 __ ####  __
  .       . 

Char 83 (C123), width 7
  .       . 
  . ####  . 
  .###### . 
  .###### . 
  .###### . 
  .###### . 
 __ ####  __
  .       . 

Char 97 (C141), width 9
  .   #     . 
  .  ##     . 
  . # ##### . 
  .#      # . 
  . # ##### . 
  .  ##     . 
 __   #     __
  .         . 

Char 98 (C142), width 8
  .   #    . 
  .  # #   . 
  . #   #  . 
  .### ### . 
  .  # #   . 
  .  # #   . 
 __  ###   __
  .        . 

Char 102 (C146), width 12
  .    ####    . 
  .#########   . 
  .#       #   . 
  .#  #########. 
  .# #       # . 
  .##       #  . 
 __#########   __
  .            . 

Char 103 (C147), width 2
  .# . 
  .# . 
  .# . 
  .# . 
  .# . 
  .# . 
 __# __
  .# . 

Char 104 (C150), width 12
  .   #        . 
  .            . 
  .   #        . 
  .# ### #     . 
  .   #        . 
  .            . 
 __   #        __
  .            . 

Font rendering notes:
Char 102:
  Device width (13) is wider than overall font box width (12), reducing device width.
