Font: _open_iconic_mime_2x (Symbols-bdf-sources/open_iconic_mime_2x.bdf)
Declared name: "open_iconic_mime_2x"
Declared family: None
Declared weight: None
Declared size: None
Matching characters: 14
Height: 16
Baseline: 16
Max width: 16
Fixed width: True

Char: 64 (/home/kraus/git/open-iconic/png/audio-2x.png), width: 16
  .                .
  .                .
  .  #          #  .
  . ##         ### .
  . ##          ## .
  .##   #    #   ##.
  .##  ##    ##  ##.
  .##  ##    ##  ##.
  .##  ##    ##  ##.
  .##  ##    ##  ##.
  . ##          ## .
  . ##          ## .
  .  #          #  .
  .                .
  .                .
  _                _

Char: 65 (/home/kraus/git/open-iconic/png/book-2x.png), width: 16
  . #######    ##  .
  .########    ##  .
  .########    ##  .
  .########    ##  .
  .########    ##  .
  .######## ## ##  .
  .##############  .
  .##############  .
  .##############  .
  .##############  .
  .##############  .
  .##############  .
  .##              .
  .##              .
  .##############  .
  _ #############  _

Char: 66 (/home/kraus/git/open-iconic/png/document-2x.png), width: 16
  .######          .
  .######  #       .
  .######  ##      .
  .######  ###     .
  .##  ##  ####    .
  .##  ##  #####   .
  .######          .
  .######          .
  .##  ##########  .
  .##  ##########  .
  .##############  .
  .##############  .
  .##        ####  .
  .##        ####  .
  .##############  .
  _##############  _

Char: 67 (/home/kraus/git/open-iconic/png/folder-2x.png), width: 16
  .######          .
  .######          .
  .################.
  .################.
  .                .
  .                .
  .################.
  .################.
  .################.
  .################.
  .################.
  .################.
  .################.
  .################.
  .################.
  _################_

Char: 68 (/home/kraus/git/open-iconic/png/image-2x.png), width: 16
  .################.
  .################.
  .##            ##.
  .##            ##.
  .##            ##.
  .##            ##.
  .##            ##.
  .## ##      ## ##.
  .######     #####.
  .#######     ####.
  .########     ###.
  .#########     ##.
  .##########    ##.
  .###########   ##.
  .################.
  _################_

Char: 69 (/home/kraus/git/open-iconic/png/project-2x.png), width: 16
  .##            ##.
  .##            ##.
  .##  ####      ##.
  .##  ####      ##.
  .##            ##.
  .##            ##.
  .##    ####    ##.
  .##    ####    ##.
  .##            ##.
  .##            ##.
  .##      ####  ##.
  .##      ####  ##.
  .##            ##.
  .##            ##.
  .                .
  _                _

Char: 70 (/home/kraus/git/open-iconic/png/spreadsheet-2x.png), width: 16
  .################.
  .################.
  .##  ##        ##.
  .##  ##        ##.
  .################.
  .################.
  .##  ##        ##.
  .##  ##        ##.
  .################.
  .################.
  .##  ##        ##.
  .##  ##        ##.
  .################.
  .################.
  .                .
  _                _

Char: 71 (/home/kraus/git/open-iconic/png/video-2x.png), width: 16
  .                .
  .                .
  .############    .
  .############    .
  .############  ##.
  .############ ###.
  .################.
  .################.
  .############ ###.
  .############  ##.
  .############    .
  .############    .
  .                .
  .                .
  .                .
  _                _

Char: 72 (/home/kraus/git/open-iconic/png/clipboard-2x.png), width: 16
  .      ##        .
  .      ##        .
  .##  ######  ##  .
  .##  ######  ##  .
  .##          ##  .
  .##          ##  .
  .##############  .
  .##############  .
  .##############  .
  .##############  .
  .##############  .
  .##############  .
  .##############  .
  .##############  .
  .##############  .
  _##############  _

Char: 73 (/home/kraus/git/open-iconic/png/file-2x.png), width: 16
  .######          .
  .######  #       .
  .######  ##      .
  .######  ###     .
  .######  ####    .
  .######  #####   .
  .######          .
  .######          .
  .##############  .
  .##############  .
  .##############  .
  .##############  .
  .##############  .
  .##############  .
  .##############  .
  _##############  _

Char: 74 (/home/kraus/git/open-iconic/png/graph-2x.png), width: 16
  .              # .
  .             ###.
  .            ### .
  .           ###  .
  .          ###   .
  .     ##  ###    .
  .    #######     .
  .   #######      .
  .  ###  ##       .
  . ###            .
  .####            .
  . ##             .
  .                .
  .                .
  .################.
  _################_

Char: 75 (/home/kraus/git/open-iconic/png/pie-chart-2x.png), width: 16
  .    ####        .
  .   #####        .
  .   #####  #     .
  .    ####  ###   .
  .     ###  ####  .
  . ##   ##  ##### .
  . ###   #  ######.
  .#####     ######.
  .######    ######.
  .######   #######.
  .#####   ########.
  . ###   #########.
  . ##   ######### .
  .     #########  .
  .     ########   .
  _      ######    _

Char: 76 (/home/kraus/git/open-iconic/png/script-2x.png), width: 16
  .     ########## .
  .    ############.
  .    ##  ########.
  .    ##  ########.
  .    ##  ########.
  .    ##  ########.
  .    ##          .
  .    ##          .
  .    ##########  .
  .    ##########  .
  .##  ##########  .
  .##  ##########  .
  .##  ##########  .
  .##  ##########  .
  .##############  .
  _ ############   _

Char: 77 (/home/kraus/git/open-iconic/png/trash-2x.png), width: 16
  .     ####       .
  .    ######      .
  . ############   .
  .##############  .
  .                .
  .                .
  .  ##  ##  ##    .
  .  ##  ##  ##    .
  .  ##  ##  ##    .
  .  ##  ##  ##    .
  .  ##  ##  ##    .
  .  ##  ##  ##    .
  .  ##  ##  ##    .
  .  ##  ##  ##    .
  .  ##########    .
  _  ##########    _
