Font: open_iconic_check_8x (Symbols-bdf-sources/open_iconic_check_8x.bdf)
Declared name: open_iconic_check_8x
Declared family: iconic
Declared weight: none
Declared size: None
Characters: 5
Height: 64
Baseline: 64
Max width: 64
Fixed width: True

Char 64 (/home/kraus/git/open-iconic/png/check-8x.png), width 64
  .                                                                . 
  .                                                                . 
  .                                                                . 
  .                                                                . 
  .                                                                . 
  .                                                                . 
  .                                                                . 
  .                                                                . 
  .                                                   #            . 
  .                                                  ###           . 
  .                                                 #####          . 
  .                                                #######         . 
  .                                               #########        . 
  .                                              ###########       . 
  .                                             #############      . 
  .                                            ###############     . 
  .                                           #################    . 
  .                                          ###################   . 
  .                                         #####################  . 
  .                                        ######################  . 
  .                                       #######################  . 
  .                                      #######################   . 
  .                                     #######################    . 
  .                                    #######################     . 
  .           #                       #######################      . 
  .          ###                     #######################       . 
  .         #####                   #######################        . 
  .        #######                 #######################         . 
  .       #########               #######################          . 
  .      ###########             #######################           . 
  .     #############           #######################            . 
  .    ###############         #######################             . 
  .   #################       #######################              . 
  .  ###################     #######################               . 
  . #####################   #######################                . 
  .####################### #######################                 . 
  . #############################################                  . 
  .  ###########################################                   . 
  .   #########################################                    . 
  .    #######################################                     . 
  .     #####################################                      . 
  .      ###################################                       . 
  .       #################################                        . 
  .        ###############################                         . 
  .         #############################                          . 
  .          ###########################                           . 
  .           #########################                            . 
  .            #######################                             . 
  .             #####################                              . 
  .              ###################                               . 
  .               #################                                . 
  .                ###############                                 . 
  .                 #############                                  . 
  .                  ###########                                   . 
  .                   #########                                    . 
  .                    #######                                     . 
  .                     #####                                      . 
  .                      ###                                       . 
  .                                                                . 
  .                                                                . 
  .                                                                . 
  .                                                                . 
  .                                                                . 
  .                                                                . 

Char 65 (/home/kraus/git/open-iconic/png/circle-check-8x.png), width 64
  .                          ############                          . 
  .                      ####################                      . 
  .                    ########################                    . 
  .                 ##############################                 . 
  .                ################################                . 
  .              ####################################              . 
  .             ######################################             . 
  .           ##########################################           . 
  .          ############################################          . 
  .         ##############################################         . 
  .        ################################################        . 
  .       ##################################################       . 
  .       ##################################################       . 
  .      ####################################################      . 
  .     ######################################################     . 
  .     ##########################################  ##########     . 
  .    ##########################################    ##########    . 
  .   ##########################################      ##########   . 
  .   #########################################        #########   . 
  .   ########################################          ########   . 
  .  ########################################           #########  . 
  .  #######################################           ##########  . 
  . #######################################           ############ . 
  . ######################################           ############# . 
  . #####################################           ############## . 
  . ####################################           ############### . 
  .####################################           #################. 
  .###################  ##############           ##################. 
  .##################    ############           ###################. 
  .#################      ##########           ####################. 
  .################        ########           #####################. 
  .###############          ######           ######################. 
  .###############           ####           #######################. 
  .################           ##           ########################. 
  .#################                      #########################. 
  .##################                    ##########################. 
  .###################                  ###########################. 
  .####################                ############################. 
  . ####################              ############################ . 
  . #####################            ############################# . 
  . ######################          ############################## . 
  . #######################        ############################### . 
  .  #######################      ###############################  . 
  .  ########################    ################################  . 
  .   ########################  ################################   . 
  .   ##########################################################   . 
  .   ##########################################################   . 
  .    ########################################################    . 
  .     ######################################################     . 
  .     ######################################################     . 
  .      ####################################################      . 
  .       ##################################################       . 
  .       ##################################################       . 
  .        ################################################        . 
  .         ##############################################         . 
  .          ############################################          . 
  .           ##########################################           . 
  .             ######################################             . 
  .              ####################################              . 
  .                ################################                . 
  .                 ##############################                 . 
  .                    ########################                    . 
  .                      ####################                      . 
  .                          ############                          . 

Char 66 (/home/kraus/git/open-iconic/png/circle-x-8x.png), width 64
  .                          ############                          . 
  .                      ####################                      . 
  .                    ########################                    . 
  .                 ##############################                 . 
  .                ################################                . 
  .              ####################################              . 
  .             ######################################             . 
  .           ##########################################           . 
  .          ############################################          . 
  .         ##############################################         . 
  .        ################################################        . 
  .       ##################################################       . 
  .       ##################################################       . 
  .      ####################################################      . 
  .     ######################################################     . 
  .     ##############  ######################  ##############     . 
  .    ##############    ####################    ##############    . 
  .   ##############      ##################      ##############   . 
  .   #############        ################        #############   . 
  .   ############          ##############          ############   . 
  .  #############           ############           #############  . 
  .  ##############           ##########           ##############  . 
  . ################           ########           ################ . 
  . #################           ######           ################# . 
  . ##################           ####           ################## . 
  . ###################           ##           ################### . 
  .#####################                      #####################. 
  .######################                    ######################. 
  .#######################                  #######################. 
  .########################                ########################. 
  .#########################              #########################. 
  .##########################            ##########################. 
  .##########################            ##########################. 
  .#########################              #########################. 
  .########################                ########################. 
  .#######################                  #######################. 
  .######################                    ######################. 
  .#####################                      #####################. 
  . ###################           ##           ################### . 
  . ##################           ####           ################## . 
  . #################           ######           ################# . 
  . ################           ########           ################ . 
  .  ##############           ##########           ##############  . 
  .  #############           ############           #############  . 
  .   ############          ##############          ############   . 
  .   #############        ################        #############   . 
  .   ##############      ##################      ##############   . 
  .    ##############    ####################    ##############    . 
  .     ##############  ######################  ##############     . 
  .     ######################################################     . 
  .      ####################################################      . 
  .       ##################################################       . 
  .       ##################################################       . 
  .        ################################################        . 
  .         ##############################################         . 
  .          ############################################          . 
  .           ##########################################           . 
  .             ######################################             . 
  .              ####################################              . 
  .                ################################                . 
  .                 ##############################                 . 
  .                    ########################                    . 
  .                      ####################                      . 
  .                          ############                          . 

Char 67 (/home/kraus/git/open-iconic/png/task-8x.png), width 64
  .############################################                    . 
  .###########################################            ##       . 
  .##########################################            ####      . 
  .#########################################            ######     . 
  .########################################            ########    . 
  .#######################################            ##########   . 
  .######################################            ############  . 
  .#####################################            ############## . 
  .########                                        ############### . 
  .########                                       ###############  . 
  .########                                      ###############   . 
  .########                                     ###############    . 
  .########                                    ###############     . 
  .########                                   ###############      . 
  .########                                  ###############       . 
  .########                                 ###############        . 
  .########                                ###############         . 
  .########               ##              ###############          . 
  .########              ####            ###############           . 
  .########             ######          ###############            . 
  .########            ########        ###############             . 
  .########           ##########      ###############              . 
  .########          ############    ###############               . 
  .########         ##############  ###############                . 
  .########         ##############################                 . 
  .########          ############################                  . 
  .########           ##########################                   . 
  .########            ########################                    . 
  .########             ######################            #        . 
  .########              ####################            ##        . 
  .########               ##################            ###        . 
  .########                ################            ####        . 
  .########                 ##############            #####        . 
  .########                  ############            ######        . 
  .########                   ##########            #######        . 
  .########                    ########            ########        . 
  .########                     ######             ########        . 
  .########                      ####              ########        . 
  .########                       ##               ########        . 
  .########                                        ########        . 
  .########                                        ########        . 
  .########                                        ########        . 
  .########                                        ########        . 
  .########                                        ########        . 
  .########                                        ########        . 
  .########                                        ########        . 
  .########                                        ########        . 
  .########                                        ########        . 
  .########################################################        . 
  .########################################################        . 
  .########################################################        . 
  .########################################################        . 
  .########################################################        . 
  .########################################################        . 
  .########################################################        . 
  .########################################################        . 
  .                                                                . 
  .                                                                . 
  .                                                                . 
  .                                                                . 
  .                                                                . 
  .                                                                . 
  .                                                                . 
  .                                                                . 

Char 68 (/home/kraus/git/open-iconic/png/x-8x.png), width 64
  .           #                                       #            . 
  .          ###                                     ###           . 
  .         #####                                   #####          . 
  .        #######                                 #######         . 
  .       #########                               #########        . 
  .      ###########                             ###########       . 
  .     #############                           #############      . 
  .    ###############                         ###############     . 
  .   #################                       #################    . 
  .  ###################                     ###################   . 
  . #####################                   #####################  . 
  .#######################                 ######################  . 
  . #######################               #######################  . 
  .  #######################             #######################   . 
  .   #######################           #######################    . 
  .    #######################         #######################     . 
  .     #######################       #######################      . 
  .      #######################     #######################       . 
  .       #######################   #######################        . 
  .        ####################### #######################         . 
  .         #############################################          . 
  .          ###########################################           . 
  .           #########################################            . 
  .            #######################################             . 
  .             #####################################              . 
  .              ###################################               . 
  .               #################################                . 
  .                ###############################                 . 
  .                 #############################                  . 
  .                  ###########################                   . 
  .                   #########################                    . 
  .                    #######################                     . 
  .                   #########################                    . 
  .                  ###########################                   . 
  .                 #############################                  . 
  .                ###############################                 . 
  .               #################################                . 
  .              ###################################               . 
  .             #####################################              . 
  .            #######################################             . 
  .           #########################################            . 
  .          ###########################################           . 
  .         #############################################          . 
  .        ####################### #######################         . 
  .       #######################   #######################        . 
  .      #######################     #######################       . 
  .     #######################       #######################      . 
  .    #######################         #######################     . 
  .   #######################           #######################    . 
  .  #######################             #######################   . 
  . #######################               #######################  . 
  .#######################                 ######################  . 
  . #####################                   #####################  . 
  .  ###################                     ###################   . 
  .   #################                       #################    . 
  .    ###############                         ###############     . 
  .     #############                           #############      . 
  .      ###########                             ###########       . 
  .       #########                               #########        . 
  .        #######                                 #######         . 
  .         #####                                   #####          . 
  .          ###                                     ###           . 
  .                                                                . 
  .                                                                . 
