Font: open_iconic_play_6x (Symbols-bdf-sources/open_iconic_play_6x.bdf)
Declared name: open_iconic_play_6x
Declared family: iconic
Declared weight: none
Declared size: None
Characters: 18
Height: 48
Baseline: 48
Max width: 48
Fixed width: True

Char 64 (/home/kraus/git/open-iconic/png/audio-spectrum-6x.png), width 48
  .                        ######                  . 
  .                        ######                  . 
  .                        ######                  . 
  .                        ######                  . 
  .                        ######                  . 
  .                        ######                  . 
  .            ######      ######                  . 
  .            ######      ######                  . 
  .            ######      ######                  . 
  .            ######      ######                  . 
  .            ######      ######                  . 
  .            ######      ######                  . 
  .            ######      ######      ######      . 
  .            ######      ######      ######      . 
  .            ######      ######      ######      . 
  .            ######      ######      ######      . 
  .            ######      ######      ######      . 
  .            ######      ######      ######      . 
  .######      ######      ######      ######      . 
  .######      ######      ######      ######      . 
  .######      ######      ######      ######      . 
  .######      ######      ######      ######      . 
  .######      ######      ######      ######      . 
  .######      ######      ######      ######      . 
  .######      ######      ######      ######      . 
  .######      ######      ######      ######      . 
  .######      ######      ######      ######      . 
  .######      ######      ######      ######      . 
  .######      ######      ######      ######      . 
  .######      ######      ######      ######      . 
  .            ######      ######      ######      . 
  .            ######      ######      ######      . 
  .            ######      ######      ######      . 
  .            ######      ######      ######      . 
  .            ######      ######      ######      . 
  .            ######      ######      ######      . 
  .            ######      ######                  . 
  .            ######      ######                  . 
  .            ######      ######                  . 
  .            ######      ######                  . 
  .            ######      ######                  . 
  .            ######      ######                  . 
  .                        ######                  . 
  .                        ######                  . 
  .                        ######                  . 
  .                        ######                  . 
  .                        ######                  . 
  .                        ######                  . 

Char 65 (/home/kraus/git/open-iconic/png/bullhorn-6x.png), width 48
  .                                    ######      . 
  .                                    ######      . 
  .                                    ######      . 
  .                             #      ######      . 
  .                           ###      ######      . 
  .                         #####      ######      . 
  .                       #######      ######      . 
  .                     #########      ######      . 
  .                   ###########      ######      . 
  .                 #############      ######      . 
  .               ###############      ######      . 
  .             #################      ######      . 
  .##############################      ######      . 
  .##############################      ######      . 
  .##############################      ######      . 
  .##############################      ######      . 
  .##############################      ######      . 
  .##############################      ######      . 
  .##############################      ######      . 
  .##############################      ######      . 
  .##############################      ######      . 
  .##############################      ######      . 
  .##############################      ######      . 
  .##############################      ######      . 
  .      ########################      ######      . 
  .       #######################      ######      . 
  .       ######    #############      ######      . 
  .       #######     ###########      ######      . 
  .        ######       #########      ######      . 
  .        ######         #######      ######      . 
  .        #######          #####      ######      . 
  .         ######            ###      ######      . 
  .         #######             #      ######      . 
  .          ######                    ######      . 
  .          ######                    ######      . 
  .          #######                   ######      . 
  .           ######                               . 
  .           #######                              . 
  .            ######                              . 
  .            ######                              . 
  .            ######                              . 
  .             ####                               . 
  .                                                . 
  .                                                . 
  .                                                . 
  .                                                . 
  .                                                . 
  .                                                . 

Char 66 (/home/kraus/git/open-iconic/png/eject-6x.png), width 48
  .                                                . 
  .                       ##                       . 
  .                      ####                      . 
  .                     ######                     . 
  .                    ########                    . 
  .                    ########                    . 
  .                   ##########                   . 
  .                  ############                  . 
  .                 ##############                 . 
  .                ################                . 
  .                ################                . 
  .               ##################               . 
  .              ####################              . 
  .             ######################             . 
  .            ########################            . 
  .            ########################            . 
  .           ##########################           . 
  .          ############################          . 
  .         ##############################         . 
  .        ################################        . 
  .        ################################        . 
  .       ##################################       . 
  .      ####################################      . 
  .     ######################################     . 
  .    ########################################    . 
  .    ########################################    . 
  .   ##########################################   . 
  .  ############################################  . 
  . ############################################## . 
  .################################################. 
  .                                                . 
  .                                                . 
  .                                                . 
  .                                                . 
  .                                                . 
  .                                                . 
  .################################################. 
  .################################################. 
  .################################################. 
  .################################################. 
  .################################################. 
  .################################################. 
  .################################################. 
  .################################################. 
  .################################################. 
  .################################################. 
  .################################################. 
  .################################################. 

Char 67 (/home/kraus/git/open-iconic/png/headphones-6x.png), width 48
  .                    ########                    . 
  .                 ##############                 . 
  .               ##################               . 
  .             ######################             . 
  .            ########################            . 
  .           ##########################           . 
  .          ###########      ###########          . 
  .         #########            #########         . 
  .         ########              ########         . 
  .        ########                ########        . 
  .        #######                  #######        . 
  .       #######                    #######       . 
  .       ######                      ######       . 
  .       ######                      ######       . 
  .      #######                      #######      . 
  .      ######                        ######      . 
  .      ######                        ######      . 
  .      ######                        ######      . 
  .      ######                        ######      . 
  .      ######                        ######      . 
  .      ######                        ######      . 
  .      ######                        ######      . 
  .      ######                        ######      . 
  .      ######                        ######      . 
  . ###########                        ########### . 
  .############                        ############. 
  .############                        ############. 
  .############                        ############. 
  .############                        ############. 
  .############                        ############. 
  .############                        ############. 
  .############                        ############. 
  .############                        ############. 
  .############                        ############. 
  .############                        ############. 
  .############                        ############. 
  .############                        ############. 
  .############                        ############. 
  .############                        ############. 
  .############                        ############. 
  .############                        ############. 
  . ##########                          ########## . 
  .                                                . 
  .                                                . 
  .                                                . 
  .                                                . 
  .                                                . 
  .                                                . 

Char 68 (/home/kraus/git/open-iconic/png/media-pause-6x.png), width 48
  .                                                . 
  .                                                . 
  .                                                . 
  .                                                . 
  .                                                . 
  .                                                . 
  .      ############            ############      . 
  .      ############            ############      . 
  .      ############            ############      . 
  .      ############            ############      . 
  .      ############            ############      . 
  .      ############            ############      . 
  .      ############            ############      . 
  .      ############            ############      . 
  .      ############            ############      . 
  .      ############            ############      . 
  .      ############            ############      . 
  .      ############            ############      . 
  .      ############            ############      . 
  .      ############            ############      . 
  .      ############            ############      . 
  .      ############            ############      . 
  .      ############            ############      . 
  .      ############            ############      . 
  .      ############            ############      . 
  .      ############            ############      . 
  .      ############            ############      . 
  .      ############            ############      . 
  .      ############            ############      . 
  .      ############            ############      . 
  .      ############            ############      . 
  .      ############            ############      . 
  .      ############            ############      . 
  .      ############            ############      . 
  .      ############            ############      . 
  .      ############            ############      . 
  .      ############            ############      . 
  .      ############            ############      . 
  .      ############            ############      . 
  .      ############            ############      . 
  .      ############            ############      . 
  .      ############            ############      . 
  .                                                . 
  .                                                . 
  .                                                . 
  .                                                . 
  .                                                . 
  .                                                . 

Char 69 (/home/kraus/git/open-iconic/png/media-play-6x.png), width 48
  .                                                . 
  .                                                . 
  .                                                . 
  .                                                . 
  .                                                . 
  .                                                . 
  .      #                                         . 
  .      ###                                       . 
  .      #####                                     . 
  .      #######                                   . 
  .      #########                                 . 
  .      ###########                               . 
  .      #############                             . 
  .      ###############                           . 
  .      #################                         . 
  .      ###################                       . 
  .      #####################                     . 
  .      #######################                   . 
  .      #########################                 . 
  .      ###########################               . 
  .      #############################             . 
  .      ###############################           . 
  .      #################################         . 
  .      ###################################       . 
  .      ###################################       . 
  .      #################################         . 
  .      ###############################           . 
  .      #############################             . 
  .      ###########################               . 
  .      #########################                 . 
  .      #######################                   . 
  .      #####################                     . 
  .      ###################                       . 
  .      #################                         . 
  .      ###############                           . 
  .      #############                             . 
  .      ###########                               . 
  .      #########                                 . 
  .      #######                                   . 
  .      #####                                     . 
  .      ###                                       . 
  .      #                                         . 
  .                                                . 
  .                                                . 
  .                                                . 
  .                                                . 
  .                                                . 
  .                                                . 

Char 70 (/home/kraus/git/open-iconic/png/media-record-6x.png), width 48
  .                                                . 
  .                                                . 
  .                                                . 
  .                                                . 
  .                                                . 
  .                                                . 
  .                    ########                    . 
  .                 ##############                 . 
  .               ##################               . 
  .             ######################             . 
  .            ########################            . 
  .           ##########################           . 
  .          ############################          . 
  .         ##############################         . 
  .         ##############################         . 
  .        ################################        . 
  .        ################################        . 
  .       ##################################       . 
  .       ##################################       . 
  .       ##################################       . 
  .      ####################################      . 
  .      ####################################      . 
  .      ####################################      . 
  .      ####################################      . 
  .      ####################################      . 
  .      ####################################      . 
  .      ####################################      . 
  .      ####################################      . 
  .       ##################################       . 
  .       ##################################       . 
  .       ##################################       . 
  .        ################################        . 
  .        ################################        . 
  .         ##############################         . 
  .         ##############################         . 
  .          ############################          . 
  .           ##########################           . 
  .            ########################            . 
  .             ######################             . 
  .               ##################               . 
  .                 ##############                 . 
  .                    ########                    . 
  .                                                . 
  .                                                . 
  .                                                . 
  .                                                . 
  .                                                . 
  .                                                . 

Char 71 (/home/kraus/git/open-iconic/png/media-skip-backward-6x.png), width 48
  .                                                . 
  .                                                . 
  .                                                . 
  .                                                . 
  .                                                . 
  .                                                . 
  .                       #                       #. 
  .                      ##                      ##. 
  .                     ###                     ###. 
  .                   #####                   #####. 
  .                  ######                  ######. 
  .                 #######                 #######. 
  .               #########               #########. 
  .              ##########              ##########. 
  .             ###########             ###########. 
  .           #############           #############. 
  .          ##############          ##############. 
  .         ###############         ###############. 
  .       #################       #################. 
  .      ##################      ##################. 
  .     ###################     ###################. 
  .   #####################   #####################. 
  .  ######################  ######################. 
  . ####################### #######################. 
  . ####################### #######################. 
  .  ######################  ######################. 
  .   #####################   #####################. 
  .     ###################     ###################. 
  .      ##################      ##################. 
  .       #################       #################. 
  .         ###############         ###############. 
  .          ##############          ##############. 
  .           #############           #############. 
  .             ###########             ###########. 
  .              ##########              ##########. 
  .               #########               #########. 
  .                 #######                 #######. 
  .                  ######                  ######. 
  .                   #####                   #####. 
  .                     ###                     ###. 
  .                      ##                      ##. 
  .                       #                       #. 
  .                                                . 
  .                                                . 
  .                                                . 
  .                                                . 
  .                                                . 
  .                                                . 

Char 72 (/home/kraus/git/open-iconic/png/media-skip-forward-6x.png), width 48
  .                                                . 
  .                                                . 
  .                                                . 
  .                                                . 
  .                                                . 
  .                                                . 
  .#                       #                       . 
  .##                      ##                      . 
  .###                     ###                     . 
  .#####                   #####                   . 
  .######                  ######                  . 
  .#######                 #######                 . 
  .#########               #########               . 
  .##########              ##########              . 
  .###########             ###########             . 
  .#############           #############           . 
  .##############          ##############          . 
  .###############         ###############         . 
  .#################       #################       . 
  .##################      ##################      . 
  .###################     ###################     . 
  .#####################   #####################   . 
  .######################  ######################  . 
  .####################### ####################### . 
  .####################### ####################### . 
  .######################  ######################  . 
  .#####################   #####################   . 
  .###################     ###################     . 
  .##################      ##################      . 
  .#################       #################       . 
  .###############         ###############         . 
  .##############          ##############          . 
  .#############           #############           . 
  .###########             ###########             . 
  .##########              ##########              . 
  .#########               #########               . 
  .#######                 #######                 . 
  .######                  ######                  . 
  .#####                   #####                   . 
  .###                     ###                     . 
  .##                      ##                      . 
  .#                       #                       . 
  .                                                . 
  .                                                . 
  .                                                . 
  .                                                . 
  .                                                . 
  .                                                . 

Char 73 (/home/kraus/git/open-iconic/png/media-step-backward-6x.png), width 48
  .                                                . 
  .                                                . 
  .                                                . 
  .                                                . 
  .                                                . 
  .                                                . 
  .############                             #      . 
  .############                            ##      . 
  .############                          ####      . 
  .############                        ######      . 
  .############                       #######      . 
  .############                     #########      . 
  .############                   ###########      . 
  .############                  ############      . 
  .############                ##############      . 
  .############              ################      . 
  .############             #################      . 
  .############           ###################      . 
  .############         #####################      . 
  .############        ######################      . 
  .############      ########################      . 
  .############    ##########################      . 
  .############   ###########################      . 
  .############ #############################      . 
  .############ #############################      . 
  .############   ###########################      . 
  .############    ##########################      . 
  .############      ########################      . 
  .############        ######################      . 
  .############         #####################      . 
  .############           ###################      . 
  .############             #################      . 
  .############              ################      . 
  .############                ##############      . 
  .############                  ############      . 
  .############                   ###########      . 
  .############                     #########      . 
  .############                       #######      . 
  .############                        ######      . 
  .############                          ####      . 
  .############                            ##      . 
  .############                             #      . 
  .                                                . 
  .                                                . 
  .                                                . 
  .                                                . 
  .                                                . 
  .                                                . 

Char 74 (/home/kraus/git/open-iconic/png/media-step-forward-6x.png), width 48
  .                                                . 
  .                                                . 
  .                                                . 
  .                                                . 
  .                                                . 
  .                                                . 
  .#                             ############      . 
  .##                            ############      . 
  .####                          ############      . 
  .######                        ############      . 
  .#######                       ############      . 
  .#########                     ############      . 
  .###########                   ############      . 
  .############                  ############      . 
  .##############                ############      . 
  .################              ############      . 
  .#################             ############      . 
  .###################           ############      . 
  .#####################         ############      . 
  .######################        ############      . 
  .########################      ############      . 
  .##########################    ############      . 
  .###########################   ############      . 
  .############################# ############      . 
  .############################# ############      . 
  .###########################   ############      . 
  .##########################    ############      . 
  .########################      ############      . 
  .######################        ############      . 
  .#####################         ############      . 
  .###################           ############      . 
  .#################             ############      . 
  .################              ############      . 
  .##############                ############      . 
  .############                  ############      . 
  .###########                   ############      . 
  .#########                     ############      . 
  .#######                       ############      . 
  .######                        ############      . 
  .####                          ############      . 
  .##                            ############      . 
  .#                             ############      . 
  .                                                . 
  .                                                . 
  .                                                . 
  .                                                . 
  .                                                . 
  .                                                . 

Char 75 (/home/kraus/git/open-iconic/png/media-stop-6x.png), width 48
  .                                                . 
  .                                                . 
  .                                                . 
  .                                                . 
  .                                                . 
  .                                                . 
  .      ####################################      . 
  .      ####################################      . 
  .      ####################################      . 
  .      ####################################      . 
  .      ####################################      . 
  .      ####################################      . 
  .      ####################################      . 
  .      ####################################      . 
  .      ####################################      . 
  .      ####################################      . 
  .      ####################################      . 
  .      ####################################      . 
  .      ####################################      . 
  .      ####################################      . 
  .      ####################################      . 
  .      ####################################      . 
  .      ####################################      . 
  .      ####################################      . 
  .      ####################################      . 
  .      ####################################      . 
  .      ####################################      . 
  .      ####################################      . 
  .      ####################################      . 
  .      ####################################      . 
  .      ####################################      . 
  .      ####################################      . 
  .      ####################################      . 
  .      ####################################      . 
  .      ####################################      . 
  .      ####################################      . 
  .      ####################################      . 
  .      ####################################      . 
  .      ####################################      . 
  .      ####################################      . 
  .      ####################################      . 
  .      ####################################      . 
  .                                                . 
  .                                                . 
  .                                                . 
  .                                                . 
  .                                                . 
  .                                                . 

Char 76 (/home/kraus/git/open-iconic/png/microphone-6x.png), width 48
  .                     ######                     . 
  .                    ########                    . 
  .                   ##########                   . 
  .                  ############                  . 
  .                  ############                  . 
  .                  ############                  . 
  .                  ############                  . 
  .                  ############                  . 
  .                  ############                  . 
  .                  ############                  . 
  .                  ############                  . 
  .                  ############                  . 
  .       ####       ############       ####       . 
  .      ######      ############       #####      . 
  .      ######      ############      ######      . 
  .      ######      ############      ######      . 
  .      ######      ############      ######      . 
  .      ######      ############      ######      . 
  .      ######      ############      ######      . 
  .      ######      ############      ######      . 
  .      ######       ##########       ######      . 
  .      #######      ##########       ######      . 
  .       ######       ########       #######      . 
  .       ######         ####         ######       . 
  .       #######                    #######       . 
  .        #######                  #######        . 
  .        ########                 #######        . 
  .         ########              ########         . 
  .          ########            #########         . 
  .          ###########       ##########          . 
  .           ##########################           . 
  .            ########################            . 
  .              #####################             . 
  .               ##################               . 
  .                 ##############                 . 
  .                     #######                    . 
  .                     ######                     . 
  .                     ######                     . 
  .                     ######                     . 
  .                     ######                     . 
  .                     ######                     . 
  .                     ######                     . 
  .                ################                . 
  .              ####################              . 
  .             ######################             . 
  .             #######################            . 
  .            ########################            . 
  .            ########################            . 

Char 77 (/home/kraus/git/open-iconic/png/musical-note-6x.png), width 48
  .                                  ##############. 
  .                          ######################. 
  .                     ###########################. 
  .                 ###############################. 
  .               #################################. 
  .             ###################################. 
  .            ####################################. 
  .            ####################################. 
  .            ####################################. 
  .            ####################################. 
  .            ####################################. 
  .            ####################################. 
  .            #######################       ######. 
  .            ##############                ######. 
  .            ########                      ######. 
  .            ######                        ######. 
  .            ######                        ######. 
  .            ######                        ######. 
  .            ######                        ######. 
  .            ######                        ######. 
  .            ######                        ######. 
  .            ######                        ######. 
  .            ######                        ######. 
  .            ######                        ######. 
  .            ######                  ############. 
  .            ######                ##############. 
  .            ######               ###############. 
  .            ######              ################. 
  .            ######             #################. 
  .            ######             #################. 
  .      ############            ##################. 
  .    ##############            ##################. 
  .   ###############            ##################. 
  .  ################            ##################. 
  . #################            ##################. 
  . #################            ##################. 
  .##################             ################ . 
  .##################             ################ . 
  .##################              ##############  . 
  .##################               ############   . 
  .##################                ##########    . 
  .##################                  ######      . 
  . ################                               . 
  . ################                               . 
  .  ##############                                . 
  .   ############                                 . 
  .    ##########                                  . 
  .      ######                                    . 

Char 78 (/home/kraus/git/open-iconic/png/play-circle-6x.png), width 48
  .                   ##########                   . 
  .                ################                . 
  .             ######################             . 
  .            ########################            . 
  .          ############################          . 
  .         ##############################         . 
  .        ################################        . 
  .       ##################################       . 
  .      ####################################      . 
  .     ######################################     . 
  .    ########################################    . 
  .    ########################################    . 
  .   ############### ##########################   . 
  .  ################  ##########################  . 
  .  ################    ########################  . 
  .  ################     #######################  . 
  . #################       ###################### . 
  . #################        ##################### . 
  . #################          ################### . 
  .##################           ###################. 
  .##################             #################. 
  .##################              ################. 
  .##################                ##############. 
  .##################                 #############. 
  .##################                 #############. 
  .##################                ##############. 
  .##################              ################. 
  .##################             #################. 
  .##################           ###################. 
  . #################          ################### . 
  . #################        ##################### . 
  . #################       ###################### . 
  .  ################     #######################  . 
  .  ################    ########################  . 
  .  ################  ##########################  . 
  .   ############### ##########################   . 
  .    ########################################    . 
  .    ########################################    . 
  .     ######################################     . 
  .      ####################################      . 
  .       ##################################       . 
  .        ################################        . 
  .         ##############################         . 
  .          ############################          . 
  .            ########################            . 
  .             ######################             . 
  .                ################                . 
  .                   ##########                   . 

Char 79 (/home/kraus/git/open-iconic/png/volume-high-6x.png), width 48
  .                    ####                        . 
  .                   #####                        . 
  .                  ######                        . 
  .                  ######                        . 
  .                 #######                        . 
  .                ########                        . 
  .                ########      ####              . 
  .               #########      #######           . 
  .              ##########      #########         . 
  .              ##########      ###########       . 
  .             ###########      ############      . 
  .            ############      #############     . 
  .########################          ##########    . 
  .########################            #########   . 
  .########################             ########   . 
  .########################              ########  . 
  .########################               #######  . 
  .########################                ####### . 
  .########################      ##         ###### . 
  .########################      ####       ###### . 
  .########################      #####      #######. 
  .########################      #####       ######. 
  .########################      ######      ######. 
  .########################      ######      ######. 
  .########################      ######      ######. 
  .########################      ######      ######. 
  .########################      #####       ######. 
  .########################      #####      #######. 
  .########################      ####       ###### . 
  .########################      ##         ###### . 
  .########################                ####### . 
  .########################               #######  . 
  .########################              ########  . 
  .########################             ########   . 
  .########################            #########   . 
  .########################         ###########    . 
  .            ############      #############     . 
  .             ###########      ############      . 
  .              ##########      ###########       . 
  .              ##########      #########         . 
  .               #########      #######           . 
  .                ########      ####              . 
  .                ########                        . 
  .                 #######                        . 
  .                  ######                        . 
  .                  ######                        . 
  .                   #####                        . 
  .                    ####                        . 

Char 80 (/home/kraus/git/open-iconic/png/volume-low-6x.png), width 48
  .                          ####                  . 
  .                         #####                  . 
  .                        ######                  . 
  .                        ######                  . 
  .                       #######                  . 
  .                      ########                  . 
  .                      ########                  . 
  .                     #########                  . 
  .                    ##########                  . 
  .                    ##########                  . 
  .                   ###########                  . 
  .                  ############                  . 
  .      ########################                  . 
  .      ########################                  . 
  .      ########################                  . 
  .      ########################                  . 
  .      ########################                  . 
  .      ########################                  . 
  .      ########################      ##          . 
  .      ########################      ####        . 
  .      ########################      #####       . 
  .      ########################      #####       . 
  .      ########################      ######      . 
  .      ########################      ######      . 
  .      ########################      ######      . 
  .      ########################      ######      . 
  .      ########################      #####       . 
  .      ########################      #####       . 
  .      ########################      ####        . 
  .      ########################      ##          . 
  .      ########################                  . 
  .      ########################                  . 
  .      ########################                  . 
  .      ########################                  . 
  .      ########################                  . 
  .      ########################                  . 
  .                  ############                  . 
  .                   ###########                  . 
  .                    ##########                  . 
  .                    ##########                  . 
  .                     #########                  . 
  .                      ########                  . 
  .                      ########                  . 
  .                       #######                  . 
  .                        ######                  . 
  .                        ######                  . 
  .                         #####                  . 
  .                          ####                  . 

Char 81 (/home/kraus/git/open-iconic/png/volume-off-6x.png), width 48
  .                                ####            . 
  .                               #####            . 
  .                              ######            . 
  .                              ######            . 
  .                             #######            . 
  .                            ########            . 
  .                            ########            . 
  .                           #########            . 
  .                          ##########            . 
  .                          ##########            . 
  .                         ###########            . 
  .                        ############            . 
  .            ########################            . 
  .            ########################            . 
  .            ########################            . 
  .            ########################            . 
  .            ########################            . 
  .            ########################            . 
  .            ########################            . 
  .            ########################            . 
  .            ########################            . 
  .            ########################            . 
  .            ########################            . 
  .            ########################            . 
  .            ########################            . 
  .            ########################            . 
  .            ########################            . 
  .            ########################            . 
  .            ########################            . 
  .            ########################            . 
  .            ########################            . 
  .            ########################            . 
  .            ########################            . 
  .            ########################            . 
  .            ########################            . 
  .            ########################            . 
  .                        ############            . 
  .                         ###########            . 
  .                          ##########            . 
  .                          ##########            . 
  .                           #########            . 
  .                            ########            . 
  .                            ########            . 
  .                             #######            . 
  .                              ######            . 
  .                              ######            . 
  .                               #####            . 
  .                                ####            . 
