Font: open_iconic_app_6x (Symbols-bdf-sources/open_iconic_app_6x.bdf)
Declared name: open_iconic_app_6x
Declared family: iconic
Declared weight: none
Declared size: None
Characters: 9
Height: 48
Baseline: 48
Max width: 48
Fixed width: True

Char 64 (/home/kraus/git/open-iconic/png/aperture-6x.png), width 48
  .                   ##########                   . 
  .                ################                . 
  .              ####################              . 
  .             #######################            . 
  .               #####################            . 
  .                ####################            . 
  .                 ##################             . 
  .       #           ################             . 
  .      ####          ###############      #      . 
  .     ######          #############       ##     . 
  .    #########          ###########      ####    . 
  .    ##########          ##########      ####    . 
  .   ############           #######       #####   . 
  .   ##############          ######      ######   . 
  .  ################          #####      #######  . 
  .  ################            ##       #######  . 
  . ################              #      ######### . 
  . ##############                       ######### . 
  . #############                        ######### . 
  .#############                        ###########. 
  .###########                          ###########. 
  .##########                           ###########. 
  .#########                           ############. 
  .#######                             ############. 
  .######                              ############. 
  .####                               #############. 
  .###                                #############. 
  .##          #                      #############. 
  .           ##                     ############# . 
  .         #####                    ############# . 
  .        ######                                  . 
  .      ########                                  . 
  .     ##########                                 . 
  .    ###########                                 . 
  .   ############                                 . 
  .   #############                                . 
  .    ############      ######################    . 
  .    ############       #####################    . 
  .     ############      ####################     . 
  .      ###########      ###################      . 
  .       ##########       #################       . 
  .        ##########      ################        . 
  .         #########      ###############         . 
  .          ########       #############          . 
  .            #######      ###########            . 
  .             ######      ##########             . 
  .                ###       ######                . 
 __                          ###                   __

Char 65 (/home/kraus/git/open-iconic/png/calculator-6x.png), width 48
  .##########################################      . 
  .##########################################      . 
  .##########################################      . 
  .##########################################      . 
  .##########################################      . 
  .##########################################      . 
  .######                              ######      . 
  .######                              ######      . 
  .######                              ######      . 
  .######                              ######      . 
  .######                              ######      . 
  .######                              ######      . 
  .######                              ######      . 
  .######                              ######      . 
  .######                              ######      . 
  .######                              ######      . 
  .######                              ######      . 
  .######                              ######      . 
  .##########################################      . 
  .##########################################      . 
  .##########################################      . 
  .##########################################      . 
  .##########################################      . 
  .##########################################      . 
  .######      ######      ######      ######      . 
  .######      ######      ######      ######      . 
  .######      ######      ######      ######      . 
  .######      ######      ######      ######      . 
  .######      ######      ######      ######      . 
  .######      ######      ######      ######      . 
  .##############################      ######      . 
  .##############################      ######      . 
  .##############################      ######      . 
  .##############################      ######      . 
  .##############################      ######      . 
  .##############################      ######      . 
  .######      ######      ######      ######      . 
  .######      ######      ######      ######      . 
  .######      ######      ######      ######      . 
  .######      ######      ######      ######      . 
  .######      ######      ######      ######      . 
  .######      ######      ######      ######      . 
  .##########################################      . 
  .##########################################      . 
  .##########################################      . 
  .##########################################      . 
  .##########################################      . 
 __##########################################      __

Char 66 (/home/kraus/git/open-iconic/png/calendar-6x.png), width 48
  .##########################################      . 
  .##########################################      . 
  .##########################################      . 
  .##########################################      . 
  .##########################################      . 
  .##########################################      . 
  .##########################################      . 
  .##########################################      . 
  .##########################################      . 
  .##########################################      . 
  .##########################################      . 
  .##########################################      . 
  .                                                . 
  .                                                . 
  .                                                . 
  .                                                . 
  .                                                . 
  .                                                . 
  .##########################################      . 
  .##########################################      . 
  .##########################################      . 
  .##########################################      . 
  .##########################################      . 
  .##########################################      . 
  .######      ######      ######      ######      . 
  .######      ######      ######      ######      . 
  .######      ######      ######      ######      . 
  .######      ######      ######      ######      . 
  .######      ######      ######      ######      . 
  .######      ######      ######      ######      . 
  .##########################################      . 
  .##########################################      . 
  .##########################################      . 
  .##########################################      . 
  .##########################################      . 
  .##########################################      . 
  .######      ######      ##################      . 
  .######      ######      ##################      . 
  .######      ######      ##################      . 
  .######      ######      ##################      . 
  .######      ######      ##################      . 
  .######      ######      ##################      . 
  .##########################################      . 
  .##########################################      . 
  .##########################################      . 
  .##########################################      . 
  .##########################################      . 
 __##########################################      __

Char 67 (/home/kraus/git/open-iconic/png/camera-slr-6x.png), width 48
  .                        ############            . 
  .                       #############            . 
  .                       ##############           . 
  .                      ###############           . 
  .                      ################          . 
  .                     ##################         . 
  .                     ##################         . 
  .                    ####################        . 
  .                    ####################        . 
  .                   ######################       . 
  .                   ######################       . 
  .                  ########################      . 
  .      ##########################################. 
  .    ############################################. 
  .   #############################################. 
  .  ##############################################. 
  . ###############################################. 
  . ###############################################. 
  .#######    ################      ###############. 
  .######      ############            ############. 
  .######      ###########              ###########. 
  .######      ##########                ##########. 
  .######      #########                  #########. 
  .#######    #########                    ########. 
  .###################         ####         #######. 
  .###################       ########       #######. 
  .###################      ##########      #######. 
  .##################       ##########       ######. 
  .##################      ############      ######. 
  .##################      ############      ######. 
  .##################      ############      ######. 
  .##################      ############      ######. 
  .##################       ##########       ######. 
  .###################      ##########      #######. 
  .###################       ########       #######. 
  .###################         ####         #######. 
  .####################                    ########. 
  .#####################                  #########. 
  .######################                ##########. 
  .#######################              ###########. 
  .########################            ############. 
  .###########################      ###############. 
  .################################################. 
  .################################################. 
  .################################################. 
  .################################################. 
  .################################################. 
 __################################################__

Char 68 (/home/kraus/git/open-iconic/png/chat-6x.png), width 48
  .##############################                  . 
  .##############################                  . 
  .##############################                  . 
  .##############################                  . 
  .##############################                  . 
  .##############################                  . 
  .############                                    . 
  .############                                    . 
  .############                                    . 
  .############                                    . 
  .############                                    . 
  .############                                    . 
  .############      ##############################. 
  .############      ##############################. 
  .############      ##############################. 
  .############      ##############################. 
  .############      ##############################. 
  .############      ##############################. 
  .############      ##############################. 
  .############      ##############################. 
  .############      ##############################. 
  .############      ##############################. 
  .############      ##############################. 
  .############      ##############################. 
  .#####             ##############################. 
  .####              ##############################. 
  .###               ##############################. 
  .##                ##############################. 
  .#                 ##############################. 
  .                  ##############################. 
  .                  ##############################. 
  .                  ##############################. 
  .                  ##############################. 
  .                  ##############################. 
  .                  ##############################. 
  .                  ##############################. 
  .                                           #####. 
  .                                            ####. 
  .                                             ###. 
  .                                              ##. 
  .                                               #. 
  .                                                . 
  .                                                . 
  .                                                . 
  .                                                . 
  .                                                . 
  .                                                . 
 __                                                __

Char 69 (/home/kraus/git/open-iconic/png/clock-6x.png), width 48
  .                   ##########                   . 
  .                ################                . 
  .             ######################             . 
  .            ########################            . 
  .          ############################          . 
  .         ##############################         . 
  .        ############        ############        . 
  .       ##########              ##########       . 
  .      #########                  #########      . 
  .     ########                      ########     . 
  .    ########                        ########    . 
  .    #######                          #######    . 
  .   #######           ######           #######   . 
  .  #######            ######            #######  . 
  .  #######            ######            #######  . 
  .  ######             ######             ######  . 
  . #######             ######             ####### . 
  . ######              ######              ###### . 
  . ######              ######              ###### . 
  .#######              ######              #######. 
  .######               ######               ######. 
  .######               ######               ######. 
  .######               ######               ######. 
  .######               #######              ######. 
  .######               ########             ######. 
  .######               #########            ######. 
  .######                #########           ######. 
  .######                 ########           ######. 
  .#######                 ######           #######. 
  . ######                  ####            ###### . 
  . ######                   ##             ###### . 
  . #######                                ####### . 
  .  ######                                ######  . 
  .  #######                              #######  . 
  .  #######                              #######  . 
  .   #######                            #######   . 
  .    #######                          #######    . 
  .    ########                        ########    . 
  .     ########                      ########     . 
  .      #########                  #########      . 
  .       ##########              ##########       . 
  .        ############        ############        . 
  .         ##############################         . 
  .          ############################          . 
  .            ########################            . 
  .             ######################             . 
  .                ################                . 
 __                   ##########                   __

Char 70 (/home/kraus/git/open-iconic/png/compass-6x.png), width 48
  .                   ##########                   . 
  .                ################                . 
  .             ######################             . 
  .            ########################            . 
  .          ############################          . 
  .         ##############################         . 
  .        ############        ############        . 
  .       ##########              ##########       . 
  .      #########                  #########      . 
  .     ########                      ########     . 
  .    ########                        ########    . 
  .    #######                          #######    . 
  .   #######                         #  #######   . 
  .  #######                       ###    #######  . 
  .  #######                    ######    #######  . 
  .  ######                  #########     ######  . 
  . #######               ###########      ####### . 
  . ######             ##############       ###### . 
  . ######           ################       ###### . 
  .#######           ###############        #######. 
  .######           ################         ######. 
  .######           #####    #######         ######. 
  .######           ####      #####          ######. 
  .######          #####      #####          ######. 
  .######          #####      #####          ######. 
  .######          #####      ####           ######. 
  .######         #######    #####           ######. 
  .######         ################           ######. 
  .#######        ###############           #######. 
  . ######       ################           ###### . 
  . ######       ##############             ###### . 
  . #######      ###########               ####### . 
  .  ######     #########                  ######  . 
  .  #######    ######                    #######  . 
  .  #######    ###                       #######  . 
  .   #######  #                         #######   . 
  .    #######                          #######    . 
  .    ########                        ########    . 
  .     ########                      ########     . 
  .      #########                  #########      . 
  .       ##########              ##########       . 
  .        ############        ############        . 
  .         ##############################         . 
  .          ############################          . 
  .            ########################            . 
  .             ######################             . 
  .                ################                . 
 __                   ##########                   __

Char 71 (/home/kraus/git/open-iconic/png/shield-6x.png), width 48
  .                       ##                       . 
  .                     ######                     . 
  .                  ############                  . 
  .                ################                . 
  .             ######################             . 
  .           ##########################           . 
  .         ##############################         . 
  .      ################  ##################      . 
  .    ###############     ####################    . 
  .  ###############       ######################  . 
  .###############         ########################. 
  .############            ########################. 
  .##########              ########################. 
  .#######                 ########################. 
  .######                  ########################. 
  .######                  ########################. 
  .#######                 ########################. 
  .#######                 ########################. 
  . ######                 ####################### . 
  . ######                 ####################### . 
  . ######                 ####################### . 
  . #######                ####################### . 
  . #######                ######################  . 
  .  ######                ######################  . 
  .  #######               ######################  . 
  .  #######               ######################  . 
  .   #######              #####################   . 
  .   #######              #####################   . 
  .    ######              ####################    . 
  .    #######             ####################    . 
  .     #######            ###################     . 
  .     #######            ###################     . 
  .      #######           ##################      . 
  .      ########          ##################      . 
  .       #######          #################       . 
  .        #######         ################        . 
  .        ########        ################        . 
  .         ########       ###############         . 
  .          ########      ##############          . 
  .           ########     #############           . 
  .            #########   ############            . 
  .             #########  ###########             . 
  .              ####################              . 
  .               ##################               . 
  .                ################                . 
  .                 ##############                 . 
  .                   ##########                   . 
 __                     ######                     __

Char 72 (/home/kraus/git/open-iconic/png/timer-6x.png), width 48
  .            ##################                  . 
  .            ##################                  . 
  .            ##################                  . 
  .            ##################                  . 
  .            ##################                  . 
  .            ##################                  . 
  .                #########                       . 
  .             ###############                    . 
  .           #################            #       . 
  .         ###################           #        . 
  .        ###################          ##         . 
  .       ####################         ##          . 
  .      ###########        #         ##           . 
  .     ##########                   ##            . 
  .    #########                   ####            . 
  .   ########                    ####             . 
  .   #######                    ####              . 
  .  #######                   #####               . 
  .  #######                  #####                . 
  . #######                  #####                 . 
  . ######                  ######       ###       . 
  . ######                #######      #####       . 
  . ######               #######      ######       . 
  .######               #######        ######      . 
  .######             ########         ######      . 
  .######             #######          ######      . 
  .######            #######           ######      . 
  .######            ######            ######      . 
  .######             #####            ######      . 
  .######             ####             ######      . 
  .######                              ######      . 
  . ######                            ######       . 
  . ######                            ######       . 
  . ######                            ######       . 
  . #######                          #######       . 
  .  #######                        #######        . 
  .  #######                        #######        . 
  .   #######                      #######         . 
  .   ########                    ########         . 
  .    #########                #########          . 
  .     #########              #########           . 
  .      ###########        ###########            . 
  .       ############################             . 
  .        ##########################              . 
  .         ########################               . 
  .           ####################                 . 
  .             ################                   . 
 __                 ########                       __
