Font: PTSansNarrow_56 (./PTSansNarrow-56.bdf)
Declared name: -freetype-pt sans narrow-medium-r-normal--77-560-100-100-p-284-iso10646-1
Declared family: pt sans narrow
Declared weight: medium
Declared size: 77
Characters: 21
Height: 73
Baseline: 56
Max width: 50
Fixed width: False

Char 37 (0025), width 50
  .           #######                      #         . 
  .         ###########                   ####       . 
  .        #############                  #####      . 
  .       ###############                #####       . 
  .      ######    ######                #####       . 
  .      #####      ######              #####        . 
  .     #####        #####             ######        . 
  .     #####        ######            #####         . 
  .     #####         #####           #####          . 
  .     #####         #####           #####          . 
  .    #####          #####          #####           . 
  .    #####          #####         ######           . 
  .    #####          #####         #####            . 
  .    #####          #####        #####             . 
  .    #####          #####        #####             . 
  .    #####          #####       #####              . 
  .    #####          #####      ######              . 
  .     #####         #####      #####               . 
  .     #####         #####     #####                . 
  .     #####        ######     #####                . 
  .     #####        #####     #####                 . 
  .      #####       #####    #####                  . 
  .      ######    #######    #####                  . 
  .       ###############    #####                   . 
  .       ##############    ######                   . 
  .         ###########     #####                    . 
  .           #######      #####                     . 
  .                        #####                     . 
  .                       #####                      . 
  .                      ######      #######         . 
  .                      #####     ###########       . 
  .                     #####     #############      . 
  .                     #####    ###############     . 
  .                    #####    ######    ######     . 
  .                   ######    #####      ######    . 
  .                   #####    #####        #####    . 
  .                  #####     #####        ######   . 
  .                  #####     #####         #####   . 
  .                 #####     ######         #####   . 
  .                ######     #####          #####   . 
  .                #####      #####          #####   . 
  .               #####       #####          #####   . 
  .               #####       #####          #####   . 
  .              #####        #####          #####   . 
  .             #####         #####          #####   . 
  .             #####         #####          #####   . 
  .            #####          ######         #####   . 
  .           ######           #####         #####   . 
  .           #####            #####        ######   . 
  .          #####             #####        #####    . 
  .          #####             ######      ######    . 
  .         #####               ######    ######     . 
  .        ######                ###############     . 
  .        #####                 ##############      . 
  .       #####                    ###########       . 
 __        ####                      #######         __
  .          #                                       . 
  .                                                  . 
  .                                                  . 
  .                                                  . 
  .                                                  . 
  .                                                  . 
  .                                                  . 
  .                                                  . 
  .                                                  . 
  .                                                  . 
  .                                                  . 
  .                                                  . 
  .                                                  . 
  .                                                  . 
  .                                                  . 
  .                                                  . 
  .                                                  . 

Char 40 (0028), width 18
  .              #   . 
  .             #### . 
  .             #####. 
  .            ##### . 
  .           ###### . 
  .           #####  . 
  .          #####   . 
  .          #####   . 
  .         ######   . 
  .         #####    . 
  .         #####    . 
  .        #####     . 
  .        #####     . 
  .       ######     . 
  .       #####      . 
  .       #####      . 
  .      ######      . 
  .      ######      . 
  .      #####       . 
  .      #####       . 
  .     ######       . 
  .     ######       . 
  .     ######       . 
  .     #####        . 
  .     #####        . 
  .     #####        . 
  .    ######        . 
  .    ######        . 
  .    ######        . 
  .    ######        . 
  .    ######        . 
  .    ######        . 
  .    #####         . 
  .    #####         . 
  .    #####         . 
  .    #####         . 
  .    #####         . 
  .    #####         . 
  .    #####         . 
  .    #####         . 
  .    #####         . 
  .    ######        . 
  .    ######        . 
  .    ######        . 
  .    ######        . 
  .    ######        . 
  .    ######        . 
  .    ######        . 
  .     #####        . 
  .     #####        . 
  .     ######       . 
  .     ######       . 
  .     ######       . 
  .      #####       . 
  .      #####       . 
 __      ######      __
  .      ######      . 
  .       #####      . 
  .       ######     . 
  .       ######     . 
  .        #####     . 
  .        ######    . 
  .        ######    . 
  .         #####    . 
  .         ######   . 
  .          #####   . 
  .          ######  . 
  .           #####  . 
  .           ###### . 
  .            ##### . 
  .            ######. 
  .             #### . 
  .              #   . 

Char 41 (0029), width 18
  .      ##          . 
  .     ###          . 
  .    #####         . 
  .     #####        . 
  .     #####        . 
  .      #####       . 
  .      #####       . 
  .       #####      . 
  .       #####      . 
  .       ######     . 
  .        #####     . 
  .        #####     . 
  .         #####    . 
  .         #####    . 
  .         ######   . 
  .         ######   . 
  .          #####   . 
  .          #####   . 
  .          ######  . 
  .           #####  . 
  .           #####  . 
  .           #####  . 
  .           ###### . 
  .           ###### . 
  .           ###### . 
  .            ##### . 
  .            ##### . 
  .            ##### . 
  .            ##### . 
  .            ######. 
  .            ######. 
  .            ######. 
  .            ######. 
  .            ######. 
  .            ######. 
  .            ######. 
  .            ######. 
  .            ######. 
  .            ######. 
  .            ######. 
  .            ######. 
  .            ######. 
  .            ######. 
  .            ######. 
  .            ######. 
  .            ##### . 
  .            ##### . 
  .            ##### . 
  .           ###### . 
  .           ###### . 
  .           ###### . 
  .           ###### . 
  .           #####  . 
  .          ######  . 
  .          ######  . 
 __          ######  __
  .          #####   . 
  .         ######   . 
  .         ######   . 
  .         #####    . 
  .        ######    . 
  .        ######    . 
  .        #####     . 
  .       ######     . 
  .       #####      . 
  .       #####      . 
  .      #####       . 
  .      #####       . 
  .     #####        . 
  .    ######        . 
  .    #####         . 
  .     ###          . 
  .       #          . 

Char 42 (002A), width 23
  .                       . 
  .        #     #        . 
  .      ###    ####      . 
  .     #####   ####      . 
  .      ####  #####      . 
  .      ####  ####       . 
  .       #### ####       . 
  .        #######        . 
  .        ######         . 
  .  ###### ####  #####   . 
  .  ##################   . 
  .  ##################   . 
  .  ###### ####  #####   . 
  .        ######         . 
  .       #### ###        . 
  .      ####  ####       . 
  .      ####  #####      . 
  .     #####   ####      . 
  .      ###    #####     . 
  .       ##     ##       . 
  .                       . 
  .                       . 
  .                       . 
  .                       . 
  .                       . 
  .                       . 
  .                       . 
  .                       . 
  .                       . 
  .                       . 
  .                       . 
  .                       . 
  .                       . 
  .                       . 
  .                       . 
  .                       . 
  .                       . 
  .                       . 
  .                       . 
  .                       . 
  .                       . 
  .                       . 
  .                       . 
  .                       . 
  .                       . 
  .                       . 
  .                       . 
  .                       . 
  .                       . 
  .                       . 
  .                       . 
  .                       . 
  .                       . 
  .                       . 
  .                       . 
 __                       __
  .                       . 
  .                       . 
  .                       . 
  .                       . 
  .                       . 
  .                       . 
  .                       . 
  .                       . 
  .                       . 
  .                       . 
  .                       . 
  .                       . 
  .                       . 
  .                       . 
  .                       . 
  .                       . 
  .                       . 

Char 43 (002B), width 32
  .                                . 
  .                                . 
  .                                . 
  .                                . 
  .                                . 
  .                                . 
  .                                . 
  .                                . 
  .                                . 
  .                                . 
  .                                . 
  .                                . 
  .                                . 
  .                                . 
  .                                . 
  .             ######             . 
  .             ######             . 
  .             ######             . 
  .             ######             . 
  .             ######             . 
  .             ######             . 
  .             ######             . 
  .             ######             . 
  .             ######             . 
  .             ######             . 
  .             ######             . 
  .             ######             . 
  .   ###########################  . 
  .   ###########################  . 
  .   ###########################  . 
  .   ###########################  . 
  .   ###########################  . 
  .             ######             . 
  .             ######             . 
  .             ######             . 
  .             ######             . 
  .             ######             . 
  .             ######             . 
  .             ######             . 
  .             ######             . 
  .             ######             . 
  .             ######             . 
  .             ######             . 
  .             ######             . 
  .                                . 
  .                                . 
  .                                . 
  .                                . 
  .                                . 
  .                                . 
  .                                . 
  .                                . 
  .                                . 
  .                                . 
  .                                . 
 __                                __
  .                                . 
  .                                . 
  .                                . 
  .                                . 
  .                                . 
  .                                . 
  .                                . 
  .                                . 
  .                                . 
  .                                . 
  .                                . 
  .                                . 
  .                                . 
  .                                . 
  .                                . 
  .                                . 
  .                                . 

Char 44 (002C), width 15
  .               . 
  .               . 
  .               . 
  .               . 
  .               . 
  .               . 
  .               . 
  .               . 
  .               . 
  .               . 
  .               . 
  .               . 
  .               . 
  .               . 
  .               . 
  .               . 
  .               . 
  .               . 
  .               . 
  .               . 
  .               . 
  .               . 
  .               . 
  .               . 
  .               . 
  .               . 
  .               . 
  .               . 
  .               . 
  .               . 
  .               . 
  .               . 
  .               . 
  .               . 
  .               . 
  .               . 
  .               . 
  .               . 
  .               . 
  .               . 
  .               . 
  .               . 
  .               . 
  .               . 
  .               . 
  .               . 
  .               . 
  .               . 
  .               . 
  .     ####      . 
  .    ######     . 
  .   ########    . 
  .   ########    . 
  .   ########    . 
  .   ########    . 
 __   ########    __
  .    #######    . 
  .       ####    . 
  .       ####    . 
  .       ####    . 
  .      #####    . 
  .      ####     . 
  .     #####     . 
  .     ####      . 
  .    #####      . 
  .  ######       . 
  .   ####        . 
  .    #          . 
  .               . 
  .               . 
  .               . 
  .               . 
  .               . 

Char 45 (002D), width 23
  .                       . 
  .                       . 
  .                       . 
  .                       . 
  .                       . 
  .                       . 
  .                       . 
  .                       . 
  .                       . 
  .                       . 
  .                       . 
  .                       . 
  .                       . 
  .                       . 
  .                       . 
  .                       . 
  .                       . 
  .                       . 
  .                       . 
  .                       . 
  .                       . 
  .                       . 
  .                       . 
  .                       . 
  .                       . 
  .                       . 
  .                       . 
  .                       . 
  .                       . 
  .                       . 
  .                       . 
  .    ###############    . 
  .    ###############    . 
  .    ###############    . 
  .    ###############    . 
  .    ###############    . 
  .                       . 
  .                       . 
  .                       . 
  .                       . 
  .                       . 
  .                       . 
  .                       . 
  .                       . 
  .                       . 
  .                       . 
  .                       . 
  .                       . 
  .                       . 
  .                       . 
  .                       . 
  .                       . 
  .                       . 
  .                       . 
  .                       . 
 __                       __
  .                       . 
  .                       . 
  .                       . 
  .                       . 
  .                       . 
  .                       . 
  .                       . 
  .                       . 
  .                       . 
  .                       . 
  .                       . 
  .                       . 
  .                       . 
  .                       . 
  .                       . 
  .                       . 
  .                       . 

Char 46 (002E), width 14
  .              . 
  .              . 
  .              . 
  .              . 
  .              . 
  .              . 
  .              . 
  .              . 
  .              . 
  .              . 
  .              . 
  .              . 
  .              . 
  .              . 
  .              . 
  .              . 
  .              . 
  .              . 
  .              . 
  .              . 
  .              . 
  .              . 
  .              . 
  .              . 
  .              . 
  .              . 
  .              . 
  .              . 
  .              . 
  .              . 
  .              . 
  .              . 
  .              . 
  .              . 
  .              . 
  .              . 
  .              . 
  .              . 
  .              . 
  .              . 
  .              . 
  .              . 
  .              . 
  .              . 
  .              . 
  .              . 
  .              . 
  .              . 
  .     ####     . 
  .    ######    . 
  .   ########   . 
  .   ########   . 
  .   ########   . 
  .   ########   . 
  .   ########   . 
 __    ######    __
  .     ####     . 
  .              . 
  .              . 
  .              . 
  .              . 
  .              . 
  .              . 
  .              . 
  .              . 
  .              . 
  .              . 
  .              . 
  .              . 
  .              . 
  .              . 
  .              . 
  .              . 

Char 47 (002F), width 27
  .                       #   . 
  .                      #####. 
  .                      #####. 
  .                      #####. 
  .                     ##### . 
  .                     ##### . 
  .                    #####  . 
  .                    #####  . 
  .                    #####  . 
  .                   #####   . 
  .                   #####   . 
  .                   #####   . 
  .                  #####    . 
  .                  #####    . 
  .                  #####    . 
  .                 #####     . 
  .                 #####     . 
  .                 #####     . 
  .                #####      . 
  .                #####      . 
  .                #####      . 
  .               #####       . 
  .               #####       . 
  .              ######       . 
  .              #####        . 
  .              #####        . 
  .             #####         . 
  .             #####         . 
  .             #####         . 
  .            #####          . 
  .            #####          . 
  .            #####          . 
  .           #####           . 
  .           #####           . 
  .           #####           . 
  .          #####            . 
  .          #####            . 
  .          #####            . 
  .         #####             . 
  .         #####             . 
  .         #####             . 
  .        #####              . 
  .        #####              . 
  .       ######              . 
  .       #####               . 
  .       #####               . 
  .      ######               . 
  .      #####                . 
  .      #####                . 
  .     #####                 . 
  .     #####                 . 
  .     #####                 . 
  .    #####                  . 
  .    #####                  . 
  .    #####                  . 
 __   #####                   __
  .   #####                   . 
  .   #####                   . 
  .  #####                    . 
  .  #####                    . 
  . ######                    . 
  . #####                     . 
  . #####                     . 
  .######                     . 
  .#####                      . 
  .#####                      . 
  .   ##                      . 
  .                           . 
  .                           . 
  .                           . 
  .                           . 
  .                           . 
  .                           . 

Char 48 (0030), width 35
  .              #######              . 
  .            ############           . 
  .          ###############          . 
  .         #################         . 
  .        ###################        . 
  .       ########     ########       . 
  .       ######         #######      . 
  .      #######          ######      . 
  .      ######           ######      . 
  .     ######             ######     . 
  .     ######             ######     . 
  .     ######             ######     . 
  .     #####               ######    . 
  .    ######               ######    . 
  .    ######               ######    . 
  .    ######               ######    . 
  .    #####                 #####    . 
  .    #####                 ######   . 
  .   ######                 ######   . 
  .   ######                 ######   . 
  .   ######                 ######   . 
  .   ######                 ######   . 
  .   ######                 ######   . 
  .   ######                 ######   . 
  .   ######                 ######   . 
  .   ######                 ######   . 
  .   ######                 ######   . 
  .   ######                 ######   . 
  .   ######                 ######   . 
  .   ######                 ######   . 
  .   ######                 ######   . 
  .   ######                 ######   . 
  .   ######                 ######   . 
  .   ######                 ######   . 
  .   ######                 ######   . 
  .   ######                 ######   . 
  .   ######                 ######   . 
  .   ######                 ######   . 
  .   ######                 ######   . 
  .    #####                 ######   . 
  .    ######                #####    . 
  .    ######               ######    . 
  .    ######               ######    . 
  .    ######               ######    . 
  .    ######               ######    . 
  .     ######              #####     . 
  .     ######             ######     . 
  .     #######            ######     . 
  .      ######           ######      . 
  .      #######          ######      . 
  .       #######        ######       . 
  .       ########     ########       . 
  .        ###################        . 
  .         #################         . 
  .          ###############          . 
 __           #############           __
  .              #######              . 
  .                                   . 
  .                                   . 
  .                                   . 
  .                                   . 
  .                                   . 
  .                                   . 
  .                                   . 
  .                                   . 
  .                                   . 
  .                                   . 
  .                                   . 
  .                                   . 
  .                                   . 
  .                                   . 
  .                                   . 
  .                                   . 

Char 49 (0031), width 35
  .                  ####             . 
  .                 #####             . 
  .                ######             . 
  .               #######             . 
  .              ########             . 
  .             #########             . 
  .            ##########             . 
  .           ###########             . 
  .          ###### #####             . 
  .         ####### #####             . 
  .        ####### ######             . 
  .       #######  ######             . 
  .      #######   ######             . 
  .     #######    ######             . 
  .      #####     ######             . 
  .      ###       ######             . 
  .       #        ######             . 
  .                ######             . 
  .                ######             . 
  .                ######             . 
  .                ######             . 
  .                ######             . 
  .                ######             . 
  .                ######             . 
  .                ######             . 
  .                ######             . 
  .                ######             . 
  .                ######             . 
  .                ######             . 
  .                ######             . 
  .                ######             . 
  .                ######             . 
  .                ######             . 
  .                ######             . 
  .                ######             . 
  .                ######             . 
  .                ######             . 
  .                ######             . 
  .                ######             . 
  .                ######             . 
  .                ######             . 
  .                ######             . 
  .                ######             . 
  .                ######             . 
  .                ######             . 
  .                ######             . 
  .                ######             . 
  .                ######             . 
  .                ######             . 
  .                ######             . 
  .                ######             . 
  .       #######################     . 
  .       #######################     . 
  .       #######################     . 
  .       #######################     . 
 __       #######################     __
  .                                   . 
  .                                   . 
  .                                   . 
  .                                   . 
  .                                   . 
  .                                   . 
  .                                   . 
  .                                   . 
  .                                   . 
  .                                   . 
  .                                   . 
  .                                   . 
  .                                   . 
  .                                   . 
  .                                   . 
  .                                   . 
  .                                   . 

Char 50 (0032), width 35
  .            #########              . 
  .         ##############            . 
  .       ##################          . 
  .      ####################         . 
  .     #####################         . 
  .      ######      #########        . 
  .       ###          #######        . 
  .       #             #######       . 
  .                      ######       . 
  .                      ######       . 
  .                      #######      . 
  .                       ######      . 
  .                       ######      . 
  .                       ######      . 
  .                       ######      . 
  .                       ######      . 
  .                       #####       . 
  .                       #####       . 
  .                      ######       . 
  .                      ######       . 
  .                      ######       . 
  .                      ######       . 
  .                     ######        . 
  .                     ######        . 
  .                     ######        . 
  .                    ######         . 
  .                    ######         . 
  .                    ######         . 
  .                   ######          . 
  .                   ######          . 
  .                  #######          . 
  .                  ######           . 
  .                  ######           . 
  .                 ######            . 
  .                 ######            . 
  .                ######             . 
  .               #######             . 
  .               ######              . 
  .              #######              . 
  .              ######               . 
  .             #######               . 
  .             ######                . 
  .            ######                 . 
  .           #######                 . 
  .           ######                  . 
  .          #######                  . 
  .         #######                   . 
  .         ######                    . 
  .        ######                     . 
  .       #######                     . 
  .       ######                      . 
  .      ###### #################     . 
  .     #########################     . 
  .    ##########################     . 
  .    ##########################     . 
 __    ##########################     __
  .                                   . 
  .                                   . 
  .                                   . 
  .                                   . 
  .                                   . 
  .                                   . 
  .                                   . 
  .                                   . 
  .                                   . 
  .                                   . 
  .                                   . 
  .                                   . 
  .                                   . 
  .                                   . 
  .                                   . 
  .                                   . 
  .                                   . 

Char 51 (0033), width 35
  .                                   . 
  .      #######################      . 
  .      #######################      . 
  .      ######################       . 
  .      ######################       . 
  .      #####################        . 
  .                     ######        . 
  .                     #####         . 
  .                    ######         . 
  .                   ######          . 
  .                   ######          . 
  .                  ######           . 
  .                  ######           . 
  .                 ######            . 
  .                 ######            . 
  .                ######             . 
  .                ######             . 
  .               ######              . 
  .              ######               . 
  .              ######               . 
  .             ######                . 
  .             ######                . 
  .            ######                 . 
  .            #####                  . 
  .           ###########             . 
  .           #############           . 
  .          ###############          . 
  .          ################         . 
  .          #################        . 
  .                  ##########       . 
  .                     #######       . 
  .                      #######      . 
  .                       ######      . 
  .                       #######     . 
  .                        ######     . 
  .                        ######     . 
  .                        ######     . 
  .                        ######     . 
  .                         #####     . 
  .                         #####     . 
  .                         #####     . 
  .                         #####     . 
  .                        ######     . 
  .                        ######     . 
  .                        ######     . 
  .                        #####      . 
  .                       ######      . 
  .                       ######      . 
  .                      ######       . 
  .                     #######       . 
  .       #            #######        . 
  .       ####       #########        . 
  .      ####################         . 
  .      ###################          . 
  .      #################            . 
 __      ################             __
  .          #########                . 
  .                                   . 
  .                                   . 
  .                                   . 
  .                                   . 
  .                                   . 
  .                                   . 
  .                                   . 
  .                                   . 
  .                                   . 
  .                                   . 
  .                                   . 
  .                                   . 
  .                                   . 
  .                                   . 
  .                                   . 
  .                                   . 

Char 52 (0034), width 35
  .                                   . 
  .                      ####         . 
  .                     #####         . 
  .                     #####         . 
  .                    ######         . 
  .                    ######         . 
  .                   #######         . 
  .                  ########         . 
  .                  ########         . 
  .                 #########         . 
  .                 #### ####         . 
  .                ##### ####         . 
  .               ###########         . 
  .               ##### #####         . 
  .              ###### #####         . 
  .              #####  #####         . 
  .             ######  #####         . 
  .             #####   #####         . 
  .            ######   #####         . 
  .           ######    #####         . 
  .           ######    #####         . 
  .          ######     #####         . 
  .          #####      #####         . 
  .         ######      #####         . 
  .        ######       #####         . 
  .        ######       #####         . 
  .       ######        #####         . 
  .       #####         #####         . 
  .      ######         #####         . 
  .      #####          #####         . 
  .     ######          #####         . 
  .    ######           #####         . 
  .    #####            #####         . 
  .   #####             #####         . 
  .   ############################### . 
  .  ################################ . 
  .  ################################ . 
  .  ################################ . 
  .  ################################ . 
  .                     #####         . 
  .                     #####         . 
  .                     #####         . 
  .                     #####         . 
  .                     #####         . 
  .                     #####         . 
  .                     #####         . 
  .                     #####         . 
  .                     #####         . 
  .                     #####         . 
  .                     #####         . 
  .                     #####         . 
  .                     #####         . 
  .                     #####         . 
  .                     #####         . 
  .                     #####         . 
 __                     #####         __
  .                                   . 
  .                                   . 
  .                                   . 
  .                                   . 
  .                                   . 
  .                                   . 
  .                                   . 
  .                                   . 
  .                                   . 
  .                                   . 
  .                                   . 
  .                                   . 
  .                                   . 
  .                                   . 
  .                                   . 
  .                                   . 
  .                                   . 

Char 53 (0035), width 35
  .                                   . 
  .        ####################       . 
  .        ####################       . 
  .        ####################       . 
  .        ####################       . 
  .        ####################       . 
  .        #####                      . 
  .        #####                      . 
  .        #####                      . 
  .        #####                      . 
  .        #####                      . 
  .        #####                      . 
  .        #####                      . 
  .        #####                      . 
  .        #####                      . 
  .        #####                      . 
  .        #####                      . 
  .        #####                      . 
  .        #####                      . 
  .        #####                      . 
  .        #####                      . 
  .        #####                      . 
  .        ###########                . 
  .        ##############             . 
  .        ################           . 
  .        #################          . 
  .        ##################         . 
  .                 #########         . 
  .                   ########        . 
  .                    #######        . 
  .                     #######       . 
  .                      ######       . 
  .                      ######       . 
  .                       ######      . 
  .                       ######      . 
  .                       ######      . 
  .                       ######      . 
  .                       ######      . 
  .                        #####      . 
  .                        #####      . 
  .                       ######      . 
  .                       ######      . 
  .                       ######      . 
  .                       ######      . 
  .                       #####       . 
  .                      ######       . 
  .                      ######       . 
  .                     #######       . 
  .                     ######        . 
  .                    #######        . 
  .                   #######         . 
  .      ###        ########          . 
  .      ##################           . 
  .      #################            . 
  .     #################             . 
 __     ###############               __
  .        ##########                 . 
  .                                   . 
  .                                   . 
  .                                   . 
  .                                   . 
  .                                   . 
  .                                   . 
  .                                   . 
  .                                   . 
  .                                   . 
  .                                   . 
  .                                   . 
  .                                   . 
  .                                   . 
  .                                   . 
  .                                   . 
  .                                   . 

Char 54 (0036), width 35
  .                       ###         . 
  .                     #####         . 
  .                   #######         . 
  .                 ##########        . 
  .                ###########        . 
  .               #########           . 
  .              ########             . 
  .             ########              . 
  .            ########               . 
  .           ########                . 
  .           #######                 . 
  .          #######                  . 
  .          ######                   . 
  .         ######                    . 
  .         ######                    . 
  .        ######                     . 
  .        ######                     . 
  .       ######                      . 
  .       ######                      . 
  .       #####                       . 
  .      ######                       . 
  .      #####                        . 
  .      #####                        . 
  .     ######                        . 
  .     ######     #######            . 
  .     #####   ############          . 
  .     #####  ###############        . 
  .     ##### #################       . 
  .     ########################      . 
  .    ###########      ########      . 
  .    #########         ########     . 
  .    ########            ######     . 
  .    #######             #######    . 
  .    ######               ######    . 
  .    ######               ######    . 
  .    ######               ######    . 
  .    #####                 #####    . 
  .    #####                 #####    . 
  .    #####                 ######   . 
  .    #####                 ######   . 
  .    ######                ######   . 
  .    ######                ######   . 
  .    ######                #####    . 
  .    ######                #####    . 
  .     #####               ######    . 
  .     #####               ######    . 
  .     ######              ######    . 
  .     ######             ######     . 
  .      ######            ######     . 
  .      #######          #######     . 
  .       #######        #######      . 
  .       ########      ########      . 
  .        ####################       . 
  .         ##################        . 
  .          ################         . 
 __           #############           __
  .              ########             . 
  .                                   . 
  .                                   . 
  .                                   . 
  .                                   . 
  .                                   . 
  .                                   . 
  .                                   . 
  .                                   . 
  .                                   . 
  .                                   . 
  .                                   . 
  .                                   . 
  .                                   . 
  .                                   . 
  .                                   . 
  .                                   . 

Char 55 (0037), width 35
  .                                   . 
  .    ###########################    . 
  .    ###########################    . 
  .    ###########################    . 
  .    ###########################    . 
  .    ##################### ####     . 
  .                         #####     . 
  .                        ######     . 
  .                        #####      . 
  .                       ######      . 
  .                       #####       . 
  .                      ######       . 
  .                      ######       . 
  .                      #####        . 
  .                     ######        . 
  .                     ######        . 
  .                     #####         . 
  .                    ######         . 
  .                    ######         . 
  .                    #####          . 
  .                   ######          . 
  .                   ######          . 
  .                   #####           . 
  .                  ######           . 
  .                  ######           . 
  .                  #####            . 
  .                 ######            . 
  .                 ######            . 
  .                 #####             . 
  .                ######             . 
  .                ######             . 
  .                #####              . 
  .               ######              . 
  .               ######              . 
  .               #####               . 
  .              ######               . 
  .              ######               . 
  .              #####                . 
  .             ######                . 
  .             ######                . 
  .             #####                 . 
  .            ######                 . 
  .            ######                 . 
  .            #####                  . 
  .           ######                  . 
  .           ######                  . 
  .           #####                   . 
  .          ######                   . 
  .          ######                   . 
  .          #####                    . 
  .         ######                    . 
  .         ######                    . 
  .         #####                     . 
  .        ######                     . 
  .        ######                     . 
 __       ######                      __
  .                                   . 
  .                                   . 
  .                                   . 
  .                                   . 
  .                                   . 
  .                                   . 
  .                                   . 
  .                                   . 
  .                                   . 
  .                                   . 
  .                                   . 
  .                                   . 
  .                                   . 
  .                                   . 
  .                                   . 
  .                                   . 
  .                                   . 

Char 56 (0038), width 35
  .              ########             . 
  .            ############           . 
  .          ################         . 
  .         ##################        . 
  .        ###################        . 
  .        #######     ########       . 
  .       #######        #######      . 
  .       ######          ######      . 
  .      ######           ######      . 
  .      ######            #####      . 
  .      #####             ######     . 
  .      #####             ######     . 
  .      #####             ######     . 
  .      #####             ######     . 
  .      #####             ######     . 
  .      #####             #####      . 
  .      #####             #####      . 
  .      ######            #####      . 
  .      ######           ######      . 
  .      #######          #####       . 
  .       ######         ######       . 
  .       #######        #####        . 
  .        #######      ######        . 
  .         #######    ######         . 
  .         ######### ######          . 
  .          ##############           . 
  .            ###########            . 
  .             ##########            . 
  .            ############           . 
  .           ##############          . 
  .          ######  ########         . 
  .         ######    ########        . 
  .        ######      ########       . 
  .       ######        ########      . 
  .       #####          #######      . 
  .      ######           #######     . 
  .      #####             ######     . 
  .     ######             ######     . 
  .     #####              ######     . 
  .     #####               ######    . 
  .     #####               ######    . 
  .     #####               ######    . 
  .     #####               ######    . 
  .     #####               ######    . 
  .     #####               ######    . 
  .     #####               #####     . 
  .     #####               #####     . 
  .     ######             ######     . 
  .     ######             ######     . 
  .      ######           ######      . 
  .      #######         #######      . 
  .       ########     ########       . 
  .       #####################       . 
  .        ###################        . 
  .         ################          . 
 __           #############           __
  .             ########              . 
  .                                   . 
  .                                   . 
  .                                   . 
  .                                   . 
  .                                   . 
  .                                   . 
  .                                   . 
  .                                   . 
  .                                   . 
  .                                   . 
  .                                   . 
  .                                   . 
  .                                   . 
  .                                   . 
  .                                   . 
  .                                   . 

Char 57 (0039), width 35
  .             ########              . 
  .           #############           . 
  .         ################          . 
  .        ##################         . 
  .       ####################        . 
  .      ########      ########       . 
  .      #######        ########      . 
  .     #######          #######      . 
  .     ######            #######     . 
  .     ######             ######     . 
  .    ######              ######     . 
  .    ######               #####     . 
  .    ######               ######    . 
  .    #####                ######    . 
  .    #####                ######    . 
  .    #####                ######    . 
  .    #####                 #####    . 
  .    #####                 #####    . 
  .    #####                 #####    . 
  .    #####                 #####    . 
  .    ######                #####    . 
  .    ######                #####    . 
  .    ######                #####    . 
  .    #######               #####    . 
  .     ######              ######    . 
  .     #######            #######    . 
  .      #######          ########    . 
  .      #########      ##########    . 
  .       ########################    . 
  .        #######################    . 
  .         ############### #####     . 
  .          #############  #####     . 
  .             #######     #####     . 
  .                        ######     . 
  .                        ######     . 
  .                        ######     . 
  .                        #####      . 
  .                       ######      . 
  .                       ######      . 
  .                      ######       . 
  .                      ######       . 
  .                      ######       . 
  .                     ######        . 
  .                    #######        . 
  .                    ######         . 
  .                   #######         . 
  .                  #######          . 
  .                 #######           . 
  .                ########           . 
  .               ########            . 
  .             #########             . 
  .           ##########              . 
  .        ############               . 
  .         #########                 . 
  .         ########                  . 
 __         ######                    __
  .          ##                       . 
  .                                   . 
  .                                   . 
  .                                   . 
  .                                   . 
  .                                   . 
  .                                   . 
  .                                   . 
  .                                   . 
  .                                   . 
  .                                   . 
  .                                   . 
  .                                   . 
  .                                   . 
  .                                   . 
  .                                   . 
  .                                   . 

Char 58 (003A), width 16
  .                . 
  .                . 
  .                . 
  .                . 
  .                . 
  .                . 
  .                . 
  .                . 
  .                . 
  .                . 
  .                . 
  .                . 
  .                . 
  .                . 
  .                . 
  .                . 
  .                . 
  .        ####    . 
  .       ######   . 
  .      #######   . 
  .      ########  . 
  .      ########  . 
  .      ########  . 
  .      #######   . 
  .       ######   . 
  .        ####    . 
  .                . 
  .                . 
  .                . 
  .                . 
  .                . 
  .                . 
  .                . 
  .                . 
  .                . 
  .                . 
  .                . 
  .                . 
  .                . 
  .                . 
  .                . 
  .                . 
  .                . 
  .                . 
  .                . 
  .                . 
  .                . 
  .                . 
  .        ####    . 
  .       ######   . 
  .      #######   . 
  .      ########  . 
  .      ########  . 
  .      ########  . 
  .      #######   . 
 __       ######   __
  .        ####    . 
  .                . 
  .                . 
  .                . 
  .                . 
  .                . 
  .                . 
  .                . 
  .                . 
  .                . 
  .                . 
  .                . 
  .                . 
  .                . 
  .                . 
  .                . 
  .                . 

Char 176 (00B0), width 27
  .           ######          . 
  .         ##########        . 
  .        ############       . 
  .       ##############      . 
  .      ######    ######     . 
  .      #####      #####     . 
  .     #####        #####    . 
  .     #####        #####    . 
  .     #####        #####    . 
  .     ####          ####    . 
  .     ####          ####    . 
  .     ####          ####    . 
  .     ####          ####    . 
  .     #####        #####    . 
  .     #####        #####    . 
  .     #####        #####    . 
  .      #####      #####     . 
  .      ######    ######     . 
  .       ##############      . 
  .        ############       . 
  .         ##########        . 
  .           ######          . 
  .                           . 
  .                           . 
  .                           . 
  .                           . 
  .                           . 
  .                           . 
  .                           . 
  .                           . 
  .                           . 
  .                           . 
  .                           . 
  .                           . 
  .                           . 
  .                           . 
  .                           . 
  .                           . 
  .                           . 
  .                           . 
  .                           . 
  .                           . 
  .                           . 
  .                           . 
  .                           . 
  .                           . 
  .                           . 
  .                           . 
  .                           . 
  .                           . 
  .                           . 
  .                           . 
  .                           . 
  .                           . 
  .                           . 
 __                           __
  .                           . 
  .                           . 
  .                           . 
  .                           . 
  .                           . 
  .                           . 
  .                           . 
  .                           . 
  .                           . 
  .                           . 
  .                           . 
  .                           . 
  .                           . 
  .                           . 
  .                           . 
  .                           . 
  .                           . 

Font rendering notes:
Char 47:
  Char box width (27) is greater than device width (23), increasing device width.
  Negative horizontal padding (-2), zeroing.
