Font: symb18 (Symbols-bdf-sources/symb18.bdf)
Declared name: -adobe-symbol-medium-r-normal--25-180-100-100-p-142-adobe-fontspecific
Declared family: symbol
Declared weight: medium
Declared size: 25
Characters: 31
Height: 24
Baseline: 19
Max width: 26
Fixed width: False

Char 161 (Upsilon1), width 15
  .               . 
  .               . 
  . ###      ###  . 
  .  ###    ## ## . 
 __   ###  ## ### __
  .    ## ##  ##  . 
  .     ###       . 
  .      ##       . 
  .      ##       . 
  .      ##       . 
  .      ##       . 
  .      ##       . 
  .      ##       . 
  .      ##       . 
  .      ##       . 
  .      ##       . 
  .      ##       . 
  .      ##       . 
  .    ######     . 
  .               . 
  .               . 
  .               . 
  .               . 
  .               . 

Char 162 (minute), width 6
  .      . 
  .    ##. 
  .   ###. 
  .  ### . 
 __  ##  __
  . ##   . 
  . #    . 
  .      . 
  .      . 
  .      . 
  .      . 
  .      . 
  .      . 
  .      . 
  .      . 
  .      . 
  .      . 
  .      . 
  .      . 
  .      . 
  .      . 
  .      . 
  .      . 
  .      . 

Char 163 (lessequal), width 14
  .              . 
  .              . 
  .              . 
  .              . 
 __         ###  __
  .       ####   . 
  .     ####     . 
  .   ####       . 
  . ####         . 
  .###           . 
  .###           . 
  . ####         . 
  .   ####       . 
  .      ####    . 
  .        ####  . 
  .          ##  . 
  .              . 
  .############  . 
  .############  . 
  .              . 
  .              . 
  .              . 
  .              . 
  .              . 

Char 164 (fraction), width 8
  .        . 
  .        . 
  .      ##. 
  .      ##. 
 __     ## __
  .     ## . 
  .    ##  . 
  .    ##  . 
  .   ##   . 
  .   ##   . 
  .   ##   . 
  .  ##    . 
  .  ##    . 
  . ##     . 
  . ##     . 
  . ##     . 
  .##      . 
  .##      . 
  .##      . 
  .        . 
  .        . 
  .        . 
  .        . 
  .        . 

Char 165 (infinity), width 17
  .                 . 
  .                 . 
  .                 . 
  .                 . 
 __                 __
  .                 . 
  .                 . 
  .                 . 
  .   ###     ###   . 
  .  #####   #####  . 
  . ##   ## ##   ## . 
  . ##    ###    ## . 
  . ##   #####   ## . 
  .  #####   #####  . 
  .   ###     ###   . 
  .                 . 
  .                 . 
  .                 . 
  .                 . 
  .                 . 
  .                 . 
  .                 . 
  .                 . 
  .                 . 

Char 166 (florin), width 13
  .             . 
  .             . 
  .        #### . 
  .       ##  ##. 
 __       ##  ##__
  .      ##     . 
  .      ##     . 
  .      ##     . 
  .   #######   . 
  .     ##      . 
  .     ##      . 
  .     ##      . 
  .     ##      . 
  .     ##      . 
  .     ##      . 
  .     ##      . 
  .     ##      . 
  .     ##      . 
  .     ##      . 
  .     ##      . 
  .     ##      . 
  .##  ##       . 
  .##  ##       . 
  . ####        . 

Char 167 (club), width 18
  .                  . 
  .                  . 
  .                  . 
  .                  . 
 __                  __
  .                  . 
  .       ####       . 
  .      ######      . 
  .      ######      . 
  .      ######      . 
  .      ######      . 
  .   ### #### ###   . 
  .  ##### ## #####  . 
  .  ##############  . 
  .  ##############  . 
  .  ##### ## #####  . 
  .   ###  ##  ###   . 
  .        ##        . 
  .       ####       . 
  .                  . 
  .                  . 
  .                  . 
  .                  . 
  .                  . 

Char 168 (diamond), width 18
  .                  . 
  .                  . 
  .                  . 
  .                  . 
 __                  __
  .                  . 
  .        ##        . 
  .       ####       . 
  .      ######      . 
  .      ######      . 
  .     ########     . 
  .     ########     . 
  .    ##########    . 
  .     ########     . 
  .     ########     . 
  .      ######      . 
  .       ####       . 
  .       ####       . 
  .        ##        . 
  .                  . 
  .                  . 
  .                  . 
  .                  . 
  .                  . 

Char 169 (heart), width 18
  .                  . 
  .                  . 
  .                  . 
  .                  . 
 __                  __
  .                  . 
  .    ###    ###    . 
  .   #####  #####   . 
  .   ############   . 
  .   ############   . 
  .   ############   . 
  .   ############   . 
  .    ##########    . 
  .    ##########    . 
  .     ########     . 
  .      ######      . 
  .      ######      . 
  .       ####       . 
  .        ##        . 
  .                  . 
  .                  . 
  .                  . 
  .                  . 
  .                  . 

Char 170 (spade), width 18
  .                  . 
  .                  . 
  .                  . 
  .                  . 
 __                  __
  .                  . 
  .        ##        . 
  .       ####       . 
  .      ######      . 
  .      ######      . 
  .     ########     . 
  .    ##########    . 
  .    ##########    . 
  .   ############   . 
  .   ############   . 
  .   #### ## ####   . 
  .    ##  ##  ##    . 
  .        ##        . 
  .        ##        . 
  .                  . 
  .                  . 
  .                  . 
  .                  . 
  .                  . 

Char 171 (arrowboth), width 26
  .                          . 
  .                          . 
  .                          . 
  .                          . 
 __                          __
  .                          . 
  .      ##          ##      . 
  .     ##            ##     . 
  .    ##              ##    . 
  .   ##                ##   . 
  .  ##                  ##  . 
  . ######################## . 
  . ######################## . 
  .  ##                  ##  . 
  .   ##                ##   . 
  .    ##              ##    . 
  .     ##            ##     . 
  .      ##          ##      . 
  .                          . 
  .                          . 
  .                          . 
  .                          . 
  .                          . 
  .                          . 

Char 172 (arrowleft), width 25
  .                         . 
  .                         . 
  .                         . 
  .                         . 
 __                         __
  .                         . 
  .     ##                  . 
  .    ##                   . 
  .   ##                    . 
  .  ##                     . 
  . ##                      . 
  .#########################. 
  .#########################. 
  . ##                      . 
  .  ##                     . 
  .   ##                    . 
  .    ##                   . 
  .     ##                  . 
  .                         . 
  .                         . 
  .                         . 
  .                         . 
  .                         . 
  .                         . 

Char 173 (arrowup), width 14
  .      ##      . 
  .     ####     . 
  .    ######    . 
  .   ## ## ##   . 
 __  ##  ##  ##  __
  . ##   ##   ## . 
  .      ##      . 
  .      ##      . 
  .      ##      . 
  .      ##      . 
  .      ##      . 
  .      ##      . 
  .      ##      . 
  .      ##      . 
  .      ##      . 
  .      ##      . 
  .      ##      . 
  .      ##      . 
  .      ##      . 
  .      ##      . 
  .      ##      . 
  .      ##      . 
  .      ##      . 
  .      ##      . 

Char 174 (arrowright), width 25
  .                         . 
  .                         . 
  .                         . 
  .                         . 
 __                         __
  .                         . 
  .                  ##     . 
  .                   ##    . 
  .                    ##   . 
  .                     ##  . 
  .                      ## . 
  .#########################. 
  .#########################. 
  .                      ## . 
  .                     ##  . 
  .                    ##   . 
  .                   ##    . 
  .                  ##     . 
  .                         . 
  .                         . 
  .                         . 
  .                         . 
  .                         . 
  .                         . 

Char 175 (arrowdown), width 14
  .      ##      . 
  .      ##      . 
  .      ##      . 
  .      ##      . 
 __      ##      __
  .      ##      . 
  .      ##      . 
  .      ##      . 
  .      ##      . 
  .      ##      . 
  .      ##      . 
  .      ##      . 
  .      ##      . 
  .      ##      . 
  .      ##      . 
  .      ##      . 
  .      ##      . 
  .      ##      . 
  . ##   ##   ## . 
  .  ##  ##  ##  . 
  .   ## ## ##   . 
  .    ######    . 
  .     ####     . 
  .      ##      . 

Char 176 (degree), width 9
  .         . 
  .         . 
  .   ###   . 
  .  ## ##  . 
 __ ##   ## __
  . ##   ## . 
  . ##   ## . 
  .  ## ##  . 
  .   ###   . 
  .         . 
  .         . 
  .         . 
  .         . 
  .         . 
  .         . 
  .         . 
  .         . 
  .         . 
  .         . 
  .         . 
  .         . 
  .         . 
  .         . 
  .         . 

Char 177 (plusminus), width 12
  .            . 
  .            . 
  .            . 
  .            . 
 __            __
  .     ##     . 
  .     ##     . 
  .     ##     . 
  .     ##     . 
  . ########## . 
  . ########## . 
  .     ##     . 
  .     ##     . 
  .     ##     . 
  .     ##     . 
  .            . 
  .            . 
  . ########## . 
  . ########## . 
  .            . 
  .            . 
  .            . 
  .            . 
  .            . 

Char 178 (second), width 10
  .          . 
  .    ##  ##. 
  .   ### ###. 
  .  ### ### . 
 __  ##  ##  __
  . ##  ##   . 
  . #   #    . 
  .          . 
  .          . 
  .          . 
  .          . 
  .          . 
  .          . 
  .          . 
  .          . 
  .          . 
  .          . 
  .          . 
  .          . 
  .          . 
  .          . 
  .          . 
  .          . 
  .          . 

Char 179 (greaterequal), width 14
  .              . 
  .              . 
  .              . 
  .              . 
 __###           __
  . ####         . 
  .   ####       . 
  .     ####     . 
  .       ####   . 
  .         ###  . 
  .         ###  . 
  .       ####   . 
  .     ####     . 
  .  #####       . 
  .####          . 
  .##            . 
  .              . 
  .############  . 
  .############  . 
  .              . 
  .              . 
  .              . 
  .              . 
  .              . 

Char 180 (multiply), width 13
  .             . 
  .             . 
  .             . 
  .             . 
 __             __
  .             . 
  .             . 
  . ##       ## . 
  .  ##     ##  . 
  .   ##   ##   . 
  .    ## ##    . 
  .     ###     . 
  .     ###     . 
  .    ## ##    . 
  .   ##   ##   . 
  .  ##     ##  . 
  . ##       ## . 
  .             . 
  .             . 
  .             . 
  .             . 
  .             . 
  .             . 
  .             . 

Char 181 (proportional), width 16
  .                . 
  .                . 
  .                . 
  .                . 
 __                __
  .                . 
  .                . 
  .                . 
  .   ###     ###  . 
  .  #####   ##### . 
  . ##   ## ##     . 
  . ##    ###      . 
  . ##   #####     . 
  .  #####   ##### . 
  .   ###     ###  . 
  .                . 
  .                . 
  .                . 
  .                . 
  .                . 
  .                . 
  .                . 
  .                . 
  .                . 

Char 182 (partialdiff), width 12
  .   #####    . 
  .  ##   ##   . 
  . ##     ##  . 
  .        ##  . 
 __         ## __
  .         ## . 
  .         ## . 
  .         ## . 
  .    #### ## . 
  .  ###  #### . 
  .  ##    ### . 
  . ##      ## . 
  . ##      ## . 
  . ##     ##  . 
  . ##     ##  . 
  . ##     ##  . 
  . ###   ##   . 
  .  ### ###   . 
  .   #####    . 
  .            . 
  .            . 
  .            . 
  .            . 
  .            . 

Char 183 (bullet), width 12
  .            . 
  .            . 
  .            . 
  .            . 
 __            __
  .            . 
  .            . 
  .            . 
  .    ####    . 
  .   ######   . 
  .  ########  . 
  .  ########  . 
  .  ########  . 
  .  ########  . 
  .   ######   . 
  .    ####    . 
  .            . 
  .            . 
  .            . 
  .            . 
  .            . 
  .            . 
  .            . 
  .            . 

Char 184 (divide), width 12
  .            . 
  .            . 
  .            . 
  .            . 
 __            __
  .            . 
  .            . 
  .            . 
  .     ##     . 
  .     ##     . 
  .            . 
  . ########## . 
  . ########## . 
  .            . 
  .     ##     . 
  .     ##     . 
  .            . 
  .            . 
  .            . 
  .            . 
  .            . 
  .            . 
  .            . 
  .            . 

Char 185 (notequal), width 14
  .              . 
  .              . 
  .              . 
  .              . 
 __              __
  .              . 
  .         ##   . 
  .         ##   . 
  .        ##    . 
  .        ##    . 
  .  ##########  . 
  .  ##########  . 
  .      ##      . 
  .  ##########  . 
  .  ##########  . 
  .    ##        . 
  .    ##        . 
  .   ##         . 
  .   ##         . 
  .              . 
  .              . 
  .              . 
  .              . 
  .              . 

Char 186 (equivalence), width 13
  .             . 
  .             . 
  .             . 
  .             . 
 __             __
  .             . 
  .             . 
  .             . 
  . ########### . 
  . ########### . 
  .             . 
  . ########### . 
  . ########### . 
  .             . 
  . ########### . 
  . ########### . 
  .             . 
  .             . 
  .             . 
  .             . 
  .             . 
  .             . 
  .             . 
  .             . 

Char 187 (approxequal), width 13
  .             . 
  .             . 
  .             . 
  .             . 
 __             __
  .             . 
  .             . 
  .             . 
  .   ###     # . 
  .  #####   ## . 
  . ##   #####  . 
  . #     ###   . 
  .   ###     # . 
  .  #####   ## . 
  . ##   #####  . 
  . #     ###   . 
  .             . 
  .             . 
  .             . 
  .             . 
  .             . 
  .             . 
  .             . 
  .             . 

Char 188 (ellipsis), width 24
  .                        . 
  .                        . 
  .                        . 
  .                        . 
 __                        __
  .                        . 
  .                        . 
  .                        . 
  .                        . 
  .                        . 
  .                        . 
  .                        . 
  .                        . 
  .                        . 
  .                        . 
  .                        . 
  .                        . 
  .   ##      ##      ##   . 
  .   ##      ##      ##   . 
  .                        . 
  .                        . 
  .                        . 
  .                        . 
  .                        . 

Char 189 (arrowvertex), width 14
  .      ##      . 
  .      ##      . 
  .      ##      . 
  .      ##      . 
 __      ##      __
  .      ##      . 
  .      ##      . 
  .      ##      . 
  .      ##      . 
  .      ##      . 
  .      ##      . 
  .      ##      . 
  .      ##      . 
  .      ##      . 
  .      ##      . 
  .      ##      . 
  .      ##      . 
  .      ##      . 
  .      ##      . 
  .      ##      . 
  .      ##      . 
  .      ##      . 
  .      ##      . 
  .      ##      . 

Char 190 (arrowhorizex), width 25
  .                         . 
  .                         . 
  .                         . 
  .                         . 
 __                         __
  .                         . 
  .                         . 
  .                         . 
  .                         . 
  .                         . 
  .                         . 
  .#########################. 
  .#########################. 
  .                         . 
  .                         . 
  .                         . 
  .                         . 
  .                         . 
  .                         . 
  .                         . 
  .                         . 
  .                         . 
  .                         . 
  .                         . 

Char 191 (carriagereturn), width 16
  .                . 
  .                . 
  .                . 
  .             ## . 
 __             ## __
  .             ## . 
  .             ## . 
  .             ## . 
  .             ## . 
  .             ## . 
  .             ## . 
  .             ## . 
  .             ## . 
  .   #         ## . 
  .  ##         ## . 
  . ############## . 
  . ############## . 
  .  ##            . 
  .   #            . 
  .                . 
  .                . 
  .                . 
  .                . 
  .                . 

Font rendering notes:
Char 164:
  Char box width (8) is greater than device width (4), increasing device width.
  Negative horizontal padding (-1), zeroing.
