Font: amstrad_cpc_extended (Latin-1-bdf-sources/amstrad_cpc_extended.bdf)
Declared name: -FreeType-Amstrad CPC extended-Medium-R-Normal--8-80-72-72-P-64-ISO10646-1
Declared family: amstrad cpc extended
Declared weight: medium
Declared size: 8
Matching characters: 15
Height: 8
Baseline: 8
Max width: 8
Fixed width: False

Char: 32 (0020), width: 6
  .      .
  .      .
  .      .
  .      .
  .      .
  .      .
  .      .
  _      _

Char: 43 (002B), width: 8
  .        .
  .   ##   .
  .   ##   .
  . ###### .
  .   ##   .
  .   ##   .
  .        .
  _        _

Char: 45 (002D), width: 8
  .        .
  .        .
  .        .
  . ###### .
  .        .
  .        .
  .        .
  _        _

Char: 46 (002E), width: 6
  .      .
  .      .
  .      .
  .      .
  .      .
  .  ##  .
  .  ##  .
  _      _

Char: 48 (0030), width: 8
  . #####  .
  .##   ## .
  .##  ### .
  .## # ## .
  .###  ## .
  .##   ## .
  . #####  .
  _        _

Char: 49 (0031), width: 8
  .   ##   .
  .  ###   .
  .   ##   .
  .   ##   .
  .   ##   .
  .   ##   .
  . ###### .
  _        _

Char: 50 (0032), width: 8
  .  ####  .
  . ##  ## .
  .     ## .
  .  ####  .
  . ##     .
  . ##  ## .
  . ###### .
  _        _

Char: 51 (0033), width: 8
  .  ####  .
  . #   ## .
  .     ## .
  .   ###  .
  .     ## .
  . ##  ## .
  .  ####  .
  _        _

Char: 52 (0034), width: 8
  .   ##   .
  .  ###   .
  . # ##   .
  .#  ##   .
  .####### .
  .   ##   .
  .  ####  .
  _        _

Char: 53 (0035), width: 8
  . ###### .
  . ##   # .
  . ##     .
  .  ####  .
  .     ## .
  . ##  ## .
  .  ####  .
  _        _

Char: 54 (0036), width: 8
  .  ####  .
  . ##  ## .
  . ##     .
  . #####  .
  . ##  ## .
  . ##  ## .
  .  ####  .
  _        _

Char: 55 (0037), width: 8
  . ###### .
  . #   ## .
  .    ### .
  .    ##  .
  .   ##   .
  .   ##   .
  .   ##   .
  _        _

Char: 56 (0038), width: 8
  .  ####  .
  . ##  ## .
  . ##  ## .
  .  ####  .
  . ##  ## .
  . ##  ## .
  .  ####  .
  _        _

Char: 57 (0039), width: 8
  .  ####  .
  . ##  ## .
  . ##  ## .
  .  ##### .
  .     ## .
  . ##  ## .
  .  ####  .
  _        _

Char: 58 (003A), width: 6
  .      .
  .      .
  .  ##  .
  .  ##  .
  .      .
  .  ##  .
  .  ##  .
  _      _
