Font: cursor (Symbols-bdf-sources/cursor.bdf)
Declared name: cursor
Declared family: None
Declared weight: None
Declared size: None
Matching characters: 63
Height: 30
Baseline: 14
Max width: 17
Fixed width: True

Char: 0 (X_cursor), width: 17
  .                 .
  .                 .
  .                 .
  .                 .
  .                 .
  .                 .
  .                 .
  .                 .
  . ###        ###  .
  . ####      ####  .
  . #####    #####  .
  .  #####  #####   .
  .   ##########    .
  _    ########     _
  .     ######      .
  .     ######      .
  .    ########     .
  .   ##########    .
  .  #####  #####   .
  . #####    #####  .
  . ####      ####  .
  . ###        ###  .
  .                 .
  .                 .
  .                 .
  .                 .
  .                 .
  .                 .
  .                 .
  .                 .

Char: 1 (X_cursor_mask), width: 17
  .                 .
  .                 .
  .                 .
  .                 .
  .                 .
  .                 .
  .                 .
  .####        #### .
  .#####      ##### .
  .######    ###### .
  .#######  ####### .
  . ##############  .
  .  ############   .
  _   ##########    _
  .    ########     .
  .    ########     .
  .   ##########    .
  .  ############   .
  . ##############  .
  .#######  ####### .
  .######    ###### .
  .#####      ##### .
  .####        #### .
  .                 .
  .                 .
  .                 .
  .                 .
  .                 .
  .                 .
  .                 .

Char: 2 (arrow), width: 17
  .                 .
  .                 .
  .                 .
  .                 .
  .                 .
  .                 .
  .                 .
  .                 .
  .                 .
  .                 .
  .                 .
  .                 .
  .                 .
  _                 _
  .             ##  .
  .           ####  .
  .         #####   .
  .       #######   .
  .     ########    .
  .   ##########    .
  .       #####     .
  .      ######     .
  .     ### ##      .
  .    ###  ##      .
  .   ###   #       .
  .  ###    #       .
  . ###             .
  .  #              .
  .                 .
  .                 .

Char: 3 (arrow_mask), width: 17
  .                 .
  .                 .
  .                 .
  .                 .
  .                 .
  .                 .
  .                 .
  .                 .
  .                 .
  .                 .
  .                 .
  .                 .
  .                 .
  _             ### _
  .           ##### .
  .         ####### .
  .       ########  .
  .     ##########  .
  .   ###########   .
  .  ############   .
  .  ###########    .
  .     ########    .
  .    ########     .
  .   #########     .
  .  ##### ###      .
  . #####  ###      .
  .#####    #       .
  . ###             .
  .  #              .
  .                 .

Char: 4 (based_arrow_down), width: 17
  .                 .
  .                 .
  .                 .
  .                 .
  .                 .
  .    ########     .
  .                 .
  .    ########     .
  .       ##        .
  .       ##        .
  .       ##        .
  .       ##        .
  .     # ## #      .
  _      ####       _
  .       ##        .
  .                 .
  .                 .
  .                 .
  .                 .
  .                 .
  .                 .
  .                 .
  .                 .
  .                 .
  .                 .
  .                 .
  .                 .
  .                 .
  .                 .
  .                 .

Char: 5 (based_arrow_down_mask), width: 17
  .                 .
  .                 .
  .                 .
  .                 .
  .   ##########    .
  .   ##########    .
  .   ##########    .
  .   ##########    .
  .   ##########    .
  .      ####       .
  .      ####       .
  .    ########     .
  .    ########     .
  _    ########     _
  .     ######      .
  .      ####       .
  .                 .
  .                 .
  .                 .
  .                 .
  .                 .
  .                 .
  .                 .
  .                 .
  .                 .
  .                 .
  .                 .
  .                 .
  .                 .
  .                 .

Char: 6 (based_arrow_up), width: 17
  .                 .
  .                 .
  .                 .
  .                 .
  .                 .
  .       ##        .
  .      ####       .
  .     # ## #      .
  .       ##        .
  .       ##        .
  .       ##        .
  .       ##        .
  .    ########     .
  _                 _
  .    ########     .
  .                 .
  .                 .
  .                 .
  .                 .
  .                 .
  .                 .
  .                 .
  .                 .
  .                 .
  .                 .
  .                 .
  .                 .
  .                 .
  .                 .
  .                 .

Char: 7 (based_arrow_up_mask), width: 17
  .                 .
  .                 .
  .                 .
  .                 .
  .       ##        .
  .      ####       .
  .    ########     .
  .    ########     .
  .    ########     .
  .      ####       .
  .      ####       .
  .   ##########    .
  .   ##########    .
  _   ##########    _
  .   ##########    .
  .   ##########    .
  .                 .
  .                 .
  .                 .
  .                 .
  .                 .
  .                 .
  .                 .
  .                 .
  .                 .
  .                 .
  .                 .
  .                 .
  .                 .
  .                 .

Char: 8 (boat), width: 17
  .                 .
  .                 .
  .                 .
  .                 .
  .                 .
  .                 .
  .                 .
  .                 .
  .                 .
  .                 .
  .                 .
  .       #         .
  .     #####       .
  _#   #    ##      _
  .################ .
  .           ##    .
  .          #      .
  .         #       .
  .##########       .
  .                 .
  .                 .
  .                 .
  .                 .
  .                 .
  .                 .
  .                 .
  .                 .
  .                 .
  .                 .
  .                 .

Char: 9 (boat_mask), width: 17
  .                 .
  .                 .
  .                 .
  .                 .
  .                 .
  .                 .
  .                 .
  .                 .
  .                 .
  .                 .
  .     ###         .
  .    ######       .
  .#  ########      .
  _################ _
  .################ .
  .################ .
  .#############    .
  .###########      .
  .##########       .
  .                 .
  .                 .
  .                 .
  .                 .
  .                 .
  .                 .
  .                 .
  .                 .
  .                 .
  .                 .
  .                 .

Char: 10 (bogosity), width: 17
  .                 .
  .                 .
  .                 .
  .                 .
  .                 .
  .                 .
  .                 .
  .                 .
  .  ###   #   ###  .
  .    #   #   #    .
  .    #   #   #    .
  .    #   #   #    .
  .  #############  .
  _  # #   #   # #  _
  .  # #   #   # #  .
  .  # #   #   # #  .
  .  # #   #   # #  .
  .  #############  .
  .    #   #   #    .
  .    #   #   #    .
  .    #   #   #    .
  .  ###   #   ###  .
  .                 .
  .                 .
  .                 .
  .                 .
  .                 .
  .                 .
  .                 .
  .                 .

Char: 11 (bogosity_mask), width: 17
  .                 .
  .                 .
  .                 .
  .                 .
  .                 .
  .                 .
  .                 .
  . ##### ### ##### .
  . ##### ### ##### .
  . ##### ### ##### .
  .   ### ### ###   .
  . ############### .
  . ############### .
  _ ############### _
  . ##### ### ##### .
  . ##### ### ##### .
  . ############### .
  . ############### .
  . ############### .
  .   ### ### ###   .
  . ##### ### ##### .
  . ##### ### ##### .
  . ##### ### ##### .
  .                 .
  .                 .
  .                 .
  .                 .
  .                 .
  .                 .
  .                 .

Char: 12 (bottom_left_corner), width: 17
  .                 .
  . ##              .
  . ##              .
  . ##   #     #    .
  . ##   #    #     .
  . ##   #   #      .
  . ##   #  #       .
  . ##   # #        .
  . ##   ##         .
  . ##   #######    .
  . ##              .
  . ##              .
  . ##              .
  _ ##############  _
  . ##############  .
  .                 .
  .                 .
  .                 .
  .                 .
  .                 .
  .                 .
  .                 .
  .                 .
  .                 .
  .                 .
  .                 .
  .                 .
  .                 .
  .                 .
  .                 .

Char: 14 (bottom_right_corner), width: 17
  .                 .
  .             ##  .
  .             ##  .
  .   #     #   ##  .
  .    #    #   ##  .
  .     #   #   ##  .
  .      #  #   ##  .
  .       # #   ##  .
  .        ##   ##  .
  .   #######   ##  .
  .             ##  .
  .             ##  .
  .             ##  .
  _ ##############  _
  . ##############  .
  .                 .
  .                 .
  .                 .
  .                 .
  .                 .
  .                 .
  .                 .
  .                 .
  .                 .
  .                 .
  .                 .
  .                 .
  .                 .
  .                 .
  .                 .

Char: 15 (bottom_right_corner_mask), width: 17
  .            #### .
  .            #### .
  .  ##    ### #### .
  .  ###   ### #### .
  .   ###  ### #### .
  .    ### ### #### .
  .     ###### #### .
  .      ##### #### .
  .  ######### #### .
  .  ######### #### .
  .  ######### #### .
  .            #### .
  .################ .
  _################ _
  .################ .
  .################ .
  .                 .
  .                 .
  .                 .
  .                 .
  .                 .
  .                 .
  .                 .
  .                 .
  .                 .
  .                 .
  .                 .
  .                 .
  .                 .
  .                 .

Char: 16 (bottom_side), width: 17
  .                 .
  .        #        .
  .        #        .
  .        #        .
  .        #        .
  .        #        .
  .        #        .
  .    #   #   #    .
  .     #  #  #     .
  .      # # #      .
  .       ###       .
  .        #        .
  .                 .
  _  #############  _
  .  #############  .
  .                 .
  .                 .
  .                 .
  .                 .
  .                 .
  .                 .
  .                 .
  .                 .
  .                 .
  .                 .
  .                 .
  .                 .
  .                 .
  .                 .
  .                 .

Char: 17 (bottom_side_mask), width: 17
  .       ###       .
  .       ###       .
  .       ###       .
  .       ###       .
  .       ###       .
  .       ###       .
  .   ##  ###  ##   .
  .   ### ### ###   .
  .    #########    .
  .     #######     .
  .      #####      .
  .       ###       .
  . ############### .
  _ ############### _
  . ############### .
  . ############### .
  .                 .
  .                 .
  .                 .
  .                 .
  .                 .
  .                 .
  .                 .
  .                 .
  .                 .
  .                 .
  .                 .
  .                 .
  .                 .
  .                 .

Char: 18 (bottom_tee), width: 17
  .                 .
  .                 .
  .                 .
  .                 .
  .                 .
  .       ##        .
  .       ##        .
  .       ##        .
  .       ##        .
  .       ##        .
  .       ##        .
  .       ##        .
  .       ##        .
  _ ##############  _
  . ##############  .
  .                 .
  .                 .
  .                 .
  .                 .
  .                 .
  .                 .
  .                 .
  .                 .
  .                 .
  .                 .
  .                 .
  .                 .
  .                 .
  .                 .
  .                 .

Char: 19 (bottom_tee_mask), width: 17
  .                 .
  .                 .
  .                 .
  .                 .
  .      ####       .
  .      ####       .
  .      ####       .
  .      ####       .
  .      ####       .
  .      ####       .
  .      ####       .
  .      ####       .
  .################ .
  _################ _
  .################ .
  .################ .
  .                 .
  .                 .
  .                 .
  .                 .
  .                 .
  .                 .
  .                 .
  .                 .
  .                 .
  .                 .
  .                 .
  .                 .
  .                 .
  .                 .

Char: 20 (box_spiral), width: 17
  .                 .
  .                 .
  .                 .
  .                 .
  .                 .
  .                 .
  . ############### .
  . #               .
  . # ############# .
  . # #           # .
  . # # ######### # .
  . # # #       # # .
  . # # # ##### # # .
  _ # # # #   # # # _
  . # # # # # # # # .
  . # # # ### # # # .
  . # # #     # # # .
  . # # ####### # # .
  . # #         # # .
  . # ########### # .
  . #             # .
  . ############### .
  .                 .
  .                 .
  .                 .
  .                 .
  .                 .
  .                 .
  .                 .
  .                 .

Char: 21 (box_spiral_mask), width: 17
  .                 .
  .                 .
  .                 .
  .                 .
  .                 .
  .                 .
  .################ .
  .################ .
  .################ .
  .################ .
  .################ .
  .################ .
  .################ .
  _################ _
  .################ .
  .################ .
  .################ .
  .################ .
  .################ .
  .################ .
  .################ .
  .################ .
  .                 .
  .                 .
  .                 .
  .                 .
  .                 .
  .                 .
  .                 .
  .                 .

Char: 22 (center_ptr), width: 17
  .                 .
  .                 .
  .                 .
  .                 .
  .                 .
  .                 .
  .                 .
  .                 .
  .                 .
  .                 .
  .                 .
  .                 .
  .                 .
  _                 _
  .       ##        .
  .       ##        .
  .      ####       .
  .      ####       .
  .     ######      .
  .     ######      .
  .    ########     .
  .    ########     .
  .   ##  ##  ##    .
  .   #   ##   #    .
  .       ##        .
  .       ##        .
  .       ##        .
  .       ##        .
  .                 .
  .                 .

Char: 23 (center_ptr_mask), width: 17
  .                 .
  .                 .
  .                 .
  .                 .
  .                 .
  .                 .
  .                 .
  .                 .
  .                 .
  .                 .
  .                 .
  .                 .
  .                 .
  _      ####       _
  .      ####       .
  .     ######      .
  .     ######      .
  .    ########     .
  .    ########     .
  .   ##########    .
  .   ##########    .
  .  ############   .
  .  ############   .
  .  ############   .
  .  ### #### ###   .
  .      ####       .
  .      ####       .
  .      ####       .
  .      ####       .
  .                 .

Char: 24 (circle), width: 17
  .                 .
  .                 .
  .                 .
  .                 .
  .                 .
  .                 .
  .                 .
  .      ####       .
  .    ########     .
  .   ##########    .
  .  ####    ####   .
  .  ###      ###   .
  . ###        ###  .
  _ ###        ###  _
  . ###        ###  .
  . ###        ###  .
  .  ###      ###   .
  .  ####    ####   .
  .   ##########    .
  .    ########     .
  .      ####       .
  .                 .
  .                 .
  .                 .
  .                 .
  .                 .
  .                 .
  .                 .
  .                 .
  .                 .

Char: 25 (circle_mask), width: 17
  .                 .
  .                 .
  .                 .
  .                 .
  .                 .
  .                 .
  .     ######      .
  .   ##########    .
  .  ############   .
  . ##############  .
  . ##############  .
  .######    ###### .
  .#####      ##### .
  _#####      ##### _
  .#####      ##### .
  .#####      ##### .
  .######    ###### .
  . ##############  .
  . ##############  .
  .  ############   .
  .   ##########    .
  .     ######      .
  .                 .
  .                 .
  .                 .
  .                 .
  .                 .
  .                 .
  .                 .
  .                 .

Char: 26 (clock), width: 17
  .                 .
  .                 .
  .                 .
  .                 .
  .                 .
  .                 .
  .                 .
  .                 .
  .                 .
  .                 .
  .                 .
  .   ##########    .
  .  ##  ####  ##   .
  _ ##  #   ##  ##  _
  . #  #  ##  #  #  .
  . #  ####   #  #  .
  . #   #    #   #  .
  . ##   ####   ##  .
  .  ############   .
  .  # #  ##  # #   .
  .  # #  ##  # #   .
  .  # #  ##  # #   .
  .  # # #### # #   .
  . ## #  ##  # ##  .
  . ####      ####  .
  . ##############  .
  . ##############  .
  .                 .
  .                 .
  .                 .

Char: 27 (clock_mask), width: 17
  .                 .
  .                 .
  .                 .
  .                 .
  .                 .
  .                 .
  .                 .
  .                 .
  .                 .
  .                 .
  .                 .
  .  ############   .
  . ### #####  ###  .
  _ ## ## ##### ### _
  . # ## #### ## ## .
  . # ########## ## .
  . #  ##### ##  ## .
  . ##  ######  ### .
  . ##############  .
  . ## # #### # ##  .
  . ## # #### # ##  .
  . ## # #### # ##  .
  . ## ######## ##  .
  . ## # #### # ### .
  . ####  ##  ##### .
  . ############### .
  . ############### .
  .                 .
  .                 .
  .                 .

Char: 28 (coffee_mug), width: 17
  .                 .
  .                 .
  .                 .
  .                 .
  .                 .
  .    #########    .
  .   #         #   .
  .  ##          ## .
  .  # #       ## # .
  .  #  #######   # .
  . ##            # .
  . ##            # .
  .  #            # .
  _  #            # _
  .  # ##  #   ## # .
  .  ## # # # # # # .
  . ### # ### # # # .
  . ## ## # #  ## # .
  .  #            # .
  .  #            # .
  .   ############  .
  .                 .
  .                 .
  .                 .
  .                 .
  .                 .
  .                 .
  .                 .
  .                 .
  .                 .

Char: 29 (coffee_mug_mask), width: 17
  .                 .
  .                 .
  .                 .
  .                 .
  .                 .
  .   #########     .
  .  ###########    .
  . ############### .
  . ############### .
  .################ .
  .################ .
  .################ .
  .################ .
  _ ############### _
  . ############### .
  .################ .
  .################ .
  .################ .
  .################ .
  . ############### .
  .  ############   .
  .                 .
  .                 .
  .                 .
  .                 .
  .                 .
  .                 .
  .                 .
  .                 .
  .                 .

Char: 30 (cross), width: 17
  .                 .
  .                 .
  .                 .
  .                 .
  .                 .
  .                 .
  .                 .
  .      # #        .
  .      # #        .
  .      # #        .
  .      # #        .
  .      # #        .
  .      # #        .
  _####### ######## _
  .                 .
  .####### ######## .
  .      # #        .
  .      # #        .
  .      # #        .
  .      # #        .
  .      # #        .
  .      # #        .
  .                 .
  .                 .
  .                 .
  .                 .
  .                 .
  .                 .
  .                 .
  .                 .

Char: 31 (cross_mask), width: 17
  .                 .
  .                 .
  .                 .
  .                 .
  .                 .
  .                 .
  .                 .
  .     #####       .
  .     #####       .
  .     #####       .
  .     #####       .
  .     #####       .
  .################ .
  _################ _
  .################ .
  .################ .
  .################ .
  .     #####       .
  .     #####       .
  .     #####       .
  .     #####       .
  .     #####       .
  .     #####       .
  .                 .
  .                 .
  .                 .
  .                 .
  .                 .
  .                 .
  .                 .

Char: 32 (cross_reverse), width: 17
  .                 .
  .                 .
  .                 .
  .                 .
  .                 .
  .                 .
  .                 .
  . #    # #    #   .
  .# #   # #   # #  .
  . # #  # #  # #   .
  .  # # # # # #    .
  .   # ## ## #     .
  .    # # # #      .
  _###### # ####### _
  .      # #        .
  .###### # ####### .
  .    # # # #      .
  .   # ## ## #     .
  .  # # # # # #    .
  . # #  # #  # #   .
  .# #   # #   # #  .
  . #    # #    #   .
  .                 .
  .                 .
  .                 .
  .                 .
  .                 .
  .                 .
  .                 .
  .                 .

Char: 33 (cross_reverse_mask), width: 17
  .                 .
  .                 .
  .                 .
  .                 .
  .                 .
  .                 .
  .                 .
  . ##  ## ##  ##   .
  .# ## ## ## ## ## .
  .## #### #### ##  .
  . ## ### ### ##   .
  .  ## ## ## ##    .
  .##### # # ###### .
  _######   ####### _
  .       #         .
  .######   ####### .
  .##### # # ###### .
  .  ## ## ## ##    .
  . ## ### ### ##   .
  .## #### #### ##  .
  .# ## ## ## ## ## .
  . ##  ## ##  ##   .
  .                 .
  .                 .
  .                 .
  .                 .
  .                 .
  .                 .
  .                 .
  .                 .

Char: 34 (crosshair), width: 17
  .                 .
  .                 .
  .                 .
  .                 .
  .                 .
  .                 .
  .                 .
  .       #         .
  .       #         .
  .       #         .
  .       #         .
  .       #         .
  .       #         .
  _       #         _
  .####### ######## .
  .       #         .
  .       #         .
  .       #         .
  .       #         .
  .       #         .
  .       #         .
  .       #         .
  .                 .
  .                 .
  .                 .
  .                 .
  .                 .
  .                 .
  .                 .
  .                 .

Char: 35 (crosshair_mask), width: 17
  .                 .
  .                 .
  .                 .
  .                 .
  .                 .
  .                 .
  .                 .
  .      ###        .
  .      ###        .
  .      ###        .
  .      ###        .
  .      ###        .
  .      ###        .
  _################ _
  .################ .
  .################ .
  .      ###        .
  .      ###        .
  .      ###        .
  .      ###        .
  .      ###        .
  .      ###        .
  .      ###        .
  .                 .
  .                 .
  .                 .
  .                 .
  .                 .
  .                 .
  .                 .

Char: 36 (diamond_cross), width: 17
  .                 .
  .                 .
  .                 .
  .                 .
  .                 .
  .                 .
  .                 .
  .       # #       .
  .      ## ##      .
  .     # # # #     .
  .    #  # #  #    .
  .   #   # #   #   .
  .  #    # #    #  .
  _ ####### ####### _
  .                 .
  . ####### ####### .
  .  #    # #    #  .
  .   #   # #   #   .
  .    #  # #  #    .
  .     # # # #     .
  .      ## ##      .
  .       # #       .
  .                 .
  .                 .
  .                 .
  .                 .
  .                 .
  .                 .
  .                 .
  .                 .

Char: 37 (diamond_cross_mask), width: 17
  .                 .
  .                 .
  .                 .
  .                 .
  .                 .
  .                 .
  .                 .
  .     #####       .
  .    #######      .
  .   #########     .
  .  ### ### ###    .
  . ###  ###  ###   .
  .###   ###   ###  .
  _################ _
  .####### ######## .
  .################ .
  .###   ###   ###  .
  . ###  ###  ###   .
  .  ### ### ###    .
  .   #########     .
  .    #######      .
  .     #####       .
  .      ###        .
  .                 .
  .                 .
  .                 .
  .                 .
  .                 .
  .                 .
  .                 .

Char: 38 (dot), width: 17
  .                 .
  .                 .
  .                 .
  .                 .
  .                 .
  .                 .
  .                 .
  .                 .
  .                 .
  .      ####       .
  .    ########     .
  .    ########     .
  .   ##########    .
  _   ##########    _
  .   ##########    .
  .   ##########    .
  .    ########     .
  .    ########     .
  .      ####       .
  .                 .
  .                 .
  .                 .
  .                 .
  .                 .
  .                 .
  .                 .
  .                 .
  .                 .
  .                 .
  .                 .

Char: 39 (dot_mask), width: 17
  .                 .
  .                 .
  .                 .
  .                 .
  .                 .
  .                 .
  .                 .
  .                 .
  .     ######      .
  .   ##########    .
  .   ##########    .
  .  ############   .
  .  ############   .
  _  ############   _
  .  ############   .
  .  ############   .
  .  ############   .
  .   ##########    .
  .   ##########    .
  .     ######      .
  .                 .
  .                 .
  .                 .
  .                 .
  .                 .
  .                 .
  .                 .
  .                 .
  .                 .
  .                 .

Char: 40 (dotbox), width: 17
  .                 .
  .                 .
  .                 .
  .                 .
  .                 .
  .                 .
  .                 .
  .                 .
  .                 .
  .  ############   .
  .  #          #   .
  .  #          #   .
  .  #          #   .
  _  #          #   _
  .  #    ##    #   .
  .  #    ##    #   .
  .  #          #   .
  .  #          #   .
  .  #          #   .
  .  #          #   .
  .  ############   .
  .                 .
  .                 .
  .                 .
  .                 .
  .                 .
  .                 .
  .                 .
  .                 .
  .                 .

Char: 41 (dotbox_mask), width: 17
  .                 .
  .                 .
  .                 .
  .                 .
  .                 .
  .                 .
  .                 .
  .                 .
  . ##############  .
  . ##############  .
  . ##############  .
  . ###        ###  .
  . ###        ###  .
  _ ###  ####  ###  _
  . ###  ####  ###  .
  . ###  ####  ###  .
  . ###  ####  ###  .
  . ###        ###  .
  . ###        ###  .
  . ##############  .
  . ##############  .
  . ##############  .
  .                 .
  .                 .
  .                 .
  .                 .
  .                 .
  .                 .
  .                 .
  .                 .

Char: 42 (double_arrow), width: 17
  .                 .
  .                 .
  .                 .
  .                 .
  .                 .
  .                 .
  .                 .
  .       ##        .
  .      ####       .
  .     ######      .
  .    ## ## ##     .
  .   ##  ##  ##    .
  .       ##        .
  _       ##        _
  .       ##        .
  .       ##        .
  .   ##  ##  ##    .
  .    ## ## ##     .
  .     ######      .
  .      ####       .
  .       ##        .
  .                 .
  .                 .
  .                 .
  .                 .
  .                 .
  .                 .
  .                 .
  .                 .
  .                 .

Char: 43 (double_arrow_mask), width: 17
  .                 .
  .                 .
  .                 .
  .                 .
  .                 .
  .                 .
  .      ####       .
  .     ######      .
  .    ########     .
  .   ##########    .
  .  ############   .
  .  ############   .
  .  ############   .
  _      ####       _
  .      ####       .
  .  ############   .
  .  ############   .
  .  ############   .
  .   ##########    .
  .    ########     .
  .     ######      .
  .      ####       .
  .                 .
  .                 .
  .                 .
  .                 .
  .                 .
  .                 .
  .                 .
  .                 .

Char: 44 (draft_large), width: 17
  .                 .
  .                 .
  .                 .
  .                 .
  .                 .
  .                 .
  .                 .
  .                 .
  .                 .
  .                 .
  .                 .
  .                 .
  .                 .
  _                 _
  .               # .
  .             ##  .
  .           ####  .
  .         #####   .
  .       #######   .
  .     ########    .
  .   ##########    .
  .        ####     .
  .       # ###     .
  .      #  ##      .
  .     #   ##      .
  .    #    #       .
  .   #     #       .
  .  #              .
  . #               .
  .                 .

Char: 45 (draft_large_mask), width: 17
  .                 .
  .                 .
  .                 .
  .                 .
  .                 .
  .                 .
  .                 .
  .                 .
  .                 .
  .                 .
  .                 .
  .                 .
  .                 .
  _                 _
  .              ## .
  .            #### .
  .          ###### .
  .        #######  .
  .      ########   .
  .    ##########   .
  .  ###########    .
  .  ###########    .
  .      ######     .
  .     #######     .
  .    ### ###      .
  .   ###  ###      .
  .  ###   ##       .
  . ###    ##       .
  . ##              .
  . #               .

Char: 46 (draft_small), width: 17
  .                 .
  .                 .
  .                 .
  .                 .
  .                 .
  .                 .
  .                 .
  .                 .
  .                 .
  .                 .
  .                 .
  .                 .
  .                 .
  _                 _
  .               # .
  .             ##  .
  .           ####  .
  .         #####   .
  .       #######   .
  .          ###    .
  .         # ##    .
  .        #  #     .
  .       #   #     .
  .      #          .
  .     #           .
  .    #            .
  .   #             .
  .  #              .
  . #               .
  .                 .

Char: 47 (draft_small_mask), width: 17
  .                 .
  .                 .
  .                 .
  .                 .
  .                 .
  .                 .
  .                 .
  .                 .
  .                 .
  .                 .
  .                 .
  .                 .
  .                 .
  _                 _
  .              ## .
  .            #### .
  .          #####  .
  .        #######  .
  .      ########   .
  .      ########   .
  .        #####    .
  .       ######    .
  .      ### ##     .
  .     ###  #      .
  .    ###          .
  .   ###           .
  .  ###            .
  . ###             .
  . ##              .
  .                 .

Char: 48 (draped_box), width: 17
  .                 .
  .                 .
  .                 .
  .                 .
  .                 .
  .                 .
  .                 .
  .                 .
  .                 .
  .  ############   .
  .  #   #  #   #   .
  .  #  ##  ##  #   .
  .  # ##    ## #   .
  _  ###      ###   _
  .  #    ##    #   .
  .  #    ##    #   .
  .  ###      ###   .
  .  # ##    ## #   .
  .  #  ##  ##  #   .
  .  #   #  #   #   .
  .  ############   .
  .                 .
  .                 .
  .                 .
  .                 .
  .                 .
  .                 .
  .                 .
  .                 .
  .                 .

Char: 49 (draped_box_mask), width: 17
  .                 .
  .                 .
  .                 .
  .                 .
  .                 .
  .                 .
  .                 .
  .                 .
  . ##############  .
  . ##############  .
  . ##  ######  ##  .
  . ## ######## ##  .
  . ######  ######  .
  _ ##### ## #####  _
  . #### #### ####  .
  . #### #### ####  .
  . ##### ## #####  .
  . ######  ######  .
  . ## ######## ##  .
  . ##  ######  ##  .
  . ##############  .
  . ##############  .
  .                 .
  .                 .
  .                 .
  .                 .
  .                 .
  .                 .
  .                 .
  .                 .

Char: 50 (exchange), width: 17
  .                 .
  .                 .
  .                 .
  .                 .
  .                 .
  .                 .
  .                 .
  .                 .
  . #   ######      .
  . ## ########     .
  . #####     ##    .
  . #  #       #    .
  . #  ##           .
  _ ######          _
  .                 .
  .                 .
  .         ######  .
  .          ##  #  .
  .   #       #  #  .
  .   ##     #####  .
  .    ######## ##  .
  .     ######   #  .
  .                 .
  .                 .
  .                 .
  .                 .
  .                 .
  .                 .
  .                 .
  .                 .

Char: 51 (exchange_mask), width: 17
  .                 .
  .                 .
  .                 .
  .                 .
  .                 .
  .                 .
  .                 .
  .##   ######      .
  .### ########     .
  .#############    .
  .##############   .
  .######     ###   .
  .########    ##   .
  _########         _
  .########         .
  .        ######## .
  .        ######## .
  .  ##     ####### .
  .  ###     ###### .
  .  ############## .
  .   ############# .
  .    ######## ### .
  .     ######   ## .
  .                 .
  .                 .
  .                 .
  .                 .
  .                 .
  .                 .
  .                 .

Char: 52 (fleur), width: 17
  .                 .
  .                 .
  .                 .
  .                 .
  .                 .
  .                 .
  .                 .
  .       ##        .
  .      ####       .
  .     ######      .
  .       ##        .
  .   #   ##   #    .
  .  ##   ##   ##   .
  _ ##############  _
  . ##############  .
  .  ##   ##   ##   .
  .   #   ##   #    .
  .       ##        .
  .     ######      .
  .      ####       .
  .       ##        .
  .                 .
  .                 .
  .                 .
  .                 .
  .                 .
  .                 .
  .                 .
  .                 .
  .                 .

Char: 53 (fleur_mask), width: 17
  .                 .
  .                 .
  .                 .
  .                 .
  .                 .
  .                 .
  .      ####       .
  .      #####      .
  .     ######      .
  .    ########     .
  .   # ###### #    .
  .  ### #### ###   .
  .################ .
  _################ _
  .################ .
  .################ .
  .  ### #### ###   .
  .   # ###### #    .
  .    ########     .
  .     ######      .
  .      ####       .
  .      ####       .
  .                 .
  .                 .
  .                 .
  .                 .
  .                 .
  .                 .
  .                 .
  .                 .

Char: 54 (gobbler), width: 17
  .                 .
  .                 .
  .                 .
  .                 .
  .                 .
  .                 .
  .                 .
  .                 .
  .                 .
  .                 .
  .                 .
  .                 .
  .         ####    .
  _         ###     _
  .#         ##  ## .
  .#  ###### ##     .
  .############     .
  .#######   ##     .
  .######    ##     .
  . ##       ###    .
  .        ####     .
  .   ########      .
  .    #            .
  .    #            .
  .    #            .
  .    #            .
  .   ####          .
  .                 .
  .                 .
  .                 .

Char: 55 (gobbler_mask), width: 17
  .                 .
  .                 .
  .                 .
  .                 .
  .                 .
  .                 .
  .                 .
  .                 .
  .                 .
  .                 .
  .                 .
  .        ######   .
  .        ######   .
  _##      ######## _
  .################ .
  .################ .
  .##############   .
  .##############   .
  .##############   .
  .##############   .
  .##############   .
  . ############    .
  .   #########     .
  .   ###           .
  .   ###           .
  .  ######         .
  .  ######         .
  .                 .
  .                 .
  .                 .

Char: 56 (gumby), width: 17
  .                 .
  .                 .
  .                 .
  .                 .
  .                 .
  .                 .
  .                 .
  .                 .
  .                 .
  .                 .
  .                 .
  .                 .
  .                 .
  _                 _
  .  ######         .
  .   #    #        .
  .##  #    #       .
  .### # # # #      .
  .##  #     #      .
  .##  # ### #      .
  .#####     ####   .
  .  ###     ###### .
  .    #     #  ### .
  .    #     #  ### .
  .    #  #  # #### .
  .    #  #  #  ### .
  .    #  #  #      .
  .   #   #   #     .
  .  #    #    #    .
  .  ##### #####    .

Char: 57 (gumby_mask), width: 17
  .                 .
  .                 .
  .                 .
  .                 .
  .                 .
  .                 .
  .                 .
  .                 .
  .                 .
  .                 .
  .                 .
  .                 .
  .                 .
  _                 _
  .  ######         .
  .## ######        .
  .### ######       .
  .###########      .
  .### #######      .
  .### ##########   .
  .###############  .
  .################ .
  .  ######### #### .
  .    ####### #### .
  .    ############ .
  .    ####### #### .
  .    #######  ### .
  .   #########     .
  .  ###########    .
  .  ##### #####    .

Char: 58 (hand1), width: 17
  .                 .
  .                 .
  .                 .
  .                 .
  .                 .
  .                 .
  .                 .
  .                 .
  .                 .
  .                 .
  .                 .
  .                 .
  .                 .
  _                 _
  .             ##  .
  .           ####  .
  .         ####    .
  .        ####     .
  .       ####      .
  .      ######     .
  .     ########    .
  .   # #######     .
  .  ###########    .
  .  # #########    .
  .      ######     .
  .      #####      .
  .  #  # #         .
  .  ##   #         .
  .   ## #          .
  .    ##           .

Char: 59 (hand1_mask), width: 17
  .                 .
  .                 .
  .                 .
  .                 .
  .                 .
  .                 .
  .                 .
  .                 .
  .                 .
  .                 .
  .                 .
  .                 .
  .                 .
  _                 _
  .            ###  .
  .          #####  .
  .        ######   .
  .       ######    .
  .      ######     .
  .     ########    .
  .   ###########   .
  .  ############   .
  .  ############   .
  .  ############   .
  .  ###########    .
  .  ##########     .
  .  #########      .
  .  #######        .
  .  ######         .
  .   ####          .

Char: 60 (hand2), width: 17
  .                 .
  .                 .
  .                 .
  .                 .
  .                 .
  .                 .
  .                 .
  .                 .
  .                 .
  .                 .
  .                 .
  .                 .
  .                 .
  _                 _
  .  ########       .
  . #        #      .
  .  ######   #     .
  .    #       #    .
  .     ###    #    .
  .    #       #    .
  .     ###   # #   .
  .    #     #   #  .
  .     ##  #     # .
  .       ##     #  .
  .       #  #  #   .
  .        #   #    .
  .         # #     .
  .          #      .
  .                 .
  .                 .

Char: 61 (hand2_mask), width: 17
  .                 .
  .                 .
  .                 .
  .                 .
  .                 .
  .                 .
  .                 .
  .                 .
  .                 .
  .                 .
  .                 .
  .                 .
  .                 .
  _ ########        _
  .##########       .
  .###########      .
  .############     .
  . ############    .
  .   ##########    .
  .  ###########    .
  .   ###########   .
  .  #############  .
  .   ############# .
  .    ###########  .
  .     #########   .
  .      #######    .
  .       #####     .
  .        ###      .
  .         #       .
  .                 .

Char: 62 (heart), width: 17
  .                 .
  .                 .
  .                 .
  .                 .
  .                 .
  .                 .
  .   ##### #####   .
  .  ##   ###   ##  .
  . ##     #     ## .
  . #             # .
  . #             # .
  . #             # .
  . #             # .
  _ ##           ## _
  .  ##         ##  .
  .   ##       ##   .
  .    ##     ##    .
  .     ##   ##     .
  .      ## ##      .
  .       ###       .
  .                 .
  .                 .
  .                 .
  .                 .
  .                 .
  .                 .
  .                 .
  .                 .
  .                 .
  .                 .

Char: 63 (heart_mask), width: 17
  .                 .
  .                 .
  .                 .
  .                 .
  .                 .
  .                 .
  .   ##### #####   .
  .  #############  .
  . ###   ###   ### .
  . ##     #     ## .
  . ##           ## .
  . ##           ## .
  . ##    # #    ## .
  _ ###    #    ### _
  .  ###       ###  .
  .   ###     ###   .
  .    ###   ###    .
  .     #######     .
  .      #####      .
  .       ###       .
  .                 .
  .                 .
  .                 .
  .                 .
  .                 .
  .                 .
  .                 .
  .                 .
  .                 .
  .                 .
