Font: battery19 (Symbols-bdf-sources/battery19.bdf)
Declared name: battery19
Declared family: None
Declared weight: None
Declared size: None
Matching characters: 7
Height: 19
Baseline: 19
Max width: 9
Fixed width: True

Char: 48 (048), width: 9
  .  ####   .
  .######## .
  .#      # .
  .#      # .
  .#      # .
  .#      # .
  .#      # .
  .#      # .
  .#      # .
  .#      # .
  .#      # .
  .#      # .
  .#      # .
  .#      # .
  .#      # .
  .#      # .
  .#      # .
  .#      # .
  _######## _

Char: 49 (049), width: 9
  .  ####   .
  .######## .
  .#      # .
  .#      # .
  .#      # .
  .#      # .
  .#      # .
  .#      # .
  .#      # .
  .#      # .
  .#      # .
  .#      # .
  .#      # .
  .#      # .
  .#      # .
  .# #### # .
  .# #### # .
  .#      # .
  _######## _

Char: 50 (050), width: 9
  .  ####   .
  .######## .
  .#      # .
  .#      # .
  .#      # .
  .#      # .
  .#      # .
  .#      # .
  .#      # .
  .#      # .
  .#      # .
  .#      # .
  .# #### # .
  .# #### # .
  .#      # .
  .# #### # .
  .# #### # .
  .#      # .
  _######## _

Char: 51 (051), width: 9
  .  ####   .
  .######## .
  .#      # .
  .#      # .
  .#      # .
  .#      # .
  .#      # .
  .#      # .
  .#      # .
  .# #### # .
  .# #### # .
  .#      # .
  .# #### # .
  .# #### # .
  .#      # .
  .# #### # .
  .# #### # .
  .#      # .
  _######## _

Char: 52 (052), width: 9
  .  ####   .
  .######## .
  .#      # .
  .#      # .
  .#      # .
  .#      # .
  .# #### # .
  .# #### # .
  .#      # .
  .# #### # .
  .# #### # .
  .#      # .
  .# #### # .
  .# #### # .
  .#      # .
  .# #### # .
  .# #### # .
  .#      # .
  _######## _

Char: 53 (053), width: 9
  .  ####   .
  .######## .
  .#      # .
  .# #### # .
  .# #### # .
  .#      # .
  .# #### # .
  .# #### # .
  .#      # .
  .# #### # .
  .# #### # .
  .#      # .
  .# #### # .
  .# #### # .
  .#      # .
  .# #### # .
  .# #### # .
  .#      # .
  _######## _

Char: 54 (054), width: 9
  .  ####   .
  .######## .
  .#      # .
  .#      # .
  .#      # .
  .#   #  # .
  .#   #  # .
  .#  ##  # .
  .#  ##  # .
  .# #### # .
  .# #### # .
  .#  ##  # .
  .#  ##  # .
  .#  #   # .
  .#  #   # .
  .#      # .
  .#      # .
  .#      # .
  _######## _
