Font: tom-thumb (Latin-1-bdf-sources/tom-thumb.bdf)
Declared name: -Raccoon-Fixed4x6-Medium-R-Normal--6-60-75-75-P-40-ISO10646-1
Declared family: fixed4x6
Declared weight: medium
Declared size: 6
Matching characters: 95
Height: 6
Baseline: 5
Max width: 4
Fixed width: True

Char: 161 (exclamdown), width: 4
  . #  .
  .    .
  . #  .
  . #  .
  _ #  _
  .    .

Char: 162 (cent), width: 4
  . #  .
  .### .
  .#   .
  .### .
  _ #  _
  .    .

Char: 163 (sterling), width: 4
  . ## .
  . #  .
  .### .
  . #  .
  _### _
  .    .

Char: 164 (currency), width: 4
  .# # .
  . #  .
  .### .
  . #  .
  _# # _
  .    .

Char: 165 (yen), width: 4
  .# # .
  .# # .
  . #  .
  .### .
  _ #  _
  .    .

Char: 166 (brokenbar), width: 4
  . #  .
  . #  .
  .    .
  . #  .
  _ #  _
  .    .

Char: 167 (section), width: 4
  . ## .
  . #  .
  .# # .
  . #  .
  _##  _
  .    .

Char: 168 (dieresis), width: 4
  .# # .
  .    .
  .    .
  .    .
  _    _
  .    .

Char: 169 (copyright), width: 4
  . ## .
  .#   .
  . ## .
  .    .
  _    _
  .    .

Char: 170 (ordfeminine), width: 4
  . ## .
  .# # .
  .### .
  .    .
  _### _
  .    .

Char: 171 (guillemotleft), width: 4
  . #  .
  .#   .
  . #  .
  .    .
  _    _
  .    .

Char: 172 (logicalnot), width: 4
  .    .
  .### .
  .  # .
  .    .
  _    _
  .    .

Char: 173 (softhyphen), width: 4
  .    .
  .    .
  .##  .
  .    .
  _    _
  .    .

Char: 174 (registered), width: 4
  .##  .
  .##  .
  .# # .
  .    .
  _    _
  .    .

Char: 175 (macron), width: 4
  .### .
  .    .
  .    .
  .    .
  _    _
  .    .

Char: 176 (degree), width: 4
  . #  .
  .# # .
  . #  .
  .    .
  _    _
  .    .

Char: 177 (plusminus), width: 4
  . #  .
  .### .
  . #  .
  .    .
  _### _
  .    .

Char: 178 (twosuperior), width: 4
  .##  .
  . #  .
  . ## .
  .    .
  _    _
  .    .

Char: 179 (threesuperior), width: 4
  .### .
  . ## .
  .### .
  .    .
  _    _
  .    .

Char: 180 (acute), width: 4
  .  # .
  . #  .
  .    .
  .    .
  _    _
  .    .

Char: 181 (mu), width: 4
  .# # .
  .# # .
  .# # .
  .##  .
  _#   _
  .    .

Char: 182 (paragraph), width: 4
  . ## .
  .# # .
  . ## .
  . ## .
  _ ## _
  .    .

Char: 183 (periodcentered), width: 4
  .    .
  .### .
  .### .
  .### .
  _    _
  .    .

Char: 184 (cedilla), width: 4
  .    .
  .    .
  . #  .
  .  # .
  _##  _
  .    .

Char: 185 (onesuperior), width: 4
  . #  .
  . #  .
  . #  .
  .    .
  _    _
  .    .

Char: 186 (ordmasculine), width: 4
  . #  .
  .# # .
  . #  .
  .    .
  _### _
  .    .

Char: 187 (guillemotright), width: 4
  . #  .
  .  # .
  . #  .
  .    .
  _    _
  .    .

Char: 188 (onequarter), width: 4
  .#   .
  .#   .
  .    .
  . ## .
  _  # _
  .    .

Char: 189 (onehalf), width: 4
  .#   .
  .#   .
  .    .
  .##  .
  _ ## _
  .    .

Char: 190 (threequarters), width: 4
  .##  .
  .##  .
  .    .
  . ## .
  _  # _
  .    .

Char: 191 (questiondown), width: 4
  . #  .
  .    .
  . #  .
  .#   .
  _### _
  .    .

Char: 192 (Agrave), width: 4
  . #  .
  .  # .
  . #  .
  .### .
  _# # _
  .    .

Char: 193 (Aacute), width: 4
  . #  .
  .#   .
  . #  .
  .### .
  _# # _
  .    .

Char: 194 (Acircumflex), width: 4
  .### .
  .    .
  . #  .
  .### .
  _# # _
  .    .

Char: 195 (Atilde), width: 4
  . ## .
  .##  .
  . #  .
  .### .
  _# # _
  .    .

Char: 196 (Adieresis), width: 4
  .# # .
  . #  .
  .# # .
  .### .
  _# # _
  .    .

Char: 197 (Aring), width: 4
  .##  .
  .##  .
  .# # .
  .### .
  _# # _
  .    .

Char: 198 (AE), width: 4
  . ## .
  .##  .
  .### .
  .##  .
  _### _
  .    .

Char: 199 (Ccedilla), width: 4
  . ## .
  .#   .
  .#   .
  . ## .
  _  # _
  . #  .

Char: 200 (Egrave), width: 4
  . #  .
  .  # .
  .### .
  .##  .
  _### _
  .    .

Char: 201 (Eacute), width: 4
  . #  .
  .#   .
  .### .
  .##  .
  _### _
  .    .

Char: 202 (Ecircumflex), width: 4
  .### .
  .    .
  .### .
  .##  .
  _### _
  .    .

Char: 203 (Edieresis), width: 4
  .# # .
  .    .
  .### .
  .##  .
  _### _
  .    .

Char: 204 (Igrave), width: 4
  . #  .
  .  # .
  .### .
  . #  .
  _### _
  .    .

Char: 205 (Iacute), width: 4
  . #  .
  .#   .
  .### .
  . #  .
  _### _
  .    .

Char: 206 (Icircumflex), width: 4
  .### .
  .    .
  .### .
  . #  .
  _### _
  .    .

Char: 207 (Idieresis), width: 4
  .# # .
  .    .
  .### .
  . #  .
  _### _
  .    .

Char: 208 (Eth), width: 4
  .##  .
  .# # .
  .### .
  .# # .
  _##  _
  .    .

Char: 209 (Ntilde), width: 4
  .##  .
  . ## .
  .# # .
  .### .
  _# # _
  .    .

Char: 210 (Ograve), width: 4
  . #  .
  .  # .
  .### .
  .# # .
  _### _
  .    .

Char: 211 (Oacute), width: 4
  . #  .
  .#   .
  .### .
  .# # .
  _### _
  .    .

Char: 212 (Ocircumflex), width: 4
  .### .
  .    .
  .### .
  .# # .
  _### _
  .    .

Char: 213 (Otilde), width: 4
  .##  .
  . ## .
  .### .
  .# # .
  _### _
  .    .

Char: 214 (Odieresis), width: 4
  .# # .
  .    .
  .### .
  .# # .
  _### _
  .    .

Char: 215 (multiply), width: 4
  .    .
  .# # .
  . #  .
  .# # .
  _    _
  .    .

Char: 216 (Oslash), width: 4
  . ## .
  .# # .
  .### .
  .# # .
  _##  _
  .    .

Char: 217 (Ugrave), width: 4
  .#   .
  . #  .
  .# # .
  .# # .
  _### _
  .    .

Char: 218 (Uacute), width: 4
  .  # .
  . #  .
  .# # .
  .# # .
  _### _
  .    .

Char: 219 (Ucircumflex), width: 4
  .### .
  .    .
  .# # .
  .# # .
  _### _
  .    .

Char: 220 (Udieresis), width: 4
  .# # .
  .    .
  .# # .
  .# # .
  _### _
  .    .

Char: 221 (Yacute), width: 4
  .  # .
  . #  .
  .# # .
  .### .
  _ #  _
  .    .

Char: 222 (Thorn), width: 4
  .#   .
  .### .
  .# # .
  .### .
  _#   _
  .    .

Char: 223 (germandbls), width: 4
  . ## .
  .# # .
  .##  .
  .# # .
  _##  _
  .#   .

Char: 224 (agrave), width: 4
  . #  .
  .  # .
  . ## .
  .# # .
  _### _
  .    .

Char: 225 (aacute), width: 4
  . #  .
  .#   .
  . ## .
  .# # .
  _### _
  .    .

Char: 226 (acircumflex), width: 4
  .### .
  .    .
  . ## .
  .# # .
  _### _
  .    .

Char: 227 (atilde), width: 4
  . ## .
  .##  .
  . ## .
  .# # .
  _### _
  .    .

Char: 228 (adieresis), width: 4
  .# # .
  .    .
  . ## .
  .# # .
  _### _
  .    .

Char: 229 (aring), width: 4
  . ## .
  . ## .
  . ## .
  .# # .
  _### _
  .    .

Char: 230 (ae), width: 4
  .    .
  . ## .
  .### .
  .### .
  _##  _
  .    .

Char: 231 (ccedilla), width: 4
  .    .
  . ## .
  .#   .
  . ## .
  _  # _
  . #  .

Char: 232 (egrave), width: 4
  . #  .
  .  # .
  . ## .
  .### .
  _ ## _
  .    .

Char: 233 (eacute), width: 4
  . #  .
  .#   .
  . ## .
  .### .
  _ ## _
  .    .

Char: 234 (ecircumflex), width: 4
  .### .
  .    .
  . ## .
  .### .
  _ ## _
  .    .

Char: 235 (edieresis), width: 4
  .# # .
  .    .
  . ## .
  .### .
  _ ## _
  .    .

Char: 236 (igrave), width: 4
  . #  .
  .  # .
  . #  .
  . #  .
  _ #  _
  .    .

Char: 237 (iacute), width: 4
  . #  .
  .#   .
  . #  .
  . #  .
  _ #  _
  .    .

Char: 238 (icircumflex), width: 4
  .### .
  .    .
  . #  .
  . #  .
  _ #  _
  .    .

Char: 239 (idieresis), width: 4
  .# # .
  .    .
  . #  .
  . #  .
  _ #  _
  .    .

Char: 240 (eth), width: 4
  . ## .
  .##  .
  . ## .
  .# # .
  _ ## _
  .    .

Char: 241 (ntilde), width: 4
  .##  .
  . ## .
  .##  .
  .# # .
  _# # _
  .    .

Char: 242 (ograve), width: 4
  . #  .
  .  # .
  . #  .
  .# # .
  _ #  _
  .    .

Char: 243 (oacute), width: 4
  . #  .
  .#   .
  . #  .
  .# # .
  _ #  _
  .    .

Char: 244 (ocircumflex), width: 4
  .### .
  .    .
  . #  .
  .# # .
  _ #  _
  .    .

Char: 245 (otilde), width: 4
  .##  .
  . ## .
  . #  .
  .# # .
  _ #  _
  .    .

Char: 246 (odieresis), width: 4
  .# # .
  .    .
  . #  .
  .# # .
  _ #  _
  .    .

Char: 247 (divide), width: 4
  . #  .
  .    .
  .### .
  .    .
  _ #  _
  .    .

Char: 248 (oslash), width: 4
  .    .
  . ## .
  .### .
  .# # .
  _##  _
  .    .

Char: 249 (ugrave), width: 4
  .#   .
  . #  .
  .# # .
  .# # .
  _ ## _
  .    .

Char: 250 (uacute), width: 4
  .  # .
  . #  .
  .# # .
  .# # .
  _ ## _
  .    .

Char: 251 (ucircumflex), width: 4
  .### .
  .    .
  .# # .
  .# # .
  _ ## _
  .    .

Char: 252 (udieresis), width: 4
  .# # .
  .    .
  .# # .
  .# # .
  _ ## _
  .    .

Char: 253 (yacute), width: 4
  .  # .
  . #  .
  .# # .
  . ## .
  _  # _
  . #  .

Char: 254 (thorn), width: 4
  .    .
  .#   .
  .##  .
  .# # .
  _##  _
  .#   .

Char: 255 (ydieresis), width: 4
  .# # .
  .    .
  .# # .
  . ## .
  _  # _
  . #  .
