Font: timR14 (Latin-1-bdf-sources/timR14.bdf)
Declared name: -adobe-times-medium-r-normal--20-140-100-100-p-96-iso10646-1
Declared family: times
Declared weight: medium
Declared size: 20
Characters: 15
Height: 13
Baseline: 13
Max width: 10
Fixed width: False

Char 32 (space), width 5
  .     . 
  .     . 
  .     . 
  .     . 
  .     . 
  .     . 
  .     . 
  .     . 
  .     . 
  .     . 
  .     . 
  .     . 
 __     __

Char 43 (plus), width 10
  .          . 
  .          . 
  .          . 
  .          . 
  .    ##    . 
  .    ##    . 
  .    ##    . 
  . ######## . 
  . ######## . 
  .    ##    . 
  .    ##    . 
  .    ##    . 
 __          __

Char 45 (hyphen), width 6
  .      . 
  .      . 
  .      . 
  .      . 
  .      . 
  .      . 
  .      . 
  .      . 
  .##### . 
  .##### . 
  .      . 
  .      . 
 __      __

Char 46 (period), width 4
  .    . 
  .    . 
  .    . 
  .    . 
  .    . 
  .    . 
  .    . 
  .    . 
  .    . 
  .    . 
  .    . 
  . ## . 
 __ ## __

Char 48 (zero), width 9
  .   ####  . 
  .  ##  ## . 
  .  ##  ## . 
  . ##    ##. 
  . ##    ##. 
  . ##    ##. 
  . ##    ##. 
  . ##    ##. 
  . ##    ##. 
  . ##    ##. 
  .  ##  ## . 
  .  ##  ## . 
 __   ####  __

Char 49 (one), width 9
  .    ##   . 
  .   ###   . 
  .  ####   . 
  .    ##   . 
  .    ##   . 
  .    ##   . 
  .    ##   . 
  .    ##   . 
  .    ##   . 
  .    ##   . 
  .    ##   . 
  .   ####  . 
 __  ###### __

Char 50 (two), width 9
  .   ####  . 
  .  ###### . 
  . ##  ### . 
  . #    ## . 
  .      ## . 
  .      ## . 
  .     ##  . 
  .     ##  . 
  .    ##   . 
  .   ##    . 
  .  ##   # . 
  . ####### . 
 __ ####### __

Char 51 (three), width 9
  .  #####  . 
  . ##  ### . 
  . #    ## . 
  .      ## . 
  .     ##  . 
  .   ###   . 
  .   ####  . 
  .     ### . 
  .      ## . 
  .      ## . 
  .      ## . 
  . ##  ##  . 
 __ #####   __

Char 52 (four), width 9
  .      #  . 
  .     ##  . 
  .    ###  . 
  .    ###  . 
  .   # ##  . 
  .  #  ##  . 
  . #   ##  . 
  . #   ##  . 
  .######## . 
  .######## . 
  .     ##  . 
  .     ##  . 
 __     ##  __

Char 53 (five), width 9
  .  ###### . 
  .  #####  . 
  . ##      . 
  . ##      . 
  . ####    . 
  .   ####  . 
  .     ##  . 
  .     ### . 
  .      ## . 
  .      ## . 
  .     ##  . 
  . ## ###  . 
 __ ####    __

Char 54 (six), width 9
  .      ###. 
  .    ###  . 
  .   ##    . 
  .  ##     . 
  .  ##     . 
  . ######  . 
  . ##   ## . 
  . ##    ##. 
  . ##    ##. 
  . ##    ##. 
  . ###   ##. 
  .  ### ## . 
 __   ####  __

Char 55 (seven), width 9
  .  #######. 
  . ########. 
  . #     # . 
  .      ## . 
  .      #  . 
  .     ##  . 
  .     ##  . 
  .     #   . 
  .    ##   . 
  .    ##   . 
  .    #    . 
  .   ##    . 
 __   ##    __

Char 56 (eight), width 9
  .   ####  . 
  .  ##  ## . 
  . ##    # . 
  . ###  ## . 
  .  #####  . 
  .   ###   . 
  .   ####  . 
  .  ## ### . 
  . ##   ###. 
  . ##    ##. 
  . ##    ##. 
  .  ##  ## . 
 __   ####  __

Char 57 (nine), width 9
  .   ####  . 
  .  ## ### . 
  . ##   ## . 
  . ##    ##. 
  . ##    ##. 
  . ##    ##. 
  . ###   ##. 
  .  #######. 
  .   ## ## . 
  .      ## . 
  .     ##  . 
  .   ###   . 
 __ ###     __

Char 58 (colon), width 5
  .     . 
  .     . 
  .     . 
  .     . 
  . ##  . 
  . ##  . 
  .     . 
  .     . 
  .     . 
  .     . 
  .     . 
  . ##  . 
 __ ##  __
