Font: 8x13 (Latin-1-bdf-sources/8x13.bdf)
Declared name: -misc-fixed-medium-r-normal--13-120-75-75-c-80-iso10646-1
Declared family: fixed
Declared weight: medium
Declared size: 13
Characters: 96
Height: 12
Baseline: 10
Max width: 8
Fixed width: True

Char 160 (space), width 8
  .        . 
 __        __
  .        . 
  .        . 
  .        . 
  .        . 
  .        . 
  .        . 
  .        . 
  .        . 
  .        . 
  .        . 

Char 161 (exclamdown), width 8
  .        . 
 __   #    __
  .        . 
  .   #    . 
  .   #    . 
  .   #    . 
  .   #    . 
  .   #    . 
  .   #    . 
  .   #    . 
  .        . 
  .        . 

Char 162 (cent), width 8
  .        . 
 __   #    __
  .  ###   . 
  . # # #  . 
  . # #    . 
  . # #    . 
  . # # #  . 
  .  ###   . 
  .   #    . 
  .        . 
  .        . 
  .        . 

Char 163 (sterling), width 8
  .        . 
 __   ###  __
  .  #   # . 
  .  #     . 
  . ###    . 
  .  #     . 
  .  #     . 
  .  #     . 
  . ##   # . 
  .## ###  . 
  .        . 
  .        . 

Char 164 (currency), width 8
  .        . 
 __        __
  .        . 
  . #    # . 
  .  ####  . 
  .  #  #  . 
  .  #  #  . 
  .  ####  . 
  . #    # . 
  .        . 
  .        . 
  .        . 

Char 165 (yen), width 8
  .        . 
 __#     # __
  .#     # . 
  . #   #  . 
  .  # #   . 
  . #####  . 
  .   #    . 
  . #####  . 
  .   #    . 
  .   #    . 
  .        . 
  .        . 

Char 166 (brokenbar), width 8
  .        . 
 __   #    __
  .   #    . 
  .   #    . 
  .   #    . 
  .        . 
  .   #    . 
  .   #    . 
  .   #    . 
  .   #    . 
  .        . 
  .        . 

Char 167 (section), width 8
  .   ##   . 
 __  #  #  __
  .  #     . 
  .   ##   . 
  .  #  #  . 
  .  #  #  . 
  .   ##   . 
  .     #  . 
  .  #  #  . 
  .   ##   . 
  .        . 
  .        . 

Char 168 (dieresis), width 8
  .  #  #  . 
 __  #  #  __
  .        . 
  .        . 
  .        . 
  .        . 
  .        . 
  .        . 
  .        . 
  .        . 
  .        . 
  .        . 

Char 169 (copyright), width 8
  .  ###   . 
 __ #   #  __
  .#  #  # . 
  .# # # # . 
  .# #   # . 
  .# # # # . 
  .#  #  # . 
  . #   #  . 
  .  ###   . 
  .        . 
  .        . 
  .        . 

Char 170 (ordfeminine), width 8
  .        . 
 __  ###   __
  .     #  . 
  .  ####  . 
  . #   #  . 
  .  ####  . 
  .        . 
  . #####  . 
  .        . 
  .        . 
  .        . 
  .        . 

Char 171 (guillemotleft), width 8
  .        . 
 __        __
  .   #  # . 
  .  #  #  . 
  . #  #   . 
  .#  #    . 
  . #  #   . 
  .  #  #  . 
  .   #  # . 
  .        . 
  .        . 
  .        . 

Char 172 (logicalnot), width 8
  .        . 
 __        __
  .        . 
  .        . 
  .        . 
  . ###### . 
  .      # . 
  .      # . 
  .      # . 
  .        . 
  .        . 
  .        . 

Char 173 (hyphen), width 8
  .        . 
 __        __
  .        . 
  .        . 
  .        . 
  .  ####  . 
  .        . 
  .        . 
  .        . 
  .        . 
  .        . 
  .        . 

Char 174 (registered), width 8
  .  ###   . 
 __ #   #  __
  .#  #  # . 
  .# # # # . 
  .# # # # . 
  .# ##  # . 
  .# # # # . 
  . #   #  . 
  .  ###   . 
  .        . 
  .        . 
  .        . 

Char 175 (macron), width 8
  .        . 
 __ ###### __
  .        . 
  .        . 
  .        . 
  .        . 
  .        . 
  .        . 
  .        . 
  .        . 
  .        . 
  .        . 

Char 176 (degree), width 8
  .        . 
 __   ##   __
  .  #  #  . 
  .  #  #  . 
  .   ##   . 
  .        . 
  .        . 
  .        . 
  .        . 
  .        . 
  .        . 
  .        . 

Char 177 (plusminus), width 8
  .        . 
 __        __
  .   #    . 
  .   #    . 
  . #####  . 
  .   #    . 
  .   #    . 
  .        . 
  . #####  . 
  .        . 
  .        . 
  .        . 

Char 178 (twosuperior), width 8
  .  ##    . 
 __ #  #   __
  .    #   . 
  .  ##    . 
  . #      . 
  . ####   . 
  .        . 
  .        . 
  .        . 
  .        . 
  .        . 
  .        . 

Char 179 (threesuperior), width 8
  .  ##    . 
 __ #  #   __
  .   #    . 
  .    #   . 
  . #  #   . 
  .  ##    . 
  .        . 
  .        . 
  .        . 
  .        . 
  .        . 
  .        . 

Char 180 (acute), width 8
  .    #   . 
 __   #    __
  .        . 
  .        . 
  .        . 
  .        . 
  .        . 
  .        . 
  .        . 
  .        . 
  .        . 
  .        . 

Char 181 (mu), width 8
  .        . 
 __        __
  .        . 
  .        . 
  . #    # . 
  . #    # . 
  . #    # . 
  . #    # . 
  . ##  ## . 
  . # ## # . 
  . #      . 
  .        . 

Char 182 (paragraph), width 8
  .        . 
 __  ##### __
  . ### #  . 
  . ### #  . 
  . ### #  . 
  .  ## #  . 
  .   # #  . 
  .   # #  . 
  .   # #  . 
  .   # #  . 
  .        . 
  .        . 

Char 183 (periodcentered), width 8
  .        . 
 __        __
  .        . 
  .        . 
  .        . 
  .   ##   . 
  .        . 
  .        . 
  .        . 
  .        . 
  .        . 
  .        . 

Char 184 (cedilla), width 8
  .        . 
 __        __
  .        . 
  .        . 
  .        . 
  .        . 
  .        . 
  .        . 
  .        . 
  .        . 
  .    #   . 
  .   ##   . 

Char 185 (onesuperior), width 8
  .  #     . 
 __ ##     __
  .  #     . 
  .  #     . 
  .  #     . 
  . ###    . 
  .        . 
  .        . 
  .        . 
  .        . 
  .        . 
  .        . 

Char 186 (ordmasculine), width 8
  .        . 
 __  ##    __
  . #  #   . 
  . #  #   . 
  .  ##    . 
  .        . 
  . ####   . 
  .        . 
  .        . 
  .        . 
  .        . 
  .        . 

Char 187 (guillemotright), width 8
  .        . 
 __        __
  .#  #    . 
  . #  #   . 
  .  #  #  . 
  .   #  # . 
  .  #  #  . 
  . #  #   . 
  .#  #    . 
  .        . 
  .        . 
  .        . 

Char 188 (onequarter), width 8
  . #      . 
 __##      __
  . #      . 
  . #      . 
  . #    # . 
  .###  ## . 
  .    # # . 
  .   #  # . 
  .   ## # . 
  .     ## . 
  .        . 
  .        . 

Char 189 (onehalf), width 8
  . #      . 
 __##      __
  . #      . 
  . #      . 
  . #  ##  . 
  .####  # . 
  .      # . 
  .    ##  . 
  .   #    . 
  .   #### . 
  .        . 
  .        . 

Char 190 (threequarters), width 8
  . ##     . 
 __#  #    __
  .  #     . 
  .   #    . 
  .#  #  # . 
  . ##  ## . 
  .    # # . 
  .   #  # . 
  .   ## # . 
  .     ## . 
  .        . 
  .        . 

Char 191 (questiondown), width 8
  .        . 
 __   #    __
  .        . 
  .   #    . 
  .   #    . 
  .  #     . 
  . #      . 
  . #    # . 
  . #    # . 
  .  ####  . 
  .        . 
  .        . 

Char 192 (Agrave), width 8
  .   #    . 
 __    #   __
  .        . 
  .   ##   . 
  .  #  #  . 
  . #    # . 
  . #    # . 
  . ###### . 
  . #    # . 
  . #    # . 
  .        . 
  .        . 

Char 193 (Aacute), width 8
  .    #   . 
 __   #    __
  .        . 
  .   ##   . 
  .  #  #  . 
  . #    # . 
  . #    # . 
  . ###### . 
  . #    # . 
  . #    # . 
  .        . 
  .        . 

Char 194 (Acircumflex), width 8
  .   ##   . 
 __  #  #  __
  .        . 
  .   ##   . 
  .  #  #  . 
  . #    # . 
  . #    # . 
  . ###### . 
  . #    # . 
  . #    # . 
  .        . 
  .        . 

Char 195 (Atilde), width 8
  .  ##  # . 
 __ #  ##  __
  .        . 
  .   ##   . 
  .  #  #  . 
  . #    # . 
  . #    # . 
  . ###### . 
  . #    # . 
  . #    # . 
  .        . 
  .        . 

Char 196 (Adieresis), width 8
  .  #  #  . 
 __  #  #  __
  .        . 
  .   ##   . 
  .  #  #  . 
  . #    # . 
  . #    # . 
  . ###### . 
  . #    # . 
  . #    # . 
  .        . 
  .        . 

Char 197 (Aring), width 8
  .   ##   . 
 __  #  #  __
  .   ##   . 
  .   ##   . 
  .  #  #  . 
  . #    # . 
  . #    # . 
  . ###### . 
  . #    # . 
  . #    # . 
  .        . 
  .        . 

Char 198 (AE), width 8
  .        . 
 __ ## ### __
  .#  #    . 
  .#  #    . 
  .#  #    . 
  .#  ###  . 
  .####    . 
  .#  #    . 
  .#  #    . 
  .#  #### . 
  .        . 
  .        . 

Char 199 (Ccedilla), width 8
  .        . 
 __  ####  __
  . #    # . 
  . #      . 
  . #      . 
  . #      . 
  . #      . 
  . #      . 
  . #    # . 
  .  ####  . 
  .    #   . 
  .   #    . 

Char 200 (Egrave), width 8
  .   #    . 
 __    #   __
  .        . 
  . ###### . 
  . #      . 
  . #      . 
  . ####   . 
  . #      . 
  . #      . 
  . ###### . 
  .        . 
  .        . 

Char 201 (Eacute), width 8
  .    #   . 
 __   #    __
  .        . 
  . ###### . 
  . #      . 
  . #      . 
  . ####   . 
  . #      . 
  . #      . 
  . ###### . 
  .        . 
  .        . 

Char 202 (Ecircumflex), width 8
  .   ##   . 
 __  #  #  __
  .        . 
  . ###### . 
  . #      . 
  . #      . 
  . ####   . 
  . #      . 
  . #      . 
  . ###### . 
  .        . 
  .        . 

Char 203 (Edieresis), width 8
  .  #  #  . 
 __  #  #  __
  .        . 
  . ###### . 
  . #      . 
  . #      . 
  . ####   . 
  . #      . 
  . #      . 
  . ###### . 
  .        . 
  .        . 

Char 204 (Igrave), width 8
  .  #     . 
 __   #    __
  .        . 
  . #####  . 
  .   #    . 
  .   #    . 
  .   #    . 
  .   #    . 
  .   #    . 
  . #####  . 
  .        . 
  .        . 

Char 205 (Iacute), width 8
  .    #   . 
 __   #    __
  .        . 
  . #####  . 
  .   #    . 
  .   #    . 
  .   #    . 
  .   #    . 
  .   #    . 
  . #####  . 
  .        . 
  .        . 

Char 206 (Icircumflex), width 8
  .   ##   . 
 __  #  #  __
  .        . 
  . #####  . 
  .   #    . 
  .   #    . 
  .   #    . 
  .   #    . 
  .   #    . 
  . #####  . 
  .        . 
  .        . 

Char 207 (Idieresis), width 8
  . #   #  . 
 __ #   #  __
  .        . 
  . #####  . 
  .   #    . 
  .   #    . 
  .   #    . 
  .   #    . 
  .   #    . 
  . #####  . 
  .        . 
  .        . 

Char 208 (Eth), width 8
  .        . 
 __ ####   __
  . #   #  . 
  . #    # . 
  . #    # . 
  .###   # . 
  . #    # . 
  . #    # . 
  . #   #  . 
  . ####   . 
  .        . 
  .        . 

Char 209 (Ntilde), width 8
  . ##  #  . 
 __#  ##   __
  .        . 
  .#     # . 
  .##    # . 
  .# #   # . 
  .#  #  # . 
  .#   # # . 
  .#    ## . 
  .#     # . 
  .        . 
  .        . 

Char 210 (Ograve), width 8
  .  #     . 
 __   #    __
  .        . 
  . #####  . 
  .#     # . 
  .#     # . 
  .#     # . 
  .#     # . 
  .#     # . 
  . #####  . 
  .        . 
  .        . 

Char 211 (Oacute), width 8
  .    #   . 
 __   #    __
  .        . 
  . #####  . 
  .#     # . 
  .#     # . 
  .#     # . 
  .#     # . 
  .#     # . 
  . #####  . 
  .        . 
  .        . 

Char 212 (Ocircumflex), width 8
  .   ##   . 
 __  #  #  __
  .        . 
  . #####  . 
  .#     # . 
  .#     # . 
  .#     # . 
  .#     # . 
  .#     # . 
  . #####  . 
  .        . 
  .        . 

Char 213 (Otilde), width 8
  . ##  #  . 
 __#  ##   __
  .        . 
  . #####  . 
  .#     # . 
  .#     # . 
  .#     # . 
  .#     # . 
  .#     # . 
  . #####  . 
  .        . 
  .        . 

Char 214 (Odieresis), width 8
  . #   #  . 
 __ #   #  __
  .        . 
  . #####  . 
  .#     # . 
  .#     # . 
  .#     # . 
  .#     # . 
  .#     # . 
  . #####  . 
  .        . 
  .        . 

Char 215 (multiply), width 8
  .        . 
 __        __
  .        . 
  . #    # . 
  .  #  #  . 
  .   ##   . 
  .   ##   . 
  .  #  #  . 
  . #    # . 
  .        . 
  .        . 
  .        . 

Char 216 (Oslash), width 8
  .      # . 
 __  ####  __
  . #   ## . 
  . #  # # . 
  . #  # # . 
  . # #  # . 
  . # #  # . 
  . # #  # . 
  . ##   # . 
  .  ####  . 
  . #      . 
  .        . 

Char 217 (Ugrave), width 8
  .  #     . 
 __   #    __
  .        . 
  . #    # . 
  . #    # . 
  . #    # . 
  . #    # . 
  . #    # . 
  . #    # . 
  .  ####  . 
  .        . 
  .        . 

Char 218 (Uacute), width 8
  .    #   . 
 __   #    __
  .        . 
  . #    # . 
  . #    # . 
  . #    # . 
  . #    # . 
  . #    # . 
  . #    # . 
  .  ####  . 
  .        . 
  .        . 

Char 219 (Ucircumflex), width 8
  .   ##   . 
 __  #  #  __
  .        . 
  . #    # . 
  . #    # . 
  . #    # . 
  . #    # . 
  . #    # . 
  . #    # . 
  .  ####  . 
  .        . 
  .        . 

Char 220 (Udieresis), width 8
  .  #  #  . 
 __  #  #  __
  .        . 
  . #    # . 
  . #    # . 
  . #    # . 
  . #    # . 
  . #    # . 
  . #    # . 
  .  ####  . 
  .        . 
  .        . 

Char 221 (Yacute), width 8
  .    #   . 
 __   #    __
  .        . 
  . #   #  . 
  . #   #  . 
  .  # #   . 
  .   #    . 
  .   #    . 
  .   #    . 
  .   #    . 
  .        . 
  .        . 

Char 222 (Thorn), width 8
  .        . 
 __ #      __
  . #####  . 
  . #    # . 
  . #    # . 
  . #    # . 
  . #####  . 
  . #      . 
  . #      . 
  . #      . 
  .        . 
  .        . 

Char 223 (germandbls), width 8
  .        . 
 __  ###   __
  . #   #  . 
  . #   #  . 
  . #  #   . 
  . # #    . 
  . #  ##  . 
  . #    # . 
  . #    # . 
  . # ###  . 
  .        . 
  .        . 

Char 224 (agrave), width 8
  .        . 
 __   #    __
  .    #   . 
  .        . 
  .  ####  . 
  .      # . 
  .  ##### . 
  . #    # . 
  . #   ## . 
  .  ### # . 
  .        . 
  .        . 

Char 225 (aacute), width 8
  .        . 
 __     #  __
  .    #   . 
  .        . 
  .  ####  . 
  .      # . 
  .  ##### . 
  . #    # . 
  . #   ## . 
  .  ### # . 
  .        . 
  .        . 

Char 226 (acircumflex), width 8
  .        . 
 __   ##   __
  .  #  #  . 
  .        . 
  .  ####  . 
  .      # . 
  .  ##### . 
  . #    # . 
  . #   ## . 
  .  ### # . 
  .        . 
  .        . 

Char 227 (atilde), width 8
  .        . 
 __  ##  # __
  . #  ##  . 
  .        . 
  .  ####  . 
  .      # . 
  .  ##### . 
  . #    # . 
  . #   ## . 
  .  ### # . 
  .        . 
  .        . 

Char 228 (adieresis), width 8
  .        . 
 __  #  #  __
  .  #  #  . 
  .        . 
  .  ####  . 
  .      # . 
  .  ##### . 
  . #    # . 
  . #   ## . 
  .  ### # . 
  .        . 
  .        . 

Char 229 (aring), width 8
  .   ##   . 
 __  #  #  __
  .   ##   . 
  .        . 
  .  ####  . 
  .      # . 
  .  ##### . 
  . #    # . 
  . #   ## . 
  .  ### # . 
  .        . 
  .        . 

Char 230 (ae), width 8
  .        . 
 __        __
  .        . 
  .        . 
  . ## ##  . 
  .   #  # . 
  . #####  . 
  .#  #    . 
  .#  #  # . 
  . ## ##  . 
  .        . 
  .        . 

Char 231 (ccedilla), width 8
  .        . 
 __        __
  .        . 
  .        . 
  .  ####  . 
  . #    # . 
  . #      . 
  . #      . 
  . #    # . 
  .  ####  . 
  .    #   . 
  .   #    . 

Char 232 (egrave), width 8
  .        . 
 __   #    __
  .    #   . 
  .        . 
  .  ####  . 
  . #    # . 
  . ###### . 
  . #      . 
  . #    # . 
  .  ####  . 
  .        . 
  .        . 

Char 233 (eacute), width 8
  .        . 
 __    #   __
  .   #    . 
  .        . 
  .  ####  . 
  . #    # . 
  . ###### . 
  . #      . 
  . #    # . 
  .  ####  . 
  .        . 
  .        . 

Char 234 (ecircumflex), width 8
  .        . 
 __   ##   __
  .  #  #  . 
  .        . 
  .  ####  . 
  . #    # . 
  . ###### . 
  . #      . 
  . #    # . 
  .  ####  . 
  .        . 
  .        . 

Char 235 (edieresis), width 8
  .        . 
 __  #  #  __
  .  #  #  . 
  .        . 
  .  ####  . 
  . #    # . 
  . ###### . 
  . #      . 
  . #    # . 
  .  ####  . 
  .        . 
  .        . 

Char 236 (igrave), width 8
  .        . 
 __  #     __
  .   #    . 
  .        . 
  .  ##    . 
  .   #    . 
  .   #    . 
  .   #    . 
  .   #    . 
  . #####  . 
  .        . 
  .        . 

Char 237 (iacute), width 8
  .        . 
 __   #    __
  .  #     . 
  .        . 
  .  ##    . 
  .   #    . 
  .   #    . 
  .   #    . 
  .   #    . 
  . #####  . 
  .        . 
  .        . 

Char 238 (icircumflex), width 8
  .        . 
 __  ##    __
  . #  #   . 
  .        . 
  .  ##    . 
  .   #    . 
  .   #    . 
  .   #    . 
  .   #    . 
  . #####  . 
  .        . 
  .        . 

Char 239 (idieresis), width 8
  .        . 
 __ #  #   __
  . #  #   . 
  .        . 
  .  ##    . 
  .   #    . 
  .   #    . 
  .   #    . 
  .   #    . 
  . #####  . 
  .        . 
  .        . 

Char 240 (eth), width 8
  .  #  #  . 
 __   ##   __
  .  # #   . 
  .     #  . 
  .  ####  . 
  . #    # . 
  . #    # . 
  . #    # . 
  . #    # . 
  .  ####  . 
  .        . 
  .        . 

Char 241 (ntilde), width 8
  .        . 
 __  ##  # __
  . #  ##  . 
  .        . 
  . # ###  . 
  . ##   # . 
  . #    # . 
  . #    # . 
  . #    # . 
  . #    # . 
  .        . 
  .        . 

Char 242 (ograve), width 8
  .        . 
 __  #     __
  .   #    . 
  .        . 
  .  ####  . 
  . #    # . 
  . #    # . 
  . #    # . 
  . #    # . 
  .  ####  . 
  .        . 
  .        . 

Char 243 (oacute), width 8
  .        . 
 __    #   __
  .   #    . 
  .        . 
  .  ####  . 
  . #    # . 
  . #    # . 
  . #    # . 
  . #    # . 
  .  ####  . 
  .        . 
  .        . 

Char 244 (ocircumflex), width 8
  .        . 
 __   ##   __
  .  #  #  . 
  .        . 
  .  ####  . 
  . #    # . 
  . #    # . 
  . #    # . 
  . #    # . 
  .  ####  . 
  .        . 
  .        . 

Char 245 (otilde), width 8
  .        . 
 __  ##  # __
  . #  ##  . 
  .        . 
  .  ####  . 
  . #    # . 
  . #    # . 
  . #    # . 
  . #    # . 
  .  ####  . 
  .        . 
  .        . 

Char 246 (odieresis), width 8
  .        . 
 __  #  #  __
  .  #  #  . 
  .        . 
  .  ####  . 
  . #    # . 
  . #    # . 
  . #    # . 
  . #    # . 
  .  ####  . 
  .        . 
  .        . 

Char 247 (divide), width 8
  .        . 
 __        __
  .   #    . 
  .   #    . 
  .        . 
  . #####  . 
  .        . 
  .   #    . 
  .   #    . 
  .        . 
  .        . 
  .        . 

Char 248 (oslash), width 8
  .        . 
 __        __
  .        . 
  .      # . 
  .  ####  . 
  . #   ## . 
  . #  # # . 
  . # #  # . 
  . ##   # . 
  .  ####  . 
  . #      . 
  .        . 

Char 249 (ugrave), width 8
  .        . 
 __  #     __
  .   #    . 
  .        . 
  . #   #  . 
  . #   #  . 
  . #   #  . 
  . #   #  . 
  . #   #  . 
  .  ### # . 
  .        . 
  .        . 

Char 250 (uacute), width 8
  .        . 
 __    #   __
  .   #    . 
  .        . 
  . #   #  . 
  . #   #  . 
  . #   #  . 
  . #   #  . 
  . #   #  . 
  .  ### # . 
  .        . 
  .        . 

Char 251 (ucircumflex), width 8
  .        . 
 __   ##   __
  .  #  #  . 
  .        . 
  . #   #  . 
  . #   #  . 
  . #   #  . 
  . #   #  . 
  . #   #  . 
  .  ### # . 
  .        . 
  .        . 

Char 252 (udieresis), width 8
  .        . 
 __  # #   __
  .  # #   . 
  .        . 
  . #   #  . 
  . #   #  . 
  . #   #  . 
  . #   #  . 
  . #   #  . 
  .  ### # . 
  .        . 
  .        . 

Char 253 (yacute), width 8
  .        . 
 __    #   __
  .   #    . 
  .        . 
  . #    # . 
  . #    # . 
  . #    # . 
  . #   ## . 
  .  ### # . 
  .      # . 
  . #    # . 
  .  ####  . 

Char 254 (thorn), width 8
  .        . 
 __        __
  . #      . 
  . #      . 
  . # ###  . 
  . ##   # . 
  . #    # . 
  . #    # . 
  . ##   # . 
  . # ###  . 
  . #      . 
  . #      . 

Char 255 (ydieresis), width 8
  .        . 
 __  #  #  __
  .  #  #  . 
  .        . 
  . #    # . 
  . #    # . 
  . #    # . 
  . #   ## . 
  .  ### # . 
  .      # . 
  . #    # . 
  .  ####  . 
