Font: 7x13O (Latin-1-bdf-sources/7x13O.bdf)
Declared name: -misc-fixed-medium-o-normal--13-120-75-75-c-70-iso10646-1
Declared family: fixed
Declared weight: medium
Declared size: 13
Characters: 192
Height: 12
Baseline: 10
Max width: 7
Fixed width: True

Char 0 (char0), width 7
  .       . 
 __ # # ##__
  .       . 
  . #    #. 
  .       . 
  . #    #. 
  .       . 
  .#    # . 
  .       . 
  .## # # . 
  .       . 
  .       . 

Char 32 (space), width 7
  .       . 
 __       __
  .       . 
  .       . 
  .       . 
  .       . 
  .       . 
  .       . 
  .       . 
  .       . 
  .       . 
  .       . 

Char 33 (exclam), width 7
  .       . 
 __   #   __
  .   #   . 
  .   #   . 
  .   #   . 
  .  #    . 
  .  #    . 
  .  #    . 
  .       . 
  .  #    . 
  .       . 
  .       . 

Char 34 (quotedbl), width 7
  .       . 
 __  # #  __
  .  # #  . 
  .  # #  . 
  .       . 
  .       . 
  .       . 
  .       . 
  .       . 
  .       . 
  .       . 
  .       . 

Char 35 (numbersign), width 7
  .       . 
 __       __
  .  # #  . 
  .  # #  . 
  . ##### . 
  .  # #  . 
  .#####  . 
  . # #   . 
  . # #   . 
  .       . 
  .       . 
  .       . 

Char 36 (dollar), width 7
  .       . 
 __       __
  .   #   . 
  .  #### . 
  . # #   . 
  .  ###  . 
  .  # #  . 
  .####   . 
  .  #    . 
  .       . 
  .       . 
  .       . 

Char 37 (percent), width 7
  .       . 
 __  #   #__
  . # #  #. 
  .  #  # . 
  .    #  . 
  .   #   . 
  .  #    . 
  . #  #  . 
  .#  # # . 
  .#   #  . 
  .       . 
  .       . 

Char 38 (ampersand), width 7
  .       . 
 __       __
  .   ##  . 
  .  #  # . 
  .  #  # . 
  .  ###  . 
  . # #   . 
  .#  # # . 
  .#   #  . 
  . ### # . 
  .       . 
  .       . 

Char 39 (quotesingle), width 7
  .       . 
 __   #   __
  .   #   . 
  .   #   . 
  .       . 
  .       . 
  .       . 
  .       . 
  .       . 
  .       . 
  .       . 
  .       . 

Char 40 (parenleft), width 7
  .       . 
 __    #  __
  .   #   . 
  .  #    . 
  .  #    . 
  . #     . 
  . #     . 
  .  #    . 
  .  #    . 
  .   #   . 
  .       . 
  .       . 

Char 41 (parenright), width 7
  .       . 
 __  #    __
  .   #   . 
  .   #   . 
  .    #  . 
  .    #  . 
  .   #   . 
  .   #   . 
  .  #    . 
  . #     . 
  .       . 
  .       . 

Char 42 (asterisk), width 7
  .       . 
 __       __
  .       . 
  .  #  # . 
  .   ##  . 
  . ##### . 
  .  ##   . 
  . #  #  . 
  .       . 
  .       . 
  .       . 
  .       . 

Char 43 (plus), width 7
  .       . 
 __       __
  .       . 
  .   #   . 
  .   #   . 
  . ####  . 
  .  #    . 
  .  #    . 
  .       . 
  .       . 
  .       . 
  .       . 

Char 44 (comma), width 7
  .       . 
 __       __
  .       . 
  .       . 
  .       . 
  .       . 
  .       . 
  .       . 
  .  ###  . 
  .  ##   . 
  . #     . 
  .       . 

Char 45 (hyphen), width 7
  .       . 
 __       __
  .       . 
  .       . 
  .       . 
  . ##### . 
  .       . 
  .       . 
  .       . 
  .       . 
  .       . 
  .       . 

Char 46 (period), width 7
  .       . 
 __       __
  .       . 
  .       . 
  .       . 
  .       . 
  .       . 
  .       . 
  .   #   . 
  .  ###  . 
  .   #   . 
  .       . 

Char 47 (slash), width 7
  .       . 
 __     # __
  .     # . 
  .    #  . 
  .   #   . 
  .   #   . 
  .  #    . 
  . #     . 
  .#      . 
  .#      . 
  .       . 
  .       . 

Char 48 (zero), width 7
  .       . 
 __   ##  __
  .  #  # . 
  . #    #. 
  . #    #. 
  . #    #. 
  .#    # . 
  .#    # . 
  . #  #  . 
  .  ##   . 
  .       . 
  .       . 

Char 49 (one), width 7
  .       . 
 __    #  __
  .   ##  . 
  .  # #  . 
  .    #  . 
  .    #  . 
  .   #   . 
  .   #   . 
  .   #   . 
  . ##### . 
  .       . 
  .       . 

Char 50 (two), width 7
  .       . 
 __  #### __
  . #    #. 
  . #    #. 
  .      #. 
  .    ## . 
  .  ##   . 
  . #     . 
  .#      . 
  .###### . 
  .       . 
  .       . 

Char 51 (three), width 7
  .       . 
 __ ######__
  .      #. 
  .     # . 
  .    #  . 
  .   ##  . 
  .     # . 
  .     # . 
  .#    # . 
  . ####  . 
  .       . 
  .       . 

Char 52 (four), width 7
  .       . 
 __     # __
  .    ## . 
  .   # # . 
  .  #  # . 
  . #  #  . 
  .#   #  . 
  .###### . 
  .    #  . 
  .    #  . 
  .       . 
  .       . 

Char 53 (five), width 7
  .       . 
 __  #####__
  .  #    . 
  .  #    . 
  . # ### . 
  . ##   #. 
  .      #. 
  .     # . 
  .#    # . 
  . ####  . 
  .       . 
  .       . 

Char 54 (six), width 7
  .       . 
 __   ### __
  .  #    . 
  . #     . 
  . #     . 
  . ####  . 
  .#    # . 
  .#    # . 
  .#    # . 
  . ####  . 
  .       . 
  .       . 

Char 55 (seven), width 7
  .       . 
 __###### __
  .     # . 
  .    #  . 
  .   #   . 
  .  #    . 
  . #     . 
  . #     . 
  .#      . 
  .#      . 
  .       . 
  .       . 

Char 56 (eight), width 7
  .       . 
 __  #### __
  . #    #. 
  . #    #. 
  . #    #. 
  . ##### . 
  .#    # . 
  .#    # . 
  .#    # . 
  . ####  . 
  .       . 
  .       . 

Char 57 (nine), width 7
  .       . 
 __ ####  __
  .#    # . 
  .#    # . 
  .#   ## . 
  . ### # . 
  .    #  . 
  .    #  . 
  .   #   . 
  .###    . 
  .       . 
  .       . 

Char 58 (colon), width 7
  .       . 
 __       __
  .       . 
  .   #   . 
  .  ###  . 
  .   #   . 
  .       . 
  .       . 
  .  #    . 
  . ###   . 
  .  #    . 
  .       . 

Char 59 (semicolon), width 7
  .       . 
 __       __
  .       . 
  .    #  . 
  .   ### . 
  .    #  . 
  .       . 
  .       . 
  .  ###  . 
  .  ##   . 
  . #     . 
  .       . 

Char 60 (less), width 7
  .       . 
 __     # __
  .    #  . 
  .   #   . 
  .  #    . 
  . #     . 
  . #     . 
  .  #    . 
  .   #   . 
  .    #  . 
  .       . 
  .       . 

Char 61 (equal), width 7
  .       . 
 __       __
  .       . 
  .       . 
  . ######. 
  .       . 
  .       . 
  .###### . 
  .       . 
  .       . 
  .       . 
  .       . 

Char 62 (greater), width 7
  .       . 
 __  #    __
  .   #   . 
  .    #  . 
  .     # . 
  .     # . 
  .    #  . 
  .   #   . 
  .  #    . 
  . #     . 
  .       . 
  .       . 

Char 63 (question), width 7
  .       . 
 __ ####  __
  .#    # . 
  .#    # . 
  .    #  . 
  .   #   . 
  .  #    . 
  .  #    . 
  .       . 
  .  #    . 
  .       . 
  .       . 

Char 64 (at), width 7
  .       . 
 __  #### __
  . #    #. 
  . #    #. 
  . #  ###. 
  . # #  #. 
  .# # ## . 
  .#  # # . 
  .#      . 
  . ####  . 
  .       . 
  .       . 

Char 65 (A), width 7
  .       . 
 __   ##  __
  .  #  # . 
  . #    #. 
  . #    #. 
  . #    #. 
  . ##### . 
  .#    # . 
  .#    # . 
  .#    # . 
  .       . 
  .       . 

Char 66 (B), width 7
  .       . 
 __ ##### __
  .  #   #. 
  .  #   #. 
  .  #   #. 
  .  #### . 
  . #   # . 
  . #   # . 
  . #   # . 
  .#####  . 
  .       . 
  .       . 

Char 67 (C), width 7
  .       . 
 __  #### __
  . #    #. 
  . #     . 
  . #     . 
  . #     . 
  .#      . 
  .#      . 
  .#    # . 
  . ####  . 
  .       . 
  .       . 

Char 68 (D), width 7
  .       . 
 __ ##### __
  .  #   #. 
  .  #   #. 
  .  #   #. 
  .  #   #. 
  . #   # . 
  . #   # . 
  . #   # . 
  .#####  . 
  .       . 
  .       . 

Char 69 (E), width 7
  .       . 
 __ ######__
  . #     . 
  . #     . 
  . #     . 
  . ####  . 
  .#      . 
  .#      . 
  .#      . 
  .###### . 
  .       . 
  .       . 

Char 70 (F), width 7
  .       . 
 __ ######__
  . #     . 
  . #     . 
  . #     . 
  . ####  . 
  .#      . 
  .#      . 
  .#      . 
  .#      . 
  .       . 
  .       . 

Char 71 (G), width 7
  .       . 
 __  #### __
  . #    #. 
  . #     . 
  . #     . 
  . #     . 
  .#  ### . 
  .#    # . 
  .#   ## . 
  . ### # . 
  .       . 
  .       . 

Char 72 (H), width 7
  .       . 
 __ #    #__
  . #    #. 
  . #    #. 
  . #    #. 
  . ##### . 
  .#    # . 
  .#    # . 
  .#    # . 
  .#    # . 
  .       . 
  .       . 

Char 73 (I), width 7
  .       . 
 __ ##### __
  .   #   . 
  .   #   . 
  .   #   . 
  .   #   . 
  .  #    . 
  .  #    . 
  .  #    . 
  .#####  . 
  .       . 
  .       . 

Char 74 (J), width 7
  .       . 
 __    ###__
  .     # . 
  .     # . 
  .     # . 
  .     # . 
  .    #  . 
  .    #  . 
  .#   #  . 
  . ###   . 
  .       . 
  .       . 

Char 75 (K), width 7
  .       . 
 __ #    #__
  . #   # . 
  . #  #  . 
  . # #   . 
  . ##    . 
  .# #    . 
  .#  #   . 
  .#   #  . 
  .#    # . 
  .       . 
  .       . 

Char 76 (L), width 7
  .       . 
 __ #     __
  . #     . 
  . #     . 
  . #     . 
  . #     . 
  .#      . 
  .#      . 
  .#      . 
  .###### . 
  .       . 
  .       . 

Char 77 (M), width 7
  .       . 
 __ #    #__
  . ##  ##. 
  . ##  ##. 
  . # ## #. 
  . # ## #. 
  .#    # . 
  .#    # . 
  .#    # . 
  .#    # . 
  .       . 
  .       . 

Char 78 (N), width 7
  .       . 
 __ #    #__
  . #    #. 
  . ##   #. 
  . # #  #. 
  . #  # #. 
  .#   ## . 
  .#    # . 
  .#    # . 
  .#    # . 
  .       . 
  .       . 

Char 79 (O), width 7
  .       . 
 __  #### __
  . #    #. 
  . #    #. 
  . #    #. 
  . #    #. 
  .#    # . 
  .#    # . 
  .#    # . 
  . ####  . 
  .       . 
  .       . 

Char 80 (P), width 7
  .       . 
 __ ##### __
  . #    #. 
  . #    #. 
  . #    #. 
  . ##### . 
  .#      . 
  .#      . 
  .#      . 
  .#      . 
  .       . 
  .       . 

Char 81 (Q), width 7
  .       . 
 __  #### __
  . #    #. 
  . #    #. 
  . #    #. 
  . #    #. 
  .#    # . 
  .# #  # . 
  .#  # # . 
  . ####  . 
  .     # . 
  .       . 

Char 82 (R), width 7
  .       . 
 __ ##### __
  . #    #. 
  . #    #. 
  . #    #. 
  . ##### . 
  .# #    . 
  .#  #   . 
  .#   #  . 
  .#    # . 
  .       . 
  .       . 

Char 83 (S), width 7
  .       . 
 __  #### __
  . #    #. 
  . #     . 
  . #     . 
  .  ###  . 
  .     # . 
  .     # . 
  .#    # . 
  . ####  . 
  .       . 
  .       . 

Char 84 (T), width 7
  .       . 
 __ ##### __
  .   #   . 
  .   #   . 
  .   #   . 
  .   #   . 
  .  #    . 
  .  #    . 
  .  #    . 
  .  #    . 
  .       . 
  .       . 

Char 85 (U), width 7
  .       . 
 __ #    #__
  . #    #. 
  . #    #. 
  . #    #. 
  . #    #. 
  .#    # . 
  .#    # . 
  .#    # . 
  . ####  . 
  .       . 
  .       . 

Char 86 (V), width 7
  .       . 
 __#    # __
  .#    # . 
  .#   #  . 
  .#   #  . 
  . # #   . 
  . # #   . 
  . ##    . 
  . ##    . 
  . ##    . 
  .       . 
  .       . 

Char 87 (W), width 7
  .       . 
 __ #    #__
  . #    #. 
  . #    #. 
  . #    #. 
  . # ## #. 
  .# ## # . 
  .##  ## . 
  .##  ## . 
  .#    # . 
  .       . 
  .       . 

Char 88 (X), width 7
  .       . 
 __ #    #__
  . #   # . 
  .  #  # . 
  .  # #  . 
  .   #   . 
  .  # #  . 
  . #  #  . 
  . #   # . 
  .#    # . 
  .       . 
  .       . 

Char 89 (Y), width 7
  .       . 
 __ #   # __
  . #   # . 
  .  # #  . 
  .  # #  . 
  .   #   . 
  .   #   . 
  .  #    . 
  .  #    . 
  .  #    . 
  .       . 
  .       . 

Char 90 (Z), width 7
  .       . 
 __ ######__
  .      #. 
  .     # . 
  .    #  . 
  .   #   . 
  .  #    . 
  . #     . 
  .#      . 
  .###### . 
  .       . 
  .       . 

Char 91 (bracketleft), width 7
  .  #### . 
 __  #    __
  .  #    . 
  .  #    . 
  .  #    . 
  .  #    . 
  . #     . 
  . #     . 
  . #     . 
  . #     . 
  . ####  . 
  .       . 

Char 92 (backslash), width 7
  .       . 
 __ #     __
  . #     . 
  .  #    . 
  .  #    . 
  .   #   . 
  .   #   . 
  .   #   . 
  .    #  . 
  .    #  . 
  .       . 
  .       . 

Char 93 (bracketright), width 7
  .  #### . 
 __     # __
  .     # . 
  .     # . 
  .     # . 
  .     # . 
  .    #  . 
  .    #  . 
  .    #  . 
  .    #  . 
  . ####  . 
  .       . 

Char 94 (asciicircum), width 7
  .       . 
 __   #   __
  .  # #  . 
  . #   # . 
  .       . 
  .       . 
  .       . 
  .       . 
  .       . 
  .       . 
  .       . 
  .       . 

Char 95 (underscore), width 7
  .       . 
 __       __
  .       . 
  .       . 
  .       . 
  .       . 
  .       . 
  .       . 
  .       . 
  .       . 
  .###### . 
  .       . 

Char 96 (grave), width 7
  .  #    . 
 __   #   __
  .       . 
  .       . 
  .       . 
  .       . 
  .       . 
  .       . 
  .       . 
  .       . 
  .       . 
  .       . 

Char 97 (a), width 7
  .       . 
 __       __
  .       . 
  .       . 
  .  #### . 
  .      #. 
  . ##### . 
  .#    # . 
  .#   ## . 
  . ### # . 
  .       . 
  .       . 

Char 98 (b), width 7
  .       . 
 __ #     __
  . #     . 
  . #     . 
  . # ### . 
  . ##   #. 
  . #    #. 
  .#    # . 
  .##   # . 
  .# ###  . 
  .       . 
  .       . 

Char 99 (c), width 7
  .       . 
 __       __
  .       . 
  .       . 
  .  #### . 
  . #    #. 
  .#      . 
  .#      . 
  .#    # . 
  . ####  . 
  .       . 
  .       . 

Char 100 (d), width 7
  .       . 
 __      #__
  .      #. 
  .      #. 
  .  ### #. 
  . #   # . 
  .#    # . 
  .#    # . 
  .#   ## . 
  . ### # . 
  .       . 
  .       . 

Char 101 (e), width 7
  .       . 
 __       __
  .       . 
  .       . 
  .  #### . 
  . #    #. 
  . ##### . 
  .#      . 
  .#    # . 
  . ####  . 
  .       . 
  .       . 

Char 102 (f), width 7
  .       . 
 __  ###  __
  . #   # . 
  . #     . 
  . #     . 
  .####   . 
  . #     . 
  .#      . 
  .#      . 
  .#      . 
  .       . 
  .       . 

Char 103 (g), width 7
  .       . 
 __       __
  .       . 
  .       . 
  .  ### #. 
  . #   # . 
  .#   #  . 
  . ###   . 
  .#      . 
  . ####  . 
  .#    # . 
  . ####  . 

Char 104 (h), width 7
  .       . 
 __  #    __
  .  #    . 
  . #     . 
  . # ### . 
  . ##   #. 
  . #    #. 
  .#    # . 
  .#    # . 
  .#    # . 
  .       . 
  .       . 

Char 105 (i), width 7
  .       . 
 __       __
  .    #  . 
  .       . 
  .   ##  . 
  .    #  . 
  .    #  . 
  .   #   . 
  .   #   . 
  . ##### . 
  .       . 
  .       . 

Char 106 (j), width 7
  .       . 
 __       __
  .     # . 
  .       . 
  .    ## . 
  .     # . 
  .     # . 
  .    #  . 
  .    #  . 
  .#   #  . 
  .#   #  . 
  . ###   . 

Char 107 (k), width 7
  .       . 
 __ #     __
  . #     . 
  . #     . 
  . #   # . 
  . # ##  . 
  . ##    . 
  .#  #   . 
  .#   #  . 
  .#    # . 
  .       . 
  .       . 

Char 108 (l), width 7
  .       . 
 __   ##  __
  .    #  . 
  .    #  . 
  .    #  . 
  .    #  . 
  .   #   . 
  .   #   . 
  .   #   . 
  . ##### . 
  .       . 
  .       . 

Char 109 (m), width 7
  .       . 
 __       __
  .       . 
  .       . 
  . ## #  . 
  . # # # . 
  . # # # . 
  .# # #  . 
  .# # #  . 
  .#   #  . 
  .       . 
  .       . 

Char 110 (n), width 7
  .       . 
 __       __
  .       . 
  .       . 
  . # ### . 
  . ##   #. 
  . #    #. 
  .#    # . 
  .#    # . 
  .#    # . 
  .       . 
  .       . 

Char 111 (o), width 7
  .       . 
 __       __
  .       . 
  .       . 
  .  #### . 
  . #    #. 
  . #    #. 
  .#    # . 
  .#    # . 
  . ####  . 
  .       . 
  .       . 

Char 112 (p), width 7
  .       . 
 __       __
  .       . 
  .       . 
  . # ### . 
  . ##   #. 
  . #    #. 
  .##   # . 
  .# ###  . 
  .#      . 
  .#      . 
  .#      . 

Char 113 (q), width 7
  .       . 
 __       __
  .       . 
  .       . 
  .  ### #. 
  . #   ##. 
  .#     #. 
  .#   ## . 
  . ### # . 
  .     # . 
  .     # . 
  .     # . 

Char 114 (r), width 7
  .       . 
 __       __
  .       . 
  .       . 
  .# ###  . 
  . #   # . 
  . #     . 
  .#      . 
  .#      . 
  .#      . 
  .       . 
  .       . 

Char 115 (s), width 7
  .       . 
 __       __
  .       . 
  .       . 
  .  #### . 
  . #    #. 
  .  #    . 
  .   ##  . 
  .#    # . 
  . ####  . 
  .       . 
  .       . 

Char 116 (t), width 7
  .       . 
 __       __
  .  #    . 
  .  #    . 
  . ####  . 
  .  #    . 
  . #     . 
  . #     . 
  . #   # . 
  .  ###  . 
  .       . 
  .       . 

Char 117 (u), width 7
  .       . 
 __       __
  .       . 
  .       . 
  . #    #. 
  . #    #. 
  . #    #. 
  .#    # . 
  .#   ## . 
  . ### # . 
  .       . 
  .       . 

Char 118 (v), width 7
  .       . 
 __       __
  .       . 
  .       . 
  . #   # . 
  . #   # . 
  . #  #  . 
  . #  #  . 
  . # #   . 
  .  #    . 
  .       . 
  .       . 

Char 119 (w), width 7
  .       . 
 __       __
  .       . 
  .       . 
  . #   # . 
  . #   # . 
  . # # # . 
  .# # #  . 
  .# # #  . 
  . # #   . 
  .       . 
  .       . 

Char 120 (x), width 7
  .       . 
 __       __
  .       . 
  .       . 
  . #    #. 
  .  #  # . 
  .   ##  . 
  .  ##   . 
  . #  #  . 
  .#    # . 
  .       . 
  .       . 

Char 121 (y), width 7
  .       . 
 __       __
  .       . 
  .       . 
  . #    #. 
  . #    #. 
  .#    # . 
  .#   ## . 
  . ### # . 
  .     # . 
  .#    # . 
  . ####  . 

Char 122 (z), width 7
  .       . 
 __       __
  .       . 
  .       . 
  . ######. 
  .     # . 
  .   ##  . 
  .  #    . 
  . #     . 
  .###### . 
  .       . 
  .       . 

Char 123 (braceleft), width 7
  .   ### . 
 __  #    __
  .  #    . 
  .  #    . 
  .   #   . 
  . ##    . 
  .  #    . 
  . #     . 
  . #     . 
  . #     . 
  .  ###  . 
  .       . 

Char 124 (bar), width 7
  .       . 
 __   #   __
  .   #   . 
  .   #   . 
  .   #   . 
  .   #   . 
  .  #    . 
  .  #    . 
  .  #    . 
  .  #    . 
  .       . 
  .       . 

Char 125 (braceright), width 7
  . ###   . 
 __    #  __
  .    #  . 
  .    #  . 
  .   #   . 
  .   ### . 
  .  #    . 
  .   #   . 
  .   #   . 
  .   #   . 
  .###    . 
  .       . 

Char 126 (asciitilde), width 7
  .       . 
 __  #  # __
  . # # # . 
  . #  #  . 
  .       . 
  .       . 
  .       . 
  .       . 
  .       . 
  .       . 
  .       . 
  .       . 

Char 160 (space), width 7
  .       . 
 __       __
  .       . 
  .       . 
  .       . 
  .       . 
  .       . 
  .       . 
  .       . 
  .       . 
  .       . 
  .       . 

Char 161 (exclamdown), width 7
  .       . 
 __   #   __
  .       . 
  .   #   . 
  .   #   . 
  .   #   . 
  .  #    . 
  .  #    . 
  .  #    . 
  .  #    . 
  .       . 
  .       . 

Char 162 (cent), width 7
  .       . 
 __   #   __
  .  ###  . 
  . # # # . 
  . # #   . 
  .# #    . 
  .# # #  . 
  . ###   . 
  .  #    . 
  .       . 
  .       . 
  .       . 

Char 163 (sterling), width 7
  .       . 
 __   ### __
  .  #   #. 
  .  #    . 
  .  #    . 
  . ###   . 
  .  #    . 
  . #     . 
  . #   # . 
  .# ###  . 
  .       . 
  .       . 

Char 164 (currency), width 7
  .       . 
 __       __
  .       . 
  . #    #. 
  .  #### . 
  .  #  # . 
  . #  #  . 
  . ####  . 
  .#    # . 
  .       . 
  .       . 
  .       . 

Char 165 (yen), width 7
  .       . 
 __ #   # __
  . #   # . 
  .  # #  . 
  .  # #  . 
  . ##### . 
  .   #   . 
  .#####  . 
  .  #    . 
  .  #    . 
  .       . 
  .       . 

Char 166 (brokenbar), width 7
  .       . 
 __   #   __
  .   #   . 
  .   #   . 
  .   #   . 
  .       . 
  .  #    . 
  .  #    . 
  .  #    . 
  .  #    . 
  .       . 
  .       . 

Char 167 (section), width 7
  .   ##  . 
 __  #  # __
  .  #    . 
  .  ##   . 
  . #  #  . 
  . #  #  . 
  .  ##   . 
  .   #   . 
  .#  #   . 
  . ##    . 
  .       . 
  .       . 

Char 168 (dieresis), width 7
  .       . 
 __ #  #  __
  . #  #  . 
  .       . 
  .       . 
  .       . 
  .       . 
  .       . 
  .       . 
  .       . 
  .       . 
  .       . 

Char 169 (copyright), width 7
  .       . 
 __  #### __
  . #    #. 
  . # ## #. 
  . # #  #. 
  . # #  #. 
  .# #  # . 
  .# ## # . 
  .#    # . 
  . ####  . 
  .       . 
  .       . 

Char 170 (ordfeminine), width 7
  .       . 
 __  ###  __
  .     # . 
  .  #### . 
  . #   # . 
  .  #### . 
  .       . 
  .#####  . 
  .       . 
  .       . 
  .       . 
  .       . 

Char 171 (guillemotleft), width 7
  .       . 
 __       __
  .   # # . 
  .  # #  . 
  . # #   . 
  .# #    . 
  .# #    . 
  . # #   . 
  .  # #  . 
  .       . 
  .       . 
  .       . 

Char 172 (logicalnot), width 7
  .       . 
 __       __
  .       . 
  .       . 
  .       . 
  . ##### . 
  .    #  . 
  .    #  . 
  .       . 
  .       . 
  .       . 
  .       . 

Char 173 (hyphen), width 7
  .       . 
 __       __
  .       . 
  .       . 
  .       . 
  . ####  . 
  .       . 
  .       . 
  .       . 
  .       . 
  .       . 
  .       . 

Char 174 (registered), width 7
  .       . 
 __  #### __
  . #    #. 
  . # ## #. 
  . # # ##. 
  .# # ## . 
  .# ## # . 
  .# # ## . 
  .#    # . 
  . ####  . 
  .       . 
  .       . 

Char 175 (macron), width 7
  .       . 
 __ ##### __
  .       . 
  .       . 
  .       . 
  .       . 
  .       . 
  .       . 
  .       . 
  .       . 
  .       . 
  .       . 

Char 176 (degree), width 7
  .       . 
 __  ##   __
  . #  #  . 
  . #  #  . 
  .  ##   . 
  .       . 
  .       . 
  .       . 
  .       . 
  .       . 
  .       . 
  .       . 

Char 177 (plusminus), width 7
  .       . 
 __       __
  .    #  . 
  .    #  . 
  .  #### . 
  .   #   . 
  .   #   . 
  .       . 
  . ##### . 
  .       . 
  .       . 
  .       . 

Char 178 (twosuperior), width 7
  .   #   . 
 __  # #  __
  .    #  . 
  .  ##   . 
  . #     . 
  . ###   . 
  .       . 
  .       . 
  .       . 
  .       . 
  .       . 
  .       . 

Char 179 (threesuperior), width 7
  .  ##   . 
 __    #  __
  .  ##   . 
  .   #   . 
  . # #   . 
  .  #    . 
  .       . 
  .       . 
  .       . 
  .       . 
  .       . 
  .       . 

Char 180 (acute), width 7
  .   #   . 
 __  #    __
  .       . 
  .       . 
  .       . 
  .       . 
  .       . 
  .       . 
  .       . 
  .       . 
  .       . 
  .       . 

Char 181 (mu), width 7
  .       . 
 __       __
  .       . 
  .       . 
  . #    #. 
  . #    #. 
  . #    #. 
  .#    # . 
  .##  ## . 
  .# ## # . 
  .#      . 
  .       . 

Char 182 (paragraph), width 7
  .       . 
 __ ##### __
  .### #  . 
  .### #  . 
  .### #  . 
  .  # #  . 
  . # #   . 
  . # #   . 
  . # #   . 
  . # #   . 
  .       . 
  .       . 

Char 183 (periodcentered), width 7
  .       . 
 __       __
  .       . 
  .       . 
  .       . 
  .  ##   . 
  .       . 
  .       . 
  .       . 
  .       . 
  .       . 
  .       . 

Char 184 (cedilla), width 7
  .       . 
 __       __
  .       . 
  .       . 
  .       . 
  .       . 
  .       . 
  .       . 
  .       . 
  .       . 
  .   #   . 
  .  #    . 

Char 185 (onesuperior), width 7
  .    #  . 
 __   ##  __
  .    #  . 
  .   #   . 
  .   #   . 
  .  ###  . 
  .       . 
  .       . 
  .       . 
  .       . 
  .       . 
  .       . 

Char 186 (ordmasculine), width 7
  .       . 
 __   ##  __
  .  #  # . 
  .  #  # . 
  .   ##  . 
  .       . 
  . ####  . 
  .       . 
  .       . 
  .       . 
  .       . 
  .       . 

Char 187 (guillemotright), width 7
  .       . 
 __       __
  . # #   . 
  .  # #  . 
  .   # # . 
  .   # # . 
  .  # #  . 
  . # #   . 
  .# #    . 
  .       . 
  .       . 
  .       . 

Char 188 (onequarter), width 7
  .  #    . 
 __ ##    __
  .  #    . 
  . #     . 
  . #   # . 
  .### ## . 
  .   # # . 
  .  # #  . 
  .  ###  . 
  .    #  . 
  .       . 
  .       . 

Char 189 (onehalf), width 7
  .  #    . 
 __ ##    __
  .  #    . 
  . #     . 
  . #  #  . 
  .#### # . 
  .     # . 
  .   ##  . 
  .  #    . 
  .  ###  . 
  .       . 
  .       . 

Char 190 (threequarters), width 7
  . ##    . 
 __   #   __
  . ##    . 
  .  #    . 
  .# #  # . 
  . #  ## . 
  .   # # . 
  .  # #  . 
  .  ###  . 
  .    #  . 
  .       . 
  .       . 

Char 191 (questiondown), width 7
  .       . 
 __   #   __
  .       . 
  .   #   . 
  .   #   . 
  .  #    . 
  . #     . 
  .#    # . 
  .#    # . 
  . ####  . 
  .       . 
  .       . 

Char 192 (Agrave), width 7
  .   #   . 
 __    #  __
  .       . 
  .   ##  . 
  .  #  # . 
  . #    #. 
  . #    #. 
  . ##### . 
  .#    # . 
  .#    # . 
  .       . 
  .       . 

Char 193 (Aacute), width 7
  .    #  . 
 __   #   __
  .       . 
  .   ##  . 
  .  #  # . 
  . #    #. 
  . #    #. 
  . ##### . 
  .#    # . 
  .#    # . 
  .       . 
  .       . 

Char 194 (Acircumflex), width 7
  .   ##  . 
 __  #  # __
  .       . 
  .   ##  . 
  .  #  # . 
  . #    #. 
  . #    #. 
  . ##### . 
  .#    # . 
  .#    # . 
  .       . 
  .       . 

Char 195 (Atilde), width 7
  .  ##  #. 
 __ #  ## __
  .       . 
  .   ##  . 
  .  #  # . 
  . #    #. 
  . #    #. 
  . ##### . 
  .#    # . 
  .#    # . 
  .       . 
  .       . 

Char 196 (Adieresis), width 7
  .  #  # . 
 __  #  # __
  .       . 
  .   ##  . 
  .  #  # . 
  . #    #. 
  . #    #. 
  . ##### . 
  .#    # . 
  .#    # . 
  .       . 
  .       . 

Char 197 (Aring), width 7
  .   ##  . 
 __  #  # __
  .   ##  . 
  .   ##  . 
  .  #  # . 
  . #    #. 
  . #    #. 
  . ##### . 
  .#    # . 
  .#    # . 
  .       . 
  .       . 

Char 198 (AE), width 7
  .       . 
 __  # ###__
  . # #   . 
  . # #   . 
  . # #   . 
  . ##### . 
  .# #    . 
  .# #    . 
  .# #    . 
  .# #### . 
  .       . 
  .       . 

Char 199 (Ccedilla), width 7
  .       . 
 __  #### __
  . #    #. 
  . #     . 
  . #     . 
  . #     . 
  .#      . 
  .#      . 
  .#    # . 
  . ####  . 
  .   #   . 
  .  #    . 

Char 200 (Egrave), width 7
  .   #   . 
 __    #  __
  .       . 
  . ######. 
  . #     . 
  . #     . 
  . ###   . 
  .#      . 
  .#      . 
  .###### . 
  .       . 
  .       . 

Char 201 (Eacute), width 7
  .    #  . 
 __   #   __
  .       . 
  . ######. 
  . #     . 
  . #     . 
  . ###   . 
  .#      . 
  .#      . 
  .###### . 
  .       . 
  .       . 

Char 202 (Ecircumflex), width 7
  .   ##  . 
 __  #  # __
  .       . 
  . ######. 
  . #     . 
  . #     . 
  . ###   . 
  .#      . 
  .#      . 
  .###### . 
  .       . 
  .       . 

Char 203 (Edieresis), width 7
  .  #  # . 
 __  #  # __
  .       . 
  . ######. 
  . #     . 
  . #     . 
  . ###   . 
  .#      . 
  .#      . 
  .###### . 
  .       . 
  .       . 

Char 204 (Igrave), width 7
  .  #    . 
 __   #   __
  .       . 
  . ##### . 
  .   #   . 
  .   #   . 
  .  #    . 
  .  #    . 
  .  #    . 
  .#####  . 
  .       . 
  .       . 

Char 205 (Iacute), width 7
  .   #   . 
 __  #    __
  .       . 
  . ##### . 
  .   #   . 
  .   #   . 
  .  #    . 
  .  #    . 
  .  #    . 
  .#####  . 
  .       . 
  .       . 

Char 206 (Icircumflex), width 7
  .   #   . 
 __  # #  __
  .       . 
  . ##### . 
  .   #   . 
  .   #   . 
  .  #    . 
  .  #    . 
  .  #    . 
  .#####  . 
  .       . 
  .       . 

Char 207 (Idieresis), width 7
  . #   # . 
 __ #   # __
  .       . 
  . ##### . 
  .   #   . 
  .   #   . 
  .  #    . 
  .  #    . 
  .  #    . 
  .#####  . 
  .       . 
  .       . 

Char 208 (Eth), width 7
  .       . 
 __ ##### __
  .  #   #. 
  .  #   #. 
  .  #   #. 
  .####  #. 
  . #   # . 
  . #   # . 
  . #   # . 
  .#####  . 
  .       . 
  .       . 

Char 209 (Ntilde), width 7
  .  ##  #. 
 __ #  ## __
  .       . 
  . #    #. 
  . ##   #. 
  . # #  #. 
  . # #  #. 
  .#   ## . 
  .#   ## . 
  .#    # . 
  .       . 
  .       . 

Char 210 (Ograve), width 7
  .   #   . 
 __    #  __
  .       . 
  .  #### . 
  . #    #. 
  . #    #. 
  .#    # . 
  .#    # . 
  .#    # . 
  . ####  . 
  .       . 
  .       . 

Char 211 (Oacute), width 7
  .    #  . 
 __   #   __
  .       . 
  .  #### . 
  . #    #. 
  . #    #. 
  .#    # . 
  .#    # . 
  .#    # . 
  . ####  . 
  .       . 
  .       . 

Char 212 (Ocircumflex), width 7
  .   ##  . 
 __  #  # __
  .       . 
  .  #### . 
  . #    #. 
  . #    #. 
  .#    # . 
  .#    # . 
  .#    # . 
  . ####  . 
  .       . 
  .       . 

Char 213 (Otilde), width 7
  .  ##  #. 
 __ #  ## __
  .       . 
  .  #### . 
  . #    #. 
  . #    #. 
  .#    # . 
  .#    # . 
  .#    # . 
  . ####  . 
  .       . 
  .       . 

Char 214 (Odieresis), width 7
  .  #  # . 
 __  #  # __
  .       . 
  .  #### . 
  . #    #. 
  . #    #. 
  .#    # . 
  .#    # . 
  .#    # . 
  . ####  . 
  .       . 
  .       . 

Char 215 (multiply), width 7
  .       . 
 __       __
  .       . 
  . #    #. 
  .  #  # . 
  .   ##  . 
  .  ##   . 
  . #  #  . 
  .#    # . 
  .       . 
  .       . 
  .       . 

Char 216 (Oslash), width 7
  .      #. 
 __  #### __
  . #   ##. 
  . #  # #. 
  . #  # #. 
  . # #  #. 
  .# #  # . 
  .# #  # . 
  .##   # . 
  . ####  . 
  .#      . 
  .       . 

Char 217 (Ugrave), width 7
  .   #   . 
 __    #  __
  .       . 
  . #    #. 
  . #    #. 
  . #    #. 
  .#    # . 
  .#    # . 
  .#    # . 
  . ####  . 
  .       . 
  .       . 

Char 218 (Uacute), width 7
  .    #  . 
 __   #   __
  .       . 
  . #    #. 
  . #    #. 
  . #    #. 
  .#    # . 
  .#    # . 
  .#    # . 
  . ####  . 
  .       . 
  .       . 

Char 219 (Ucircumflex), width 7
  .   ##  . 
 __  #  # __
  .       . 
  . #    #. 
  . #    #. 
  . #    #. 
  .#    # . 
  .#    # . 
  .#    # . 
  . ####  . 
  .       . 
  .       . 

Char 220 (Udieresis), width 7
  .  #  # . 
 __  #  # __
  .       . 
  . #    #. 
  . #    #. 
  . #    #. 
  .#    # . 
  .#    # . 
  .#    # . 
  . ####  . 
  .       . 
  .       . 

Char 221 (Yacute), width 7
  .    #  . 
 __   #   __
  .       . 
  . #   # . 
  . #   # . 
  .  # #  . 
  .   #   . 
  .   #   . 
  .  #    . 
  .  #    . 
  .       . 
  .       . 

Char 222 (Thorn), width 7
  .       . 
 __ #     __
  . ##### . 
  . #    #. 
  . #    #. 
  . #    #. 
  . ##### . 
  .#      . 
  .#      . 
  .#      . 
  .       . 
  .       . 

Char 223 (germandbls), width 7
  .       . 
 __   ##  __
  .  #  # . 
  .  #  # . 
  .  # #  . 
  .  # #  . 
  . #  #  . 
  . #   # . 
  . #   # . 
  . # ##  . 
  .       . 
  .       . 

Char 224 (agrave), width 7
  .       . 
 __   #   __
  .    #  . 
  .       . 
  .  #### . 
  .      #. 
  . ##### . 
  .#    # . 
  .#   ## . 
  . ### # . 
  .       . 
  .       . 

Char 225 (aacute), width 7
  .       . 
 __    #  __
  .   #   . 
  .       . 
  .  #### . 
  .      #. 
  . ##### . 
  .#    # . 
  .#   ## . 
  . ### # . 
  .       . 
  .       . 

Char 226 (acircumflex), width 7
  .       . 
 __   ##  __
  .  #  # . 
  .       . 
  .  #### . 
  .      #. 
  . ##### . 
  .#    # . 
  .#   ## . 
  . ### # . 
  .       . 
  .       . 

Char 227 (atilde), width 7
  .       . 
 __  ##  #__
  . #  ## . 
  .       . 
  .  #### . 
  .      #. 
  . ##### . 
  .#    # . 
  .#   ## . 
  . ### # . 
  .       . 
  .       . 

Char 228 (adieresis), width 7
  .       . 
 __  #  # __
  .  #  # . 
  .       . 
  .  #### . 
  .      #. 
  . ##### . 
  .#    # . 
  .#   ## . 
  . ### # . 
  .       . 
  .       . 

Char 229 (aring), width 7
  .   ##  . 
 __  #  # __
  .   ##  . 
  .       . 
  .  #### . 
  .      #. 
  . ##### . 
  .#    # . 
  .#   ## . 
  . ### # . 
  .       . 
  .       . 

Char 230 (ae), width 7
  .       . 
 __       __
  .       . 
  .       . 
  .  ## # . 
  .    # #. 
  . ##### . 
  .#  #   . 
  .#  # # . 
  . ## #  . 
  .       . 
  .       . 

Char 231 (ccedilla), width 7
  .       . 
 __       __
  .       . 
  .       . 
  .  #### . 
  . #    #. 
  .#      . 
  .#      . 
  .#    # . 
  . ####  . 
  .   #   . 
  .  #    . 

Char 232 (egrave), width 7
  .       . 
 __   #   __
  .    #  . 
  .       . 
  .  #### . 
  . #    #. 
  . ##### . 
  .#      . 
  .#    # . 
  . ####  . 
  .       . 
  .       . 

Char 233 (eacute), width 7
  .       . 
 __    #  __
  .   #   . 
  .       . 
  .  #### . 
  . #    #. 
  . ##### . 
  .#      . 
  .#    # . 
  . ####  . 
  .       . 
  .       . 

Char 234 (ecircumflex), width 7
  .       . 
 __   ##  __
  .  #  # . 
  .       . 
  .  #### . 
  . #    #. 
  . ##### . 
  .#      . 
  .#    # . 
  . ####  . 
  .       . 
  .       . 

Char 235 (edieresis), width 7
  .       . 
 __  #  # __
  .  #  # . 
  .       . 
  .  #### . 
  . #    #. 
  . ##### . 
  .#      . 
  .#    # . 
  . ####  . 
  .       . 
  .       . 

Char 236 (igrave), width 7
  .       . 
 __   #   __
  .    #  . 
  .       . 
  .   ##  . 
  .    #  . 
  .   #   . 
  .   #   . 
  .   #   . 
  . ##### . 
  .       . 
  .       . 

Char 237 (iacute), width 7
  .       . 
 __    #  __
  .   #   . 
  .       . 
  .   ##  . 
  .    #  . 
  .   #   . 
  .   #   . 
  .   #   . 
  . ##### . 
  .       . 
  .       . 

Char 238 (icircumflex), width 7
  .       . 
 __   ##  __
  .  #  # . 
  .       . 
  .   ##  . 
  .    #  . 
  .   #   . 
  .   #   . 
  .   #   . 
  . ##### . 
  .       . 
  .       . 

Char 239 (idieresis), width 7
  .       . 
 __  #  # __
  .  #  # . 
  .       . 
  .   ##  . 
  .    #  . 
  .   #   . 
  .   #   . 
  .   #   . 
  . ##### . 
  .       . 
  .       . 

Char 240 (eth), width 7
  .  #  # . 
 __   ##  __
  .  # #  . 
  .     # . 
  .  #### . 
  . #    #. 
  . #    #. 
  .#    # . 
  .#    # . 
  . ####  . 
  .       . 
  .       . 

Char 241 (ntilde), width 7
  .       . 
 __  ##  #__
  . #  ## . 
  .       . 
  . # ### . 
  . ##   #. 
  . #    #. 
  .#    # . 
  .#    # . 
  .#    # . 
  .       . 
  .       . 

Char 242 (ograve), width 7
  .       . 
 __   #   __
  .    #  . 
  .       . 
  .  #### . 
  . #    #. 
  . #    #. 
  .#    # . 
  .#    # . 
  . ####  . 
  .       . 
  .       . 

Char 243 (oacute), width 7
  .       . 
 __    #  __
  .   #   . 
  .       . 
  .  #### . 
  . #    #. 
  . #    #. 
  .#    # . 
  .#    # . 
  . ####  . 
  .       . 
  .       . 

Char 244 (ocircumflex), width 7
  .       . 
 __   ##  __
  .  #  # . 
  .       . 
  .  #### . 
  . #    #. 
  . #    #. 
  .#    # . 
  .#    # . 
  . ####  . 
  .       . 
  .       . 

Char 245 (otilde), width 7
  .       . 
 __  ##  #__
  . #  ## . 
  .       . 
  .  #### . 
  . #    #. 
  . #    #. 
  .#    # . 
  .#    # . 
  . ####  . 
  .       . 
  .       . 

Char 246 (odieresis), width 7
  .       . 
 __  #  # __
  .  #  # . 
  .       . 
  .  #### . 
  . #    #. 
  . #    #. 
  .#    # . 
  .#    # . 
  . ####  . 
  .       . 
  .       . 

Char 247 (divide), width 7
  .       . 
 __       __
  .   #   . 
  .   #   . 
  .       . 
  . ####  . 
  .       . 
  .  #    . 
  .  #    . 
  .       . 
  .       . 
  .       . 

Char 248 (oslash), width 7
  .       . 
 __       __
  .       . 
  .      #. 
  .  #### . 
  . #  # #. 
  . # #  #. 
  .# #  # . 
  .##   # . 
  . ####  . 
  .#      . 
  .       . 

Char 249 (ugrave), width 7
  .       . 
 __   #   __
  .    #  . 
  .       . 
  . #    #. 
  . #    #. 
  . #    #. 
  .#    # . 
  .#   ## . 
  . ### # . 
  .       . 
  .       . 

Char 250 (uacute), width 7
  .       . 
 __    #  __
  .   #   . 
  .       . 
  . #    #. 
  . #    #. 
  . #    #. 
  .#    # . 
  .#   ## . 
  . ### # . 
  .       . 
  .       . 

Char 251 (ucircumflex), width 7
  .       . 
 __   ##  __
  .  #  # . 
  .       . 
  . #    #. 
  . #    #. 
  . #    #. 
  .#    # . 
  .#   ## . 
  . ### # . 
  .       . 
  .       . 

Char 252 (udieresis), width 7
  .       . 
 __  #  # __
  .  #  # . 
  .       . 
  . #    #. 
  . #    #. 
  . #    #. 
  .#    # . 
  .#   ## . 
  . ### # . 
  .       . 
  .       . 

Char 253 (yacute), width 7
  .       . 
 __    #  __
  .   #   . 
  .       . 
  . #    #. 
  . #    #. 
  .#    # . 
  .#   ## . 
  . ### # . 
  .     # . 
  .#    # . 
  . ####  . 

Char 254 (thorn), width 7
  .       . 
 __       __
  . #     . 
  . #     . 
  . # ### . 
  . ##   #. 
  . #    #. 
  .#    # . 
  .##   # . 
  .# ###  . 
  .#      . 
  .#      . 

Char 255 (ydieresis), width 7
  .       . 
 __  #  # __
  .  #  # . 
  .       . 
  . #    #. 
  . #    #. 
  .#    # . 
  .#   ## . 
  . ### # . 
  .     # . 
  .#    # . 
  . ####  . 
