Font: tiny5_Regular (Latin-1-bdf-sources/tiny5-Regular.bdf)
Declared name: -tiny5-regular-r-regular--9-9-75-75-c-80-iso10646-1
Declared family: tiny5
Declared weight: regular
Declared size: None
Characters: 14
Height: 5
Baseline: 5
Max width: 4
Fixed width: False

Char 43 (U+002B), width 4
  .    . 
  . #  . 
  .### . 
  . #  . 
 __    __

Char 45 (U+002D), width 4
  .    . 
  .    . 
  .### . 
  .    . 
 __    __

Char 46 (U+002E), width 2
  .  . 
  .  . 
  .  . 
  .  . 
 __# __

Char 48 (U+0030), width 4
  . #  . 
  .# # . 
  .# # . 
  .# # . 
 __ #  __

Char 49 (U+0031), width 4
  . #  . 
  .##  . 
  . #  . 
  . #  . 
 __ #  __

Char 50 (U+0032), width 4
  .##  . 
  .  # . 
  . #  . 
  .#   . 
 __### __

Char 51 (U+0033), width 4
  .##  . 
  .  # . 
  . #  . 
  .  # . 
 __##  __

Char 52 (U+0034), width 4
  .  # . 
  . ## . 
  .# # . 
  .### . 
 __  # __

Char 53 (U+0035), width 4
  .### . 
  .#   . 
  .##  . 
  .  # . 
 __##  __

Char 54 (U+0036), width 4
  . ## . 
  .#   . 
  .##  . 
  .# # . 
 __ #  __

Char 55 (U+0037), width 4
  .### . 
  .  # . 
  . #  . 
  . #  . 
 __ #  __

Char 56 (U+0038), width 4
  . #  . 
  .# # . 
  . #  . 
  .# # . 
 __ #  __

Char 57 (U+0039), width 4
  . #  . 
  .# # . 
  . ## . 
  .  # . 
 __##  __

Char 58 (U+003A), width 2
  .  . 
  .# . 
  .  . 
  .  . 
 __# __
